
> bot@0.0.1 build
> rsbuild build

Rsbuild v1.6.14

(node:6808) [MODULE_TYPELESS_PACKAGE_JSON] Warning: Module type of file:///C:/Users/user/Desktop/derivsite/DDBOt-master/rsbuild.config.ts?t=1775483986382 is not specified and it doesn't parse as CommonJS.
Reparsing as ES module because module syntax was detected. This incurs a performance overhead.
To eliminate this warning, add "type": "module" to C:\Users\user\Desktop\derivsite\DDBOt-master\package.json.
(Use `node --trace-warnings ...` to show where the warning was created)
warn    [2m[rsbuild:config][22m The [33m"source.alias"[39m config is deprecated, use [33m"resolve.alias"[39m instead.
info    build started...
error   [1m[31mBuild error: [39m[22m
File: [36m./src/pages/main/main.tsx:408:67-106[39m
  × ESModulesLinkingError: export 'LabelPairedCalculatorCaptionRegularIcon' (imported as 'LabelPairedCalculatorCaptionRegularIcon') was not found in '@deriv/quill-icons/LabelPaired' (possible exports: LabelPairedAndroidCaptionIcon, LabelPairedAndroidLgIcon, LabelPairedAndroidMdIcon, LabelPairedAndroidSmIcon, LabelPairedAndroidXlIcon, LabelPairedAppStoreCaptionIcon, LabelPairedAppStoreIosCaptionIcon, LabelPairedAppStoreIosLgIcon, LabelPairedAppStoreIosMdIcon, LabelPairedAppStoreIosSmIcon, LabelPairedAppStoreIosXlIcon, LabelPairedAppStoreLgIcon, LabelPairedAppStoreMdIcon, LabelPairedAppStoreSmIcon, LabelPairedAppStoreXlIcon, LabelPairedAppleCaptionIcon, LabelPairedAppleLgIcon, LabelPairedAppleMdIcon, LabelPairedApplePayCaptionIcon, LabelPairedApplePayLgIcon, LabelPairedApplePayMdIcon, LabelPairedApplePaySmIcon, LabelPairedApplePayXlIcon, LabelPairedAppleSmIcon, LabelPairedAppleXlIcon, LabelPairedArrowDownAZCaptionBoldIcon, LabelPairedArrowDownAZCaptionFillIcon, LabelPairedArrowDownAZCaptionRegularIcon, LabelPairedArrowDownAZLgBoldIcon, LabelPairedArrowDownAZLgFillIcon, LabelPairedArrowDownAZLgRegularIcon, LabelPairedArrowDownAZMdBoldIcon, LabelPairedArrowDownAZMdFillIcon, LabelPairedArrowDownAZMdRegularIcon, LabelPairedArrowDownAZSmBoldIcon, LabelPairedArrowDownAZSmFillIcon, LabelPairedArrowDownAZSmRegularIcon, LabelPairedArrowDownAZXlBoldIcon, LabelPairedArrowDownAZXlFillIcon, LabelPairedArrowDownAZXlRegularIcon, LabelPairedArrowDownCaptionBoldIcon, LabelPairedArrowDownCaptionFillIcon, LabelPairedArrowDownCaptionRegularIcon, LabelPairedArrowDownLeftCaptionBoldIcon, LabelPairedArrowDownLeftCaptionFillIcon, LabelPairedArrowDownLeftCaptionRegularIcon, LabelPairedArrowDownLeftLgBoldIcon, LabelPairedArrowDownLeftLgFillIcon, LabelPairedArrowDownLeftLgRegularIcon, LabelPairedArrowDownLeftMdBoldIcon, LabelPairedArrowDownLeftMdFillIcon, LabelPairedArrowDownLeftMdRegularIcon, LabelPairedArrowDownLeftSmBoldIcon, LabelPairedArrowDownLeftSmFillIcon, LabelPairedArrowDownLeftSmRegularIcon, LabelPairedArrowDownLeftXlBoldIcon, LabelPairedArrowDownLeftXlFillIcon, LabelPairedArrowDownLeftXlRegularIcon, LabelPairedArrowDownLgBoldIcon, LabelPairedArrowDownLgFillIcon, LabelPairedArrowDownLgRegularIcon, LabelPairedArrowDownMdBoldIcon, LabelPairedArrowDownMdFillIcon, LabelPairedArrowDownMdRegularIcon, LabelPairedArrowDownOneNineCaptionBoldIcon, LabelPairedArrowDownOneNineCaptionFillIcon, LabelPairedArrowDownOneNineCaptionRegularIcon, LabelPairedArrowDownOneNineLgBoldIcon, LabelPairedArrowDownOneNineLgFillIcon, LabelPairedArrowDownOneNineLgRegularIcon, LabelPairedArrowDownOneNineMdBoldIcon, LabelPairedArrowDownOneNineMdFillIcon, LabelPairedArrowDownOneNineMdRegularIcon, LabelPairedArrowDownOneNineSmBoldIcon, LabelPairedArrowDownOneNineSmFillIcon, LabelPairedArrowDownOneNineSmRegularIcon, LabelPairedArrowDownOneNineXlBoldIcon, LabelPairedArrowDownOneNineXlFillIcon, LabelPairedArrowDownOneNineXlRegularIcon, LabelPairedArrowDownRightCaptionBoldIcon, LabelPairedArrowDownRightCaptionFillIcon, LabelPairedArrowDownRightCaptionRegularIcon, LabelPairedArrowDownRightLgBoldIcon, LabelPairedArrowDownRightLgFillIcon, LabelPairedArrowDownRightLgRegularIcon, LabelPairedArrowDownRightMdBoldIcon, LabelPairedArrowDownRightMdFillIcon, LabelPairedArrowDownRightMdRegularIcon, LabelPairedArrowDownRightSmBoldIcon, LabelPairedArrowDownRightSmFillIcon, LabelPairedArrowDownRightSmRegularIcon, LabelPairedArrowDownRightXlBoldIcon, LabelPairedArrowDownRightXlFillIcon, LabelPairedArrowDownRightXlRegularIcon, LabelPairedArrowDownSmBoldIcon, LabelPairedArrowDownSmFillIcon, LabelPairedArrowDownSmRegularIcon, LabelPairedArrowDownToBracketCaptionBoldIcon, LabelPairedArrowDownToBracketCaptionFillIcon, LabelPairedArrowDownToBracketCaptionRegularIcon, LabelPairedArrowDownToBracketLgBoldIcon, LabelPairedArrowDownToBracketLgFillIcon, LabelPairedArrowDownToBracketLgRegularIcon, LabelPairedArrowDownToBracketMdBoldIcon, LabelPairedArrowDownToBracketMdFillIcon, LabelPairedArrowDownToBracketMdRegularIcon, LabelPairedArrowDownToBracketSmBoldIcon, LabelPairedArrowDownToBracketSmFillIcon, LabelPairedArrowDownToBracketSmRegularIcon, LabelPairedArrowDownToBracketXlBoldIcon, LabelPairedArrowDownToBracketXlFillIcon, LabelPairedArrowDownToBracketXlRegularIcon, LabelPairedArrowDownToLineCaptionBoldIcon, LabelPairedArrowDownToLineCaptionFillIcon, LabelPairedArrowDownToLineCaptionRegularIcon, LabelPairedArrowDownToLineLgBoldIcon, LabelPairedArrowDownToLineLgFillIcon, LabelPairedArrowDownToLineLgRegularIcon, LabelPairedArrowDownToLineMdBoldIcon, LabelPairedArrowDownToLineMdFillIcon, LabelPairedArrowDownToLineMdRegularIcon, LabelPairedArrowDownToLineSmBoldIcon, LabelPairedArrowDownToLineSmFillIcon, LabelPairedArrowDownToLineSmRegularIcon, LabelPairedArrowDownToLineXlBoldIcon, LabelPairedArrowDownToLineXlFillIcon, LabelPairedArrowDownToLineXlRegularIcon, LabelPairedArrowDownXlBoldIcon, LabelPairedArrowDownXlFillIcon, LabelPairedArrowDownXlRegularIcon, LabelPairedArrowLeftCaptionBoldIcon, LabelPairedArrowLeftCaptionFillIcon, LabelPairedArrowLeftCaptionRegularIcon, LabelPairedArrowLeftLgBoldIcon, LabelPairedArrowLeftLgFillIcon, LabelPairedArrowLeftLgRegularIcon, LabelPairedArrowLeftMdBoldIcon, LabelPairedArrowLeftMdFillIcon, LabelPairedArrowLeftMdRegularIcon, LabelPairedArrowLeftSmBoldIcon, LabelPairedArrowLeftSmFillIcon, LabelPairedArrowLeftSmRegularIcon, LabelPairedArrowLeftToLineCaptionBoldIcon, LabelPairedArrowLeftToLineCaptionFillIcon, LabelPairedArrowLeftToLineCaptionRegularIcon, LabelPairedArrowLeftToLineLgBoldIcon, LabelPairedArrowLeftToLineLgFillIcon, LabelPairedArrowLeftToLineLgRegularIcon, LabelPairedArrowLeftToLineMdBoldIcon, LabelPairedArrowLeftToLineMdFillIcon, LabelPairedArrowLeftToLineMdRegularIcon, LabelPairedArrowLeftToLineSmBoldIcon, LabelPairedArrowLeftToLineSmFillIcon, LabelPairedArrowLeftToLineSmRegularIcon, LabelPairedArrowLeftToLineXlBoldIcon, LabelPairedArrowLeftToLineXlFillIcon, LabelPairedArrowLeftToLineXlRegularIcon, LabelPairedArrowLeftXlBoldIcon, LabelPairedArrowLeftXlFillIcon, LabelPairedArrowLeftXlRegularIcon, LabelPairedArrowRightArrowLeftCaptionBoldIcon, LabelPairedArrowRightArrowLeftCaptionFillIcon, LabelPairedArrowRightArrowLeftCaptionRegularIcon, LabelPairedArrowRightArrowLeftLgBoldIcon, LabelPairedArrowRightArrowLeftLgFillIcon, LabelPairedArrowRightArrowLeftLgRegularIcon, LabelPairedArrowRightArrowLeftMdBoldIcon, LabelPairedArrowRightArrowLeftMdFillIcon, LabelPairedArrowRightArrowLeftMdRegularIcon, LabelPairedArrowRightArrowLeftSmBoldIcon, LabelPairedArrowRightArrowLeftSmFillIcon, LabelPairedArrowRightArrowLeftSmRegularIcon, LabelPairedArrowRightArrowLeftXlBoldIcon, LabelPairedArrowRightArrowLeftXlFillIcon, LabelPairedArrowRightArrowLeftXlRegularIcon, LabelPairedArrowRightCaptionBoldIcon, LabelPairedArrowRightCaptionFillIcon, LabelPairedArrowRightCaptionRegularIcon, LabelPairedArrowRightLgBoldIcon, LabelPairedArrowRightLgFillIcon, LabelPairedArrowRightLgRegularIcon, LabelPairedArrowRightMdBoldIcon, LabelPairedArrowRightMdFillIcon, LabelPairedArrowRightMdRegularIcon, LabelPairedArrowRightSmBoldIcon, LabelPairedArrowRightSmFillIcon, LabelPairedArrowRightSmRegularIcon, LabelPairedArrowRightToLineCaptionBoldIcon, LabelPairedArrowRightToLineCaptionFillIcon, LabelPairedArrowRightToLineCaptionRegularIcon, LabelPairedArrowRightToLineLgBoldIcon, LabelPairedArrowRightToLineLgFillIcon, LabelPairedArrowRightToLineLgRegularIcon, LabelPairedArrowRightToLineMdBoldIcon, LabelPairedArrowRightToLineMdFillIcon, LabelPairedArrowRightToLineMdRegularIcon, LabelPairedArrowRightToLineSmBoldIcon, LabelPairedArrowRightToLineSmFillIcon, LabelPairedArrowRightToLineSmRegularIcon, LabelPairedArrowRightToLineXlBoldIcon, LabelPairedArrowRightToLineXlFillIcon, LabelPairedArrowRightToLineXlRegularIcon, LabelPairedArrowRightXlBoldIcon, LabelPairedArrowRightXlFillIcon, LabelPairedArrowRightXlRegularIcon, LabelPairedArrowRotateLeftCaptionBoldIcon, LabelPairedArrowRotateLeftCaptionFillIcon, LabelPairedArrowRotateLeftCaptionRegularIcon, LabelPairedArrowRotateLeftLgBoldIcon, LabelPairedArrowRotateLeftLgFillIcon, LabelPairedArrowRotateLeftLgRegularIcon, LabelPairedArrowRotateLeftMdBoldIcon, LabelPairedArrowRotateLeftMdFillIcon, LabelPairedArrowRotateLeftMdRegularIcon, LabelPairedArrowRotateLeftSmBoldIcon, LabelPairedArrowRotateLeftSmFillIcon, LabelPairedArrowRotateLeftSmRegularIcon, LabelPairedArrowRotateLeftXlBoldIcon, LabelPairedArrowRotateLeftXlFillIcon, LabelPairedArrowRotateLeftXlRegularIcon, LabelPairedArrowRotateRightCaptionBoldIcon, LabelPairedArrowRotateRightCaptionFillIcon, LabelPairedArrowRotateRightCaptionRegularIcon, LabelPairedArrowRotateRightLgBoldIcon, LabelPairedArrowRotateRightLgFillIcon, LabelPairedArrowRotateRightLgRegularIcon, LabelPairedArrowRotateRightMdBoldIcon, LabelPairedArrowRotateRightMdFillIcon, LabelPairedArrowRotateRightMdRegularIcon, LabelPairedArrowRotateRightSmBoldIcon, LabelPairedArrowRotateRightSmFillIcon, LabelPairedArrowRotateRightSmRegularIcon, LabelPairedArrowRotateRightXlBoldIcon, LabelPairedArrowRotateRightXlFillIcon, LabelPairedArrowRotateRightXlRegularIcon, LabelPairedArrowUpAZCaptionBoldIcon, LabelPairedArrowUpAZCaptionFillIcon, LabelPairedArrowUpAZCaptionRegularIcon, LabelPairedArrowUpAZLgBoldIcon, LabelPairedArrowUpAZLgFillIcon, LabelPairedArrowUpAZLgRegularIcon, LabelPairedArrowUpAZMdBoldIcon, LabelPairedArrowUpAZMdFillIcon, LabelPairedArrowUpAZMdRegularIcon, LabelPairedArrowUpAZSmBoldIcon, LabelPairedArrowUpAZSmFillIcon, LabelPairedArrowUpAZSmRegularIcon, LabelPairedArrowUpAZXlBoldIcon, LabelPairedArrowUpAZXlFillIcon, LabelPairedArrowUpAZXlRegularIcon, LabelPairedArrowUpArrowDownCaptionBoldIcon, LabelPairedArrowUpArrowDownCaptionFillIcon, LabelPairedArrowUpArrowDownCaptionRegularIcon, LabelPairedArrowUpArrowDownLgBoldIcon, LabelPairedArrowUpArrowDownLgFillIcon, LabelPairedArrowUpArrowDownLgRegularIcon, LabelPairedArrowUpArrowDownMdBoldIcon, LabelPairedArrowUpArrowDownMdFillIcon, LabelPairedArrowUpArrowDownMdRegularIcon, LabelPairedArrowUpArrowDownSmBoldIcon, LabelPairedArrowUpArrowDownSmFillIcon, LabelPairedArrowUpArrowDownSmRegularIcon, LabelPairedArrowUpArrowDownXlBoldIcon, LabelPairedArrowUpArrowDownXlFillIcon, LabelPairedArrowUpArrowDownXlRegularIcon, LabelPairedArrowUpCaptionBoldIcon, LabelPairedArrowUpCaptionFillIcon, LabelPairedArrowUpCaptionRegularIcon, LabelPairedArrowUpFromBracketCaptionBoldIcon, LabelPairedArrowUpFromBracketCaptionFillIcon, LabelPairedArrowUpFromBracketCaptionRegularIcon, LabelPairedArrowUpFromBracketLgBoldIcon, LabelPairedArrowUpFromBracketLgFillIcon, LabelPairedArrowUpFromBracketLgRegularIcon, LabelPairedArrowUpFromBracketMdBoldIcon, LabelPairedArrowUpFromBracketMdFillIcon, LabelPairedArrowUpFromBracketMdRegularIcon, LabelPairedArrowUpFromBracketSmBoldIcon, LabelPairedArrowUpFromBracketSmFillIcon, LabelPairedArrowUpFromBracketSmRegularIcon, LabelPairedArrowUpFromBracketXlBoldIcon, LabelPairedArrowUpFromBracketXlFillIcon, LabelPairedArrowUpFromBracketXlRegularIcon, LabelPairedArrowUpFromSquareCaptionBoldIcon, LabelPairedArrowUpFromSquareCaptionFillIcon, LabelPairedArrowUpFromSquareCaptionRegularIcon, LabelPairedArrowUpFromSquareLgBoldIcon, LabelPairedArrowUpFromSquareLgFillIcon, LabelPairedArrowUpFromSquareLgRegularIcon, LabelPairedArrowUpFromSquareMdBoldIcon, LabelPairedArrowUpFromSquareMdFillIcon, LabelPairedArrowUpFromSquareMdRegularIcon, LabelPairedArrowUpFromSquareSmBoldIcon, LabelPairedArrowUpFromSquareSmFillIcon, LabelPairedArrowUpFromSquareSmRegularIcon, LabelPairedArrowUpFromSquareXlBoldIcon, LabelPairedArrowUpFromSquareXlFillIcon, LabelPairedArrowUpFromSquareXlRegularIcon, LabelPairedArrowUpLeftCaptionBoldIcon, LabelPairedArrowUpLeftCaptionFillIcon, LabelPairedArrowUpLeftCaptionRegularIcon, LabelPairedArrowUpLeftLgBoldIcon, LabelPairedArrowUpLeftLgFillIcon, LabelPairedArrowUpLeftLgRegularIcon, LabelPairedArrowUpLeftMdBoldIcon, LabelPairedArrowUpLeftMdFillIcon, LabelPairedArrowUpLeftMdRegularIcon, LabelPairedArrowUpLeftSmBoldIcon, LabelPairedArrowUpLeftSmFillIcon, LabelPairedArrowUpLeftSmRegularIcon, LabelPairedArrowUpLeftXlBoldIcon, LabelPairedArrowUpLeftXlFillIcon, LabelPairedArrowUpLeftXlRegularIcon, LabelPairedArrowUpLgBoldIcon, LabelPairedArrowUpLgFillIcon, LabelPairedArrowUpLgRegularIcon, LabelPairedArrowUpMdBoldIcon, LabelPairedArrowUpMdFillIcon, LabelPairedArrowUpMdRegularIcon, LabelPairedArrowUpOneNineCaptionBoldIcon, LabelPairedArrowUpOneNineCaptionFillIcon, LabelPairedArrowUpOneNineCaptionRegularIcon, LabelPairedArrowUpOneNineLgBoldIcon, LabelPairedArrowUpOneNineLgFillIcon, LabelPairedArrowUpOneNineLgRegularIcon, LabelPairedArrowUpOneNineMdBoldIcon, LabelPairedArrowUpOneNineMdFillIcon, LabelPairedArrowUpOneNineMdRegularIcon, LabelPairedArrowUpOneNineSmBoldIcon, LabelPairedArrowUpOneNineSmFillIcon, LabelPairedArrowUpOneNineSmRegularIcon, LabelPairedArrowUpOneNineXlBoldIcon, LabelPairedArrowUpOneNineXlFillIcon, LabelPairedArrowUpOneNineXlRegularIcon, LabelPairedArrowUpRightCaptionBoldIcon, LabelPairedArrowUpRightCaptionFillIcon, LabelPairedArrowUpRightCaptionRegularIcon, LabelPairedArrowUpRightFromSquareCaptionBoldIcon, LabelPairedArrowUpRightFromSquareCaptionFillIcon, LabelPairedArrowUpRightFromSquareCaptionRegularIcon, LabelPairedArrowUpRightFromSquareLgBoldIcon, LabelPairedArrowUpRightFromSquareLgFillIcon, LabelPairedArrowUpRightFromSquareLgRegularIcon, LabelPairedArrowUpRightFromSquareMdBoldIcon, LabelPairedArrowUpRightFromSquareMdFillIcon, LabelPairedArrowUpRightFromSquareMdRegularIcon, LabelPairedArrowUpRightFromSquareSmBoldIcon, LabelPairedArrowUpRightFromSquareSmFillIcon, LabelPairedArrowUpRightFromSquareSmRegularIcon, LabelPairedArrowUpRightFromSquareXlBoldIcon, LabelPairedArrowUpRightFromSquareXlFillIcon, LabelPairedArrowUpRightFromSquareXlRegularIcon, LabelPairedArrowUpRightLgBoldIcon, LabelPairedArrowUpRightLgFillIcon, LabelPairedArrowUpRightLgRegularIcon, LabelPairedArrowUpRightMdBoldIcon, LabelPairedArrowUpRightMdFillIcon, LabelPairedArrowUpRightMdRegularIcon, LabelPairedArrowUpRightSmBoldIcon, LabelPairedArrowUpRightSmFillIcon, LabelPairedArrowUpRightSmRegularIcon, LabelPairedArrowUpRightXlBoldIcon, LabelPairedArrowUpRightXlFillIcon, LabelPairedArrowUpRightXlRegularIcon, LabelPairedArrowUpSmBoldIcon, LabelPairedArrowUpSmFillIcon, LabelPairedArrowUpSmRegularIcon, LabelPairedArrowUpToLineCaptionBoldIcon, LabelPairedArrowUpToLineCaptionFillIcon, LabelPairedArrowUpToLineCaptionRegularIcon, LabelPairedArrowUpToLineLgBoldIcon, LabelPairedArrowUpToLineLgFillIcon, LabelPairedArrowUpToLineLgRegularIcon, LabelPairedArrowUpToLineMdBoldIcon, LabelPairedArrowUpToLineMdFillIcon, LabelPairedArrowUpToLineMdRegularIcon, LabelPairedArrowUpToLineSmBoldIcon, LabelPairedArrowUpToLineSmFillIcon, LabelPairedArrowUpToLineSmRegularIcon, LabelPairedArrowUpToLineXlBoldIcon, LabelPairedArrowUpToLineXlFillIcon, LabelPairedArrowUpToLineXlRegularIcon, LabelPairedArrowUpXlBoldIcon, LabelPairedArrowUpXlFillIcon, LabelPairedArrowUpXlRegularIcon, LabelPairedArrowsRotateCaptionBoldIcon, LabelPairedArrowsRotateCaptionFillIcon, LabelPairedArrowsRotateCaptionRegularIcon, LabelPairedArrowsRotateLgBoldIcon, LabelPairedArrowsRotateLgFillIcon, LabelPairedArrowsRotateLgRegularIcon, LabelPairedArrowsRotateMdBoldIcon, LabelPairedArrowsRotateMdFillIcon, LabelPairedArrowsRotateMdRegularIcon, LabelPairedArrowsRotateSmBoldIcon, LabelPairedArrowsRotateSmFillIcon, LabelPairedArrowsRotateSmRegularIcon, LabelPairedArrowsRotateXlBoldIcon, LabelPairedArrowsRotateXlFillIcon, LabelPairedArrowsRotateXlRegularIcon, LabelPairedAtCaptionBoldIcon, LabelPairedAtCaptionFillIcon, LabelPairedAtCaptionRegularIcon, LabelPairedAtLgBoldIcon, LabelPairedAtLgFillIcon, LabelPairedAtLgRegularIcon, LabelPairedAtMdBoldIcon, LabelPairedAtMdFillIcon, LabelPairedAtMdRegularIcon, LabelPairedAtSmBoldIcon, LabelPairedAtSmFillIcon, LabelPairedAtSmRegularIcon, LabelPairedAtXlBoldIcon, LabelPairedAtXlFillIcon, LabelPairedAtXlRegularIcon, LabelPairedBackwardCaptionBoldIcon, LabelPairedBackwardCaptionFillIcon, LabelPairedBackwardCaptionRegularIcon, LabelPairedBackwardLgBoldIcon, LabelPairedBackwardLgFillIcon, LabelPairedBackwardLgRegularIcon, LabelPairedBackwardMdBoldIcon, LabelPairedBackwardMdFillIcon, LabelPairedBackwardMdRegularIcon, LabelPairedBackwardSmBoldIcon, LabelPairedBackwardSmFillIcon, LabelPairedBackwardSmRegularIcon, LabelPairedBackwardStepCaptionBoldIcon, LabelPairedBackwardStepCaptionFillIcon, LabelPairedBackwardStepCaptionRegularIcon, LabelPairedBackwardStepLgBoldIcon, LabelPairedBackwardStepLgFillIcon, LabelPairedBackwardStepLgRegularIcon, LabelPairedBackwardStepMdBoldIcon, LabelPairedBackwardStepMdFillIcon, LabelPairedBackwardStepMdRegularIcon, LabelPairedBackwardStepSmBoldIcon, LabelPairedBackwardStepSmFillIcon, LabelPairedBackwardStepSmRegularIcon, LabelPairedBackwardStepXlBoldIcon, LabelPairedBackwardStepXlFillIcon, LabelPairedBackwardStepXlRegularIcon, LabelPairedBackwardXlBoldIcon, LabelPairedBackwardXlFillIcon, LabelPairedBackwardXlRegularIcon, LabelPairedBadgeCheckCaptionBoldIcon, LabelPairedBadgeCheckCaptionFillIcon, LabelPairedBadgeCheckCaptionRegularIcon, LabelPairedBadgeCheckLgBoldIcon, LabelPairedBadgeCheckLgFillIcon, LabelPairedBadgeCheckLgRegularIcon, LabelPairedBadgeCheckMdBoldIcon, LabelPairedBadgeCheckMdFillIcon, LabelPairedBadgeCheckMdRegularIcon, LabelPairedBadgeCheckSmBoldIcon, LabelPairedBadgeCheckSmFillIcon, LabelPairedBadgeCheckSmRegularIcon, LabelPairedBadgeCheckXlBoldIcon, LabelPairedBadgeCheckXlFillIcon, LabelPairedBadgeCheckXlRegularIcon, LabelPairedBankCaptionBoldIcon, LabelPairedBankCaptionFillIcon, LabelPairedBankCaptionRegularIcon, LabelPairedBankLgBoldIcon, LabelPairedBankLgFillIcon, LabelPairedBankLgRegularIcon, LabelPairedBankMdBoldIcon, LabelPairedBankMdFillIcon, LabelPairedBankMdRegularIcon, LabelPairedBankSmBoldIcon, LabelPairedBankSmFillIcon, LabelPairedBankSmRegularIcon, LabelPairedBankXlBoldIcon, LabelPairedBankXlFillIcon, LabelPairedBankXlRegularIcon, LabelPairedBarcodeCaptionBoldIcon, LabelPairedBarcodeCaptionFillIcon, LabelPairedBarcodeCaptionRegularIcon, LabelPairedBarcodeLgBoldIcon, LabelPairedBarcodeLgFillIcon, LabelPairedBarcodeLgRegularIcon, LabelPairedBarcodeMdBoldIcon, LabelPairedBarcodeMdFillIcon, LabelPairedBarcodeMdRegularIcon, LabelPairedBarcodeSmBoldIcon, LabelPairedBarcodeSmFillIcon, LabelPairedBarcodeSmRegularIcon, LabelPairedBarcodeXlBoldIcon, LabelPairedBarcodeXlFillIcon, LabelPairedBarcodeXlRegularIcon, LabelPairedBarsCaptionBoldIcon, LabelPairedBarsCaptionFillIcon, LabelPairedBarsCaptionRegularIcon, LabelPairedBarsFilterCaptionBoldIcon, LabelPairedBarsFilterCaptionFillIcon, LabelPairedBarsFilterCaptionRegularIcon, LabelPairedBarsFilterLgBoldIcon, LabelPairedBarsFilterLgFillIcon, LabelPairedBarsFilterLgRegularIcon, LabelPairedBarsFilterMdBoldIcon, LabelPairedBarsFilterMdFillIcon, LabelPairedBarsFilterMdRegularIcon, LabelPairedBarsFilterSmBoldIcon, LabelPairedBarsFilterSmFillIcon, LabelPairedBarsFilterSmRegularIcon, LabelPairedBarsFilterXlBoldIcon, LabelPairedBarsFilterXlFillIcon, LabelPairedBarsFilterXlRegularIcon, LabelPairedBarsLgBoldIcon, LabelPairedBarsLgFillIcon, LabelPairedBarsLgRegularIcon, LabelPairedBarsMdBoldIcon, LabelPairedBarsMdFillIcon, LabelPairedBarsMdRegularIcon, LabelPairedBarsSmBoldIcon, LabelPairedBarsSmFillIcon, LabelPairedBarsSmRegularIcon, LabelPairedBarsXlBoldIcon, LabelPairedBarsXlFillIcon, LabelPairedBarsXlRegularIcon, LabelPairedBasketShoppingCaptionBoldIcon, LabelPairedBasketShoppingCaptionFillIcon, LabelPairedBasketShoppingCaptionRegularIcon, LabelPairedBasketShoppingLgBoldIcon, LabelPairedBasketShoppingLgFillIcon, LabelPairedBasketShoppingLgRegularIcon, LabelPairedBasketShoppingMdBoldIcon, LabelPairedBasketShoppingMdFillIcon, LabelPairedBasketShoppingMdRegularIcon, LabelPairedBasketShoppingSmBoldIcon, LabelPairedBasketShoppingSmFillIcon, LabelPairedBasketShoppingSmRegularIcon, LabelPairedBasketShoppingXlBoldIcon, LabelPairedBasketShoppingXlFillIcon, LabelPairedBasketShoppingXlRegularIcon, LabelPairedBellCaptionBoldIcon, LabelPairedBellCaptionFillIcon, LabelPairedBellCaptionRegularIcon, LabelPairedBellLgBoldIcon, LabelPairedBellLgFillIcon, LabelPairedBellLgRegularIcon, LabelPairedBellMdBoldIcon, LabelPairedBellMdFillIcon, LabelPairedBellMdRegularIcon, LabelPairedBellOnCaptionBoldIcon, LabelPairedBellOnCaptionFillIcon, LabelPairedBellOnCaptionRegularIcon, LabelPairedBellOnLgBoldIcon, LabelPairedBellOnLgFillIcon, LabelPairedBellOnLgRegularIcon, LabelPairedBellOnMdBoldIcon, LabelPairedBellOnMdFillIcon, LabelPairedBellOnMdRegularIcon, LabelPairedBellOnSmBoldIcon, LabelPairedBellOnSmFillIcon, LabelPairedBellOnSmRegularIcon, LabelPairedBellOnXlBoldIcon, LabelPairedBellOnXlFillIcon, LabelPairedBellOnXlRegularIcon, LabelPairedBellSlashCaptionBoldIcon, LabelPairedBellSlashCaptionFillIcon, LabelPairedBellSlashCaptionRegularIcon, LabelPairedBellSlashLgBoldIcon, LabelPairedBellSlashLgFillIcon, LabelPairedBellSlashLgRegularIcon, LabelPairedBellSlashMdBoldIcon, LabelPairedBellSlashMdFillIcon, LabelPairedBellSlashMdRegularIcon, LabelPairedBellSlashSmBoldIcon, LabelPairedBellSlashSmFillIcon, LabelPairedBellSlashSmRegularIcon, LabelPairedBellSlashXlBoldIcon, LabelPairedBellSlashXlFillIcon, LabelPairedBellSlashXlRegularIcon, LabelPairedBellSmBoldIcon, LabelPairedBellSmFillIcon, LabelPairedBellSmRegularIcon, LabelPairedBellXlBoldIcon, LabelPairedBellXlFillIcon, LabelPairedBellXlRegularIcon, LabelPairedBookCircleQuestionCaptionBoldIcon, LabelPairedBookCircleQuestionCaptionFillIcon, LabelPairedBookCircleQuestionCaptionRegularIcon, LabelPairedBookCircleQuestionLgBoldIcon, LabelPairedBookCircleQuestionLgFillIcon, LabelPairedBookCircleQuestionLgRegularIcon, LabelPairedBookCircleQuestionMdBoldIcon, LabelPairedBookCircleQuestionMdFillIcon, LabelPairedBookCircleQuestionMdRegularIcon, LabelPairedBookCircleQuestionSmBoldIcon, LabelPairedBookCircleQuestionSmFillIcon, LabelPairedBookCircleQuestionSmRegularIcon, LabelPairedBookCircleQuestionXlBoldIcon, LabelPairedBookCircleQuestionXlFillIcon, LabelPairedBookCircleQuestionXlRegularIcon, LabelPairedBookmarkCaptionBoldIcon, LabelPairedBookmarkCaptionFillIcon, LabelPairedBookmarkCaptionRegularIcon, LabelPairedBookmarkLgBoldIcon, LabelPairedBookmarkLgFillIcon, LabelPairedBookmarkLgRegularIcon, LabelPairedBookmarkMdBoldIcon, LabelPairedBookmarkMdFillIcon, LabelPairedBookmarkMdRegularIcon, LabelPairedBookmarkSmBoldIcon, LabelPairedBookmarkSmFillIcon, LabelPairedBookmarkSmRegularIcon, LabelPairedBookmarkXlBoldIcon, LabelPairedBookmarkXlFillIcon, LabelPairedBookmarkXlRegularIcon, LabelPairedBoxArchiveCircleArrowDownCaptionBoldIcon, LabelPairedBoxArchiveCircleArrowDownCaptionFillIcon, LabelPairedBoxArchiveCircleArrowDownCaptionRegularIcon, LabelPairedBoxArchiveCircleArrowDownLgBoldIcon, LabelPairedBoxArchiveCircleArrowDownLgFillIcon, LabelPairedBoxArchiveCircleArrowDownLgRegularIcon, LabelPairedBoxArchiveCircleArrowDownMdBoldIcon, LabelPairedBoxArchiveCircleArrowDownMdFillIcon, LabelPairedBoxArchiveCircleArrowDownMdRegularIcon, LabelPairedBoxArchiveCircleArrowDownSmBoldIcon, LabelPairedBoxArchiveCircleArrowDownSmFillIcon, LabelPairedBoxArchiveCircleArrowDownSmRegularIcon, LabelPairedBoxArchiveCircleArrowDownXlBoldIcon, LabelPairedBoxArchiveCircleArrowDownXlFillIcon, LabelPairedBoxArchiveCircleArrowDownXlRegularIcon, LabelPairedBoxArchiveCircleArrowUpCaptionBoldIcon, LabelPairedBoxArchiveCircleArrowUpCaptionFillIcon, LabelPairedBoxArchiveCircleArrowUpCaptionRegularIcon, LabelPairedBoxArchiveCircleArrowUpLgBoldIcon, LabelPairedBoxArchiveCircleArrowUpLgFillIcon, LabelPairedBoxArchiveCircleArrowUpLgRegularIcon, LabelPairedBoxArchiveCircleArrowUpMdBoldIcon, LabelPairedBoxArchiveCircleArrowUpMdFillIcon, LabelPairedBoxArchiveCircleArrowUpMdRegularIcon, LabelPairedBoxArchiveCircleArrowUpSmBoldIcon, LabelPairedBoxArchiveCircleArrowUpSmFillIcon, LabelPairedBoxArchiveCircleArrowUpSmRegularIcon, LabelPairedBoxArchiveCircleArrowUpXlBoldIcon, LabelPairedBoxArchiveCircleArrowUpXlFillIcon, LabelPairedBoxArchiveCircleArrowUpXlRegularIcon, LabelPairedBriefcaseCaptionBoldIcon, LabelPairedBriefcaseCaptionFillIcon, LabelPairedBriefcaseCaptionRegularIcon, LabelPairedBriefcaseLgBoldIcon, LabelPairedBriefcaseLgFillIcon, LabelPairedBriefcaseLgRegularIcon, LabelPairedBriefcaseMdBoldIcon, LabelPairedBriefcaseMdFillIcon, LabelPairedBriefcaseMdRegularIcon, LabelPairedBriefcaseSmBoldIcon, LabelPairedBriefcaseSmFillIcon, LabelPairedBriefcaseSmRegularIcon, LabelPairedBriefcaseXlBoldIcon, LabelPairedBriefcaseXlFillIcon, LabelPairedBriefcaseXlRegularIcon, LabelPairedBullhornCaptionBoldIcon, LabelPairedBullhornCaptionFillIcon, LabelPairedBullhornCaptionRegularIcon, LabelPairedBullhornLgBoldIcon, LabelPairedBullhornLgFillIcon, LabelPairedBullhornLgRegularIcon, LabelPairedBullhornMdBoldIcon, LabelPairedBullhornMdFillIcon, LabelPairedBullhornMdRegularIcon, LabelPairedBullhornSmBoldIcon, LabelPairedBullhornSmFillIcon, LabelPairedBullhornSmRegularIcon, LabelPairedBullhornXlBoldIcon, LabelPairedBullhornXlFillIcon, LabelPairedBullhornXlRegularIcon, LabelPairedCalendarCaptionBoldIcon, LabelPairedCalendarCaptionFillIcon, LabelPairedCalendarCaptionRegularIcon, LabelPairedCalendarLgBoldIcon, LabelPairedCalendarLgFillIcon, LabelPairedCalendarLgRegularIcon, LabelPairedCalendarMdBoldIcon, LabelPairedCalendarMdFillIcon, LabelPairedCalendarMdRegularIcon, LabelPairedCalendarRangeCaptionBoldIcon, LabelPairedCalendarRangeCaptionFillIcon, LabelPairedCalendarRangeCaptionRegularIcon, LabelPairedCalendarRangeLgBoldIcon, LabelPairedCalendarRangeLgFillIcon, LabelPairedCalendarRangeLgRegularIcon, LabelPairedCalendarRangeMdBoldIcon, LabelPairedCalendarRangeMdFillIcon, LabelPairedCalendarRangeMdRegularIcon, LabelPairedCalendarRangeSmBoldIcon, LabelPairedCalendarRangeSmFillIcon, LabelPairedCalendarRangeSmRegularIcon, LabelPairedCalendarRangeXlBoldIcon, LabelPairedCalendarRangeXlFillIcon, LabelPairedCalendarRangeXlRegularIcon, LabelPairedCalendarSmBoldIcon, LabelPairedCalendarSmFillIcon, LabelPairedCalendarSmRegularIcon, LabelPairedCalendarXlBoldIcon, LabelPairedCalendarXlFillIcon, LabelPairedCalendarXlRegularIcon, LabelPairedCameraCaptionBoldIcon, LabelPairedCameraCaptionFillIcon, LabelPairedCameraCaptionRegularIcon, LabelPairedCameraLgBoldIcon, LabelPairedCameraLgFillIcon, LabelPairedCameraLgRegularIcon, LabelPairedCameraMdBoldIcon, LabelPairedCameraMdFillIcon, LabelPairedCameraMdRegularIcon, LabelPairedCameraSmBoldIcon, LabelPairedCameraSmFillIcon, LabelPairedCameraSmRegularIcon, LabelPairedCameraXlBoldIcon, LabelPairedCameraXlFillIcon, LabelPairedCameraXlRegularIcon, LabelPairedCaretDownCaptionBoldIcon, LabelPairedCaretDownCaptionFillIcon, LabelPairedCaretDownCaptionRegularIcon, LabelPairedCaretDownLgBoldIcon, LabelPairedCaretDownLgFillIcon, LabelPairedCaretDownLgRegularIcon, LabelPairedCaretDownMdBoldIcon, LabelPairedCaretDownMdFillIcon, LabelPairedCaretDownMdRegularIcon, LabelPairedCaretDownSmBoldIcon, LabelPairedCaretDownSmFillIcon, LabelPairedCaretDownSmRegularIcon, LabelPairedCaretDownXlBoldIcon, LabelPairedCaretDownXlFillIcon, LabelPairedCaretDownXlRegularIcon, LabelPairedCaretUpCaptionBoldIcon, LabelPairedCaretUpCaptionFillIcon, LabelPairedCaretUpCaptionRegularIcon, LabelPairedCaretUpLgBoldIcon, LabelPairedCaretUpLgFillIcon, LabelPairedCaretUpLgRegularIcon, LabelPairedCaretUpMdBoldIcon, LabelPairedCaretUpMdFillIcon, LabelPairedCaretUpMdRegularIcon, LabelPairedCaretUpSmBoldIcon, LabelPairedCaretUpSmFillIcon, LabelPairedCaretUpSmRegularIcon, LabelPairedCaretUpXlBoldIcon, LabelPairedCaretUpXlFillIcon, LabelPairedCaretUpXlRegularIcon, LabelPairedCashRegisterCaptionBoldIcon, LabelPairedCashRegisterCaptionFillIcon, LabelPairedCashRegisterCaptionRegularIcon, LabelPairedCashRegisterLgBoldIcon, LabelPairedCashRegisterLgFillIcon, LabelPairedCashRegisterLgRegularIcon, LabelPairedCashRegisterMdBoldIcon, LabelPairedCashRegisterMdFillIcon, LabelPairedCashRegisterMdRegularIcon, LabelPairedCashRegisterSmBoldIcon, LabelPairedCashRegisterSmFillIcon, LabelPairedCashRegisterSmRegularIcon, LabelPairedCashRegisterXlBoldIcon, LabelPairedCashRegisterXlFillIcon, LabelPairedCashRegisterXlRegularIcon, LabelPairedChartAreaCaptionBoldIcon, LabelPairedChartAreaCaptionFillIcon, LabelPairedChartAreaCaptionRegularIcon, LabelPairedChartAreaLgBoldIcon, LabelPairedChartAreaLgFillIcon, LabelPairedChartAreaLgRegularIcon, LabelPairedChartAreaMdBoldIcon, LabelPairedChartAreaMdFillIcon, LabelPairedChartAreaMdRegularIcon, LabelPairedChartAreaSmBoldIcon, LabelPairedChartAreaSmFillIcon, LabelPairedChartAreaSmRegularIcon, LabelPairedChartAreaXlBoldIcon, LabelPairedChartAreaXlFillIcon, LabelPairedChartAreaXlRegularIcon, LabelPairedChartCandlestickCaptionBoldIcon, LabelPairedChartCandlestickCaptionFillIcon, LabelPairedChartCandlestickCaptionRegularIcon, LabelPairedChartCandlestickLgBoldIcon, LabelPairedChartCandlestickLgFillIcon, LabelPairedChartCandlestickLgRegularIcon, LabelPairedChartCandlestickMdBoldIcon, LabelPairedChartCandlestickMdFillIcon, LabelPairedChartCandlestickMdRegularIcon, LabelPairedChartCandlestickSmBoldIcon, LabelPairedChartCandlestickSmFillIcon, LabelPairedChartCandlestickSmRegularIcon, LabelPairedChartCandlestickXlBoldIcon, LabelPairedChartCandlestickXlFillIcon, LabelPairedChartCandlestickXlRegularIcon, LabelPairedChartLineCaptionBoldIcon, LabelPairedChartLineCaptionFillIcon, LabelPairedChartLineCaptionRegularIcon, LabelPairedChartLineLgBoldIcon, LabelPairedChartLineLgFillIcon, LabelPairedChartLineLgRegularIcon, LabelPairedChartLineMdBoldIcon, LabelPairedChartLineMdFillIcon, LabelPairedChartLineMdRegularIcon, LabelPairedChartLineSmBoldIcon, LabelPairedChartLineSmFillIcon, LabelPairedChartLineSmRegularIcon, LabelPairedChartLineUpDownCaptionBoldIcon, LabelPairedChartLineUpDownCaptionFillIcon, LabelPairedChartLineUpDownCaptionRegularIcon, LabelPairedChartLineUpDownLgBoldIcon, LabelPairedChartLineUpDownLgFillIcon, LabelPairedChartLineUpDownLgRegularIcon, LabelPairedChartLineUpDownMdBoldIcon, LabelPairedChartLineUpDownMdFillIcon, LabelPairedChartLineUpDownMdRegularIcon, LabelPairedChartLineUpDownSmBoldIcon, LabelPairedChartLineUpDownSmFillIcon, LabelPairedChartLineUpDownSmRegularIcon, LabelPairedChartLineUpDownXlBoldIcon, LabelPairedChartLineUpDownXlFillIcon, LabelPairedChartLineUpDownXlRegularIcon, LabelPairedChartLineXlBoldIcon, LabelPairedChartLineXlFillIcon, LabelPairedChartLineXlRegularIcon, LabelPairedChartMixedCaptionBoldIcon, LabelPairedChartMixedCaptionFillIcon, LabelPairedChartMixedCaptionRegularIcon, LabelPairedChartMixedLgBoldIcon, LabelPairedChartMixedLgFillIcon, LabelPairedChartMixedLgRegularIcon, LabelPairedChartMixedMdBoldIcon, LabelPairedChartMixedMdFillIcon, LabelPairedChartMixedMdRegularIcon, LabelPairedChartMixedSmBoldIcon, LabelPairedChartMixedSmFillIcon, LabelPairedChartMixedSmRegularIcon, LabelPairedChartMixedXlBoldIcon, LabelPairedChartMixedXlFillIcon, LabelPairedChartMixedXlRegularIcon, LabelPairedChartOhlcCaptionBoldIcon, LabelPairedChartOhlcCaptionFillIcon, LabelPairedChartOhlcCaptionRegularIcon, LabelPairedChartOhlcLgBoldIcon, LabelPairedChartOhlcLgFillIcon, LabelPairedChartOhlcLgRegularIcon, LabelPairedChartOhlcMdBoldIcon, LabelPairedChartOhlcMdFillIcon, LabelPairedChartOhlcMdRegularIcon, LabelPairedChartOhlcSmBoldIcon, LabelPairedChartOhlcSmFillIcon, LabelPairedChartOhlcSmRegularIcon, LabelPairedChartOhlcXlBoldIcon, LabelPairedChartOhlcXlFillIcon, LabelPairedChartOhlcXlRegularIcon, LabelPairedChartTradingviewCaptionBoldIcon, LabelPairedChartTradingviewCaptionFillIcon, LabelPairedChartTradingviewCaptionRegularIcon, LabelPairedChartTradingviewLgBoldIcon, LabelPairedChartTradingviewLgFillIcon, LabelPairedChartTradingviewLgRegularIcon, LabelPairedChartTradingviewMdBoldIcon, LabelPairedChartTradingviewMdFillIcon, LabelPairedChartTradingviewMdRegularIcon, LabelPairedChartTradingviewSmBoldIcon, LabelPairedChartTradingviewSmFillIcon, LabelPairedChartTradingviewSmRegularIcon, LabelPairedChartTradingviewXlBoldIcon, LabelPairedChartTradingviewXlFillIcon, LabelPairedChartTradingviewXlRegularIcon, LabelPairedChartTrendDownCaptionBoldIcon, LabelPairedChartTrendDownCaptionFillIcon, LabelPairedChartTrendDownCaptionRegularIcon, LabelPairedChartTrendDownLgBoldIcon, LabelPairedChartTrendDownLgFillIcon, LabelPairedChartTrendDownLgRegularIcon, LabelPairedChartTrendDownMdBoldIcon, LabelPairedChartTrendDownMdFillIcon, LabelPairedChartTrendDownMdRegularIcon, LabelPairedChartTrendDownSmBoldIcon, LabelPairedChartTrendDownSmFillIcon, LabelPairedChartTrendDownSmRegularIcon, LabelPairedChartTrendDownXlBoldIcon, LabelPairedChartTrendDownXlFillIcon, LabelPairedChartTrendDownXlRegularIcon, LabelPairedChartTrendSidewayCaptionBoldIcon, LabelPairedChartTrendSidewayCaptionFillIcon, LabelPairedChartTrendSidewayCaptionRegularIcon, LabelPairedChartTrendSidewayLgBoldIcon, LabelPairedChartTrendSidewayLgFillIcon, LabelPairedChartTrendSidewayLgRegularIcon, LabelPairedChartTrendSidewayMdBoldIcon, LabelPairedChartTrendSidewayMdFillIcon, LabelPairedChartTrendSidewayMdRegularIcon, LabelPairedChartTrendSidewaySmBoldIcon, LabelPairedChartTrendSidewaySmFillIcon, LabelPairedChartTrendSidewaySmRegularIcon, LabelPairedChartTrendSidewayXlBoldIcon, LabelPairedChartTrendSidewayXlFillIcon, LabelPairedChartTrendSidewayXlRegularIcon, LabelPairedChartTrendUpCaptionBoldIcon, LabelPairedChartTrendUpCaptionFillIcon, LabelPairedChartTrendUpCaptionRegularIcon, LabelPairedChartTrendUpLgBoldIcon, LabelPairedChartTrendUpLgFillIcon, LabelPairedChartTrendUpLgRegularIcon, LabelPairedChartTrendUpMdBoldIcon, LabelPairedChartTrendUpMdFillIcon, LabelPairedChartTrendUpMdRegularIcon, LabelPairedChartTrendUpSmBoldIcon, LabelPairedChartTrendUpSmFillIcon, LabelPairedChartTrendUpSmRegularIcon, LabelPairedChartTrendUpXlBoldIcon, LabelPairedChartTrendUpXlFillIcon, LabelPairedChartTrendUpXlRegularIcon, LabelPairedCheckCaptionBoldIcon, LabelPairedCheckCaptionFillIcon, LabelPairedCheckCaptionRegularIcon, LabelPairedCheckLgBoldIcon, LabelPairedCheckLgFillIcon, LabelPairedCheckLgRegularIcon, LabelPairedCheckMdBoldIcon, LabelPairedCheckMdFillIcon, LabelPairedCheckMdRegularIcon, LabelPairedCheckSmBoldIcon, LabelPairedCheckSmFillIcon, LabelPairedCheckSmRegularIcon, LabelPairedCheckXlBoldIcon, LabelPairedCheckXlFillIcon, LabelPairedCheckXlRegularIcon, LabelPairedChevronDownCaptionBoldIcon, LabelPairedChevronDownCaptionFillIcon, LabelPairedChevronDownCaptionRegularIcon, LabelPairedChevronDownLgBoldIcon, LabelPairedChevronDownLgFillIcon, LabelPairedChevronDownLgRegularIcon, LabelPairedChevronDownMdBoldIcon, LabelPairedChevronDownMdFillIcon, LabelPairedChevronDownMdRegularIcon, LabelPairedChevronDownSmBoldIcon, LabelPairedChevronDownSmFillIcon, LabelPairedChevronDownSmRegularIcon, LabelPairedChevronDownXlBoldIcon, LabelPairedChevronDownXlFillIcon, LabelPairedChevronDownXlRegularIcon, LabelPairedChevronLeftCaptionBoldIcon, LabelPairedChevronLeftCaptionFillIcon, LabelPairedChevronLeftCaptionRegularIcon, LabelPairedChevronLeftLgBoldIcon, LabelPairedChevronLeftLgFillIcon, LabelPairedChevronLeftLgRegularIcon, LabelPairedChevronLeftMdBoldIcon, LabelPairedChevronLeftMdFillIcon, LabelPairedChevronLeftMdRegularIcon, LabelPairedChevronLeftSmBoldIcon, LabelPairedChevronLeftSmFillIcon, LabelPairedChevronLeftSmRegularIcon, LabelPairedChevronLeftXlBoldIcon, LabelPairedChevronLeftXlFillIcon, LabelPairedChevronLeftXlRegularIcon, LabelPairedChevronRightCaptionBoldIcon, LabelPairedChevronRightCaptionFillIcon, LabelPairedChevronRightCaptionRegularIcon, LabelPairedChevronRightLgBoldIcon, LabelPairedChevronRightLgFillIcon, LabelPairedChevronRightLgRegularIcon, LabelPairedChevronRightMdBoldIcon, LabelPairedChevronRightMdFillIcon, LabelPairedChevronRightMdRegularIcon, LabelPairedChevronRightSmBoldIcon, LabelPairedChevronRightSmFillIcon, LabelPairedChevronRightSmRegularIcon, LabelPairedChevronRightXlBoldIcon, LabelPairedChevronRightXlFillIcon, LabelPairedChevronRightXlRegularIcon, LabelPairedChevronUpCaptionBoldIcon, LabelPairedChevronUpCaptionFillIcon, LabelPairedChevronUpCaptionRegularIcon, LabelPairedChevronUpLgBoldIcon, LabelPairedChevronUpLgFillIcon, LabelPairedChevronUpLgRegularIcon, LabelPairedChevronUpMdBoldIcon, LabelPairedChevronUpMdFillIcon, LabelPairedChevronUpMdRegularIcon, LabelPairedChevronUpSmBoldIcon, LabelPairedChevronUpSmFillIcon, LabelPairedChevronUpSmRegularIcon, LabelPairedChevronUpXlBoldIcon, LabelPairedChevronUpXlFillIcon, LabelPairedChevronUpXlRegularIcon, LabelPairedChevronsDownCaptionBoldIcon, LabelPairedChevronsDownCaptionFillIcon, LabelPairedChevronsDownCaptionRegularIcon, LabelPairedChevronsDownLgBoldIcon, LabelPairedChevronsDownLgFillIcon, LabelPairedChevronsDownLgRegularIcon, LabelPairedChevronsDownMdBoldIcon, LabelPairedChevronsDownMdFillIcon, LabelPairedChevronsDownMdRegularIcon, LabelPairedChevronsDownSmBoldIcon, LabelPairedChevronsDownSmFillIcon, LabelPairedChevronsDownSmRegularIcon, LabelPairedChevronsDownXlBoldIcon, LabelPairedChevronsDownXlFillIcon, LabelPairedChevronsDownXlRegularIcon, LabelPairedChevronsLeftCaptionBoldIcon, LabelPairedChevronsLeftCaptionFillIcon, LabelPairedChevronsLeftCaptionRegularIcon, LabelPairedChevronsLeftLgBoldIcon, LabelPairedChevronsLeftLgFillIcon, LabelPairedChevronsLeftLgRegularIcon, LabelPairedChevronsLeftMdBoldIcon, LabelPairedChevronsLeftMdFillIcon, LabelPairedChevronsLeftMdRegularIcon, LabelPairedChevronsLeftSmBoldIcon, LabelPairedChevronsLeftSmFillIcon, LabelPairedChevronsLeftSmRegularIcon, LabelPairedChevronsLeftXlBoldIcon, LabelPairedChevronsLeftXlFillIcon, LabelPairedChevronsLeftXlRegularIcon, LabelPairedChevronsRightCaptionBoldIcon, LabelPairedChevronsRightCaptionFillIcon, LabelPairedChevronsRightCaptionRegularIcon, LabelPairedChevronsRightLgBoldIcon, LabelPairedChevronsRightLgFillIcon, LabelPairedChevronsRightLgRegularIcon, LabelPairedChevronsRightMdBoldIcon, LabelPairedChevronsRightMdFillIcon, LabelPairedChevronsRightMdRegularIcon, LabelPairedChevronsRightSmBoldIcon, LabelPairedChevronsRightSmFillIcon, LabelPairedChevronsRightSmRegularIcon, LabelPairedChevronsRightXlBoldIcon, LabelPairedChevronsRightXlFillIcon, LabelPairedChevronsRightXlRegularIcon, LabelPairedChevronsUpCaptionBoldIcon, LabelPairedChevronsUpCaptionFillIcon, LabelPairedChevronsUpCaptionRegularIcon, LabelPairedChevronsUpLgBoldIcon, LabelPairedChevronsUpLgFillIcon, LabelPairedChevronsUpLgRegularIcon, LabelPairedChevronsUpMdBoldIcon, LabelPairedChevronsUpMdFillIcon, LabelPairedChevronsUpMdRegularIcon, LabelPairedChevronsUpSmBoldIcon, LabelPairedChevronsUpSmFillIcon, LabelPairedChevronsUpSmRegularIcon, LabelPairedChevronsUpXlBoldIcon, LabelPairedChevronsUpXlFillIcon, LabelPairedChevronsUpXlRegularIcon, LabelPairedCircleArrowDownCaptionBoldIcon, LabelPairedCircleArrowDownCaptionFillIcon, LabelPairedCircleArrowDownCaptionRegularIcon, LabelPairedCircleArrowDownLeftCaptionBoldIcon, LabelPairedCircleArrowDownLeftCaptionFillIcon, LabelPairedCircleArrowDownLeftCaptionRegularIcon, LabelPairedCircleArrowDownLeftLgBoldIcon, LabelPairedCircleArrowDownLeftLgFillIcon, LabelPairedCircleArrowDownLeftLgRegularIcon, LabelPairedCircleArrowDownLeftMdBoldIcon, LabelPairedCircleArrowDownLeftMdFillIcon, LabelPairedCircleArrowDownLeftMdRegularIcon, LabelPairedCircleArrowDownLeftSmBoldIcon, LabelPairedCircleArrowDownLeftSmFillIcon, LabelPairedCircleArrowDownLeftSmRegularIcon, LabelPairedCircleArrowDownLeftXlBoldIcon, LabelPairedCircleArrowDownLeftXlFillIcon, LabelPairedCircleArrowDownLeftXlRegularIcon, LabelPairedCircleArrowDownLgBoldIcon, LabelPairedCircleArrowDownLgFillIcon, LabelPairedCircleArrowDownLgRegularIcon, LabelPairedCircleArrowDownMdBoldIcon, LabelPairedCircleArrowDownMdFillIcon, LabelPairedCircleArrowDownMdRegularIcon, LabelPairedCircleArrowDownRightCaptionBoldIcon, LabelPairedCircleArrowDownRightCaptionFillIcon, LabelPairedCircleArrowDownRightCaptionRegularIcon, LabelPairedCircleArrowDownRightLgBoldIcon, LabelPairedCircleArrowDownRightLgFillIcon, LabelPairedCircleArrowDownRightLgRegularIcon, LabelPairedCircleArrowDownRightMdBoldIcon, LabelPairedCircleArrowDownRightMdFillIcon, LabelPairedCircleArrowDownRightMdRegularIcon, LabelPairedCircleArrowDownRightSmBoldIcon, LabelPairedCircleArrowDownRightSmFillIcon, LabelPairedCircleArrowDownRightSmRegularIcon, LabelPairedCircleArrowDownRightXlBoldIcon, LabelPairedCircleArrowDownRightXlFillIcon, LabelPairedCircleArrowDownRightXlRegularIcon, LabelPairedCircleArrowDownSmBoldIcon, LabelPairedCircleArrowDownSmFillIcon, LabelPairedCircleArrowDownSmRegularIcon, LabelPairedCircleArrowDownXlBoldIcon, LabelPairedCircleArrowDownXlFillIcon, LabelPairedCircleArrowDownXlRegularIcon, LabelPairedCircleArrowLeftCaptionBoldIcon, LabelPairedCircleArrowLeftCaptionFillIcon, LabelPairedCircleArrowLeftCaptionRegularIcon, LabelPairedCircleArrowLeftLgBoldIcon, LabelPairedCircleArrowLeftLgFillIcon, LabelPairedCircleArrowLeftLgRegularIcon, LabelPairedCircleArrowLeftMdBoldIcon, LabelPairedCircleArrowLeftMdFillIcon, LabelPairedCircleArrowLeftMdRegularIcon, LabelPairedCircleArrowLeftSmBoldIcon, LabelPairedCircleArrowLeftSmFillIcon, LabelPairedCircleArrowLeftSmRegularIcon, LabelPairedCircleArrowLeftXlBoldIcon, LabelPairedCircleArrowLeftXlFillIcon, LabelPairedCircleArrowLeftXlRegularIcon, LabelPairedCircleArrowRightCaptionBoldIcon, LabelPairedCircleArrowRightCaptionFillIcon, LabelPairedCircleArrowRightCaptionRegularIcon, LabelPairedCircleArrowRightLgBoldIcon, LabelPairedCircleArrowRightLgFillIcon, LabelPairedCircleArrowRightLgRegularIcon, LabelPairedCircleArrowRightMdBoldIcon, LabelPairedCircleArrowRightMdFillIcon, LabelPairedCircleArrowRightMdRegularIcon, LabelPairedCircleArrowRightSmBoldIcon, LabelPairedCircleArrowRightSmFillIcon, LabelPairedCircleArrowRightSmRegularIcon, LabelPairedCircleArrowRightXlBoldIcon, LabelPairedCircleArrowRightXlFillIcon, LabelPairedCircleArrowRightXlRegularIcon, LabelPairedCircleArrowUpCaptionBoldIcon, LabelPairedCircleArrowUpCaptionFillIcon, LabelPairedCircleArrowUpCaptionRegularIcon, LabelPairedCircleArrowUpLeftCaptionBoldIcon, LabelPairedCircleArrowUpLeftCaptionFillIcon, LabelPairedCircleArrowUpLeftCaptionRegularIcon, LabelPairedCircleArrowUpLeftLgBoldIcon, LabelPairedCircleArrowUpLeftLgFillIcon, LabelPairedCircleArrowUpLeftLgRegularIcon, LabelPairedCircleArrowUpLeftMdBoldIcon, LabelPairedCircleArrowUpLeftMdFillIcon, LabelPairedCircleArrowUpLeftMdRegularIcon, LabelPairedCircleArrowUpLeftSmBoldIcon, LabelPairedCircleArrowUpLeftSmFillIcon, LabelPairedCircleArrowUpLeftSmRegularIcon, LabelPairedCircleArrowUpLeftXlBoldIcon, LabelPairedCircleArrowUpLeftXlFillIcon, LabelPairedCircleArrowUpLeftXlRegularIcon, LabelPairedCircleArrowUpLgBoldIcon, LabelPairedCircleArrowUpLgFillIcon, LabelPairedCircleArrowUpLgRegularIcon, LabelPairedCircleArrowUpMdBoldIcon, LabelPairedCircleArrowUpMdFillIcon, LabelPairedCircleArrowUpMdRegularIcon, LabelPairedCircleArrowUpRightCaptionBoldIcon, LabelPairedCircleArrowUpRightCaptionFillIcon, LabelPairedCircleArrowUpRightCaptionRegularIcon, LabelPairedCircleArrowUpRightLgBoldIcon, LabelPairedCircleArrowUpRightLgFillIcon, LabelPairedCircleArrowUpRightLgRegularIcon, LabelPairedCircleArrowUpRightMdBoldIcon, LabelPairedCircleArrowUpRightMdFillIcon, LabelPairedCircleArrowUpRightMdRegularIcon, LabelPairedCircleArrowUpRightSmBoldIcon, LabelPairedCircleArrowUpRightSmFillIcon, LabelPairedCircleArrowUpRightSmRegularIcon, LabelPairedCircleArrowUpRightXlBoldIcon, LabelPairedCircleArrowUpRightXlFillIcon, LabelPairedCircleArrowUpRightXlRegularIcon, LabelPairedCircleArrowUpSmBoldIcon, LabelPairedCircleArrowUpSmFillIcon, LabelPairedCircleArrowUpSmRegularIcon, LabelPairedCircleArrowUpXlBoldIcon, LabelPairedCircleArrowUpXlFillIcon, LabelPairedCircleArrowUpXlRegularIcon, LabelPairedCircleBookmarkCaptionBoldIcon, LabelPairedCircleBookmarkCaptionFillIcon, LabelPairedCircleBookmarkCaptionRegularIcon, LabelPairedCircleBookmarkLgBoldIcon, LabelPairedCircleBookmarkLgFillIcon, LabelPairedCircleBookmarkLgRegularIcon, LabelPairedCircleBookmarkMdBoldIcon, LabelPairedCircleBookmarkMdFillIcon, LabelPairedCircleBookmarkMdRegularIcon, LabelPairedCircleBookmarkSmBoldIcon, LabelPairedCircleBookmarkSmFillIcon, LabelPairedCircleBookmarkSmRegularIcon, LabelPairedCircleBookmarkXlBoldIcon, LabelPairedCircleBookmarkXlFillIcon, LabelPairedCircleBookmarkXlRegularIcon, LabelPairedCircleCalendarCaptionBoldIcon, LabelPairedCircleCalendarCaptionFillIcon, LabelPairedCircleCalendarCaptionRegularIcon, LabelPairedCircleCalendarLgBoldIcon, LabelPairedCircleCalendarLgFillIcon, LabelPairedCircleCalendarLgRegularIcon, LabelPairedCircleCalendarMdBoldIcon, LabelPairedCircleCalendarMdFillIcon, LabelPairedCircleCalendarMdRegularIcon, LabelPairedCircleCalendarSmBoldIcon, LabelPairedCircleCalendarSmFillIcon, LabelPairedCircleCalendarSmRegularIcon, LabelPairedCircleCalendarXlBoldIcon, LabelPairedCircleCalendarXlFillIcon, LabelPairedCircleCalendarXlRegularIcon, LabelPairedCircleCaptionBoldIcon, LabelPairedCircleCaptionFillIcon, LabelPairedCircleCaptionRegularIcon, LabelPairedCircleCaretDownCaptionBoldIcon, LabelPairedCircleCaretDownCaptionFillIcon, LabelPairedCircleCaretDownCaptionRegularIcon, LabelPairedCircleCaretDownLgBoldIcon, LabelPairedCircleCaretDownLgFillIcon, LabelPairedCircleCaretDownLgRegularIcon, LabelPairedCircleCaretDownMdBoldIcon, LabelPairedCircleCaretDownMdFillIcon, LabelPairedCircleCaretDownMdRegularIcon, LabelPairedCircleCaretDownSmBoldIcon, LabelPairedCircleCaretDownSmFillIcon, LabelPairedCircleCaretDownSmRegularIcon, LabelPairedCircleCaretDownXlBoldIcon, LabelPairedCircleCaretDownXlFillIcon, LabelPairedCircleCaretDownXlRegularIcon, LabelPairedCircleCaretUpCaptionBoldIcon, LabelPairedCircleCaretUpCaptionFillIcon, LabelPairedCircleCaretUpCaptionRegularIcon, LabelPairedCircleCaretUpLgBoldIcon, LabelPairedCircleCaretUpLgFillIcon, LabelPairedCircleCaretUpLgRegularIcon, LabelPairedCircleCaretUpMdBoldIcon, LabelPairedCircleCaretUpMdFillIcon, LabelPairedCircleCaretUpMdRegularIcon, LabelPairedCircleCaretUpSmBoldIcon, LabelPairedCircleCaretUpSmFillIcon, LabelPairedCircleCaretUpSmRegularIcon, LabelPairedCircleCaretUpXlBoldIcon, LabelPairedCircleCaretUpXlFillIcon, LabelPairedCircleCaretUpXlRegularIcon, LabelPairedCircleCheckCaptionBoldIcon, LabelPairedCircleCheckCaptionFillIcon, LabelPairedCircleCheckCaptionRegularIcon, LabelPairedCircleCheckLgBoldIcon, LabelPairedCircleCheckLgFillIcon, LabelPairedCircleCheckLgRegularIcon, LabelPairedCircleCheckMdBoldIcon, LabelPairedCircleCheckMdFillIcon, LabelPairedCircleCheckMdRegularIcon, LabelPairedCircleCheckSmBoldIcon, LabelPairedCircleCheckSmFillIcon, LabelPairedCircleCheckSmRegularIcon, LabelPairedCircleCheckXlBoldIcon, LabelPairedCircleCheckXlFillIcon, LabelPairedCircleCheckXlRegularIcon, LabelPairedCircleChevronDownCaptionBoldIcon, LabelPairedCircleChevronDownCaptionFillIcon, LabelPairedCircleChevronDownCaptionRegularIcon, LabelPairedCircleChevronDownLgBoldIcon, LabelPairedCircleChevronDownLgFillIcon, LabelPairedCircleChevronDownLgRegularIcon, LabelPairedCircleChevronDownMdBoldIcon, LabelPairedCircleChevronDownMdFillIcon, LabelPairedCircleChevronDownMdRegularIcon, LabelPairedCircleChevronDownSmBoldIcon, LabelPairedCircleChevronDownSmFillIcon, LabelPairedCircleChevronDownSmRegularIcon, LabelPairedCircleChevronDownXlBoldIcon, LabelPairedCircleChevronDownXlFillIcon, LabelPairedCircleChevronDownXlRegularIcon, LabelPairedCircleChevronLeftCaptionBoldIcon, LabelPairedCircleChevronLeftCaptionFillIcon, LabelPairedCircleChevronLeftCaptionRegularIcon, LabelPairedCircleChevronLeftLgBoldIcon, LabelPairedCircleChevronLeftLgFillIcon, LabelPairedCircleChevronLeftLgRegularIcon, LabelPairedCircleChevronLeftMdBoldIcon, LabelPairedCircleChevronLeftMdFillIcon, LabelPairedCircleChevronLeftMdRegularIcon, LabelPairedCircleChevronLeftSmBoldIcon, LabelPairedCircleChevronLeftSmFillIcon, LabelPairedCircleChevronLeftSmRegularIcon, LabelPairedCircleChevronLeftXlBoldIcon, LabelPairedCircleChevronLeftXlFillIcon, LabelPairedCircleChevronLeftXlRegularIcon, LabelPairedCircleChevronRightCaptionBoldIcon, LabelPairedCircleChevronRightCaptionFillIcon, LabelPairedCircleChevronRightCaptionRegularIcon, LabelPairedCircleChevronRightLgBoldIcon, LabelPairedCircleChevronRightLgFillIcon, LabelPairedCircleChevronRightLgRegularIcon, LabelPairedCircleChevronRightMdBoldIcon, LabelPairedCircleChevronRightMdFillIcon, LabelPairedCircleChevronRightMdRegularIcon, LabelPairedCircleChevronRightSmBoldIcon, LabelPairedCircleChevronRightSmFillIcon, LabelPairedCircleChevronRightSmRegularIcon, LabelPairedCircleChevronRightXlBoldIcon, LabelPairedCircleChevronRightXlFillIcon, LabelPairedCircleChevronRightXlRegularIcon, LabelPairedCircleChevronUpCaptionBoldIcon, LabelPairedCircleChevronUpCaptionFillIcon, LabelPairedCircleChevronUpCaptionRegularIcon, LabelPairedCircleChevronUpLgBoldIcon, LabelPairedCircleChevronUpLgFillIcon, LabelPairedCircleChevronUpLgRegularIcon, LabelPairedCircleChevronUpMdBoldIcon, LabelPairedCircleChevronUpMdFillIcon, LabelPairedCircleChevronUpMdRegularIcon, LabelPairedCircleChevronUpSmBoldIcon, LabelPairedCircleChevronUpSmFillIcon, LabelPairedCircleChevronUpSmRegularIcon, LabelPairedCircleChevronUpXlBoldIcon, LabelPairedCircleChevronUpXlFillIcon, LabelPairedCircleChevronUpXlRegularIcon, LabelPairedCircleDollarCaptionBoldIcon, LabelPairedCircleDollarCaptionFillIcon, LabelPairedCircleDollarCaptionRegularIcon, LabelPairedCircleDollarLgBoldIcon, LabelPairedCircleDollarLgFillIcon, LabelPairedCircleDollarLgRegularIcon, LabelPairedCircleDollarMdBoldIcon, LabelPairedCircleDollarMdFillIcon, LabelPairedCircleDollarMdRegularIcon, LabelPairedCircleDollarSmBoldIcon, LabelPairedCircleDollarSmFillIcon, LabelPairedCircleDollarSmRegularIcon, LabelPairedCircleDollarXlBoldIcon, LabelPairedCircleDollarXlFillIcon, LabelPairedCircleDollarXlRegularIcon, LabelPairedCircleDotCaptionBoldIcon, LabelPairedCircleDotCaptionFillIcon, LabelPairedCircleDotCaptionRegularIcon, LabelPairedCircleDotLgBoldIcon, LabelPairedCircleDotLgFillIcon, LabelPairedCircleDotLgRegularIcon, LabelPairedCircleDotMdBoldIcon, LabelPairedCircleDotMdFillIcon, LabelPairedCircleDotMdRegularIcon, LabelPairedCircleDotSmBoldIcon, LabelPairedCircleDotSmFillIcon, LabelPairedCircleDotSmRegularIcon, LabelPairedCircleDotXlBoldIcon, LabelPairedCircleDotXlFillIcon, LabelPairedCircleDotXlRegularIcon, LabelPairedCircleEightCaptionBoldIcon, LabelPairedCircleEightCaptionFillIcon, LabelPairedCircleEightCaptionRegularIcon, LabelPairedCircleEightLgBoldIcon, LabelPairedCircleEightLgFillIcon, LabelPairedCircleEightLgRegularIcon, LabelPairedCircleEightMdBoldIcon, LabelPairedCircleEightMdFillIcon, LabelPairedCircleEightMdRegularIcon, LabelPairedCircleEightSmBoldIcon, LabelPairedCircleEightSmFillIcon, LabelPairedCircleEightSmRegularIcon, LabelPairedCircleEightXlBoldIcon, LabelPairedCircleEightXlFillIcon, LabelPairedCircleEightXlRegularIcon, LabelPairedCircleEllipsisCaptionBoldIcon, LabelPairedCircleEllipsisCaptionFillIcon, LabelPairedCircleEllipsisCaptionRegularIcon, LabelPairedCircleEllipsisLgBoldIcon, LabelPairedCircleEllipsisLgFillIcon, LabelPairedCircleEllipsisLgRegularIcon, LabelPairedCircleEllipsisMdBoldIcon, LabelPairedCircleEllipsisMdFillIcon, LabelPairedCircleEllipsisMdRegularIcon, LabelPairedCircleEllipsisSmBoldIcon, LabelPairedCircleEllipsisSmFillIcon, LabelPairedCircleEllipsisSmRegularIcon, LabelPairedCircleEllipsisXlBoldIcon, LabelPairedCircleEllipsisXlFillIcon, LabelPairedCircleEllipsisXlRegularIcon, LabelPairedCircleEnvelopeCaptionBoldIcon, LabelPairedCircleEnvelopeCaptionFillIcon, LabelPairedCircleEnvelopeCaptionRegularIcon, LabelPairedCircleEnvelopeLgBoldIcon, LabelPairedCircleEnvelopeLgFillIcon, LabelPairedCircleEnvelopeLgRegularIcon, LabelPairedCircleEnvelopeMdBoldIcon, LabelPairedCircleEnvelopeMdFillIcon, LabelPairedCircleEnvelopeMdRegularIcon, LabelPairedCircleEnvelopeSmBoldIcon, LabelPairedCircleEnvelopeSmFillIcon, LabelPairedCircleEnvelopeSmRegularIcon, LabelPairedCircleEnvelopeXlBoldIcon, LabelPairedCircleEnvelopeXlFillIcon, LabelPairedCircleEnvelopeXlRegularIcon, LabelPairedCircleEuroCaptionBoldIcon, LabelPairedCircleEuroCaptionFillIcon, LabelPairedCircleEuroCaptionRegularIcon, LabelPairedCircleEuroLgBoldIcon, LabelPairedCircleEuroLgFillIcon, LabelPairedCircleEuroLgRegularIcon, LabelPairedCircleEuroMdBoldIcon, LabelPairedCircleEuroMdFillIcon, LabelPairedCircleEuroMdRegularIcon, LabelPairedCircleEuroSmBoldIcon, LabelPairedCircleEuroSmFillIcon, LabelPairedCircleEuroSmRegularIcon, LabelPairedCircleEuroXlBoldIcon, LabelPairedCircleEuroXlFillIcon, LabelPairedCircleEuroXlRegularIcon, LabelPairedCircleExclamationCaptionBoldIcon, LabelPairedCircleExclamationCaptionFillIcon, LabelPairedCircleExclamationCaptionRegularIcon, LabelPairedCircleExclamationLgBoldIcon, LabelPairedCircleExclamationLgFillIcon, LabelPairedCircleExclamationLgRegularIcon, LabelPairedCircleExclamationMdBoldIcon, LabelPairedCircleExclamationMdFillIcon, LabelPairedCircleExclamationMdRegularIcon, LabelPairedCircleExclamationSmBoldIcon, LabelPairedCircleExclamationSmFillIcon, LabelPairedCircleExclamationSmRegularIcon, LabelPairedCircleExclamationXlBoldIcon, LabelPairedCircleExclamationXlFillIcon, LabelPairedCircleExclamationXlRegularIcon, LabelPairedCircleFiveCaptionBoldIcon, LabelPairedCircleFiveCaptionFillIcon, LabelPairedCircleFiveCaptionRegularIcon, LabelPairedCircleFiveLgBoldIcon, LabelPairedCircleFiveLgFillIcon, LabelPairedCircleFiveLgRegularIcon, LabelPairedCircleFiveMdBoldIcon, LabelPairedCircleFiveMdFillIcon, LabelPairedCircleFiveMdRegularIcon, LabelPairedCircleFiveSmBoldIcon, LabelPairedCircleFiveSmFillIcon, LabelPairedCircleFiveSmRegularIcon, LabelPairedCircleFiveXlBoldIcon, LabelPairedCircleFiveXlFillIcon, LabelPairedCircleFiveXlRegularIcon, LabelPairedCircleFourCaptionBoldIcon, LabelPairedCircleFourCaptionFillIcon, LabelPairedCircleFourCaptionRegularIcon, LabelPairedCircleFourLgBoldIcon, LabelPairedCircleFourLgFillIcon, LabelPairedCircleFourLgRegularIcon, LabelPairedCircleFourMdBoldIcon, LabelPairedCircleFourMdFillIcon, LabelPairedCircleFourMdRegularIcon, LabelPairedCircleFourSmBoldIcon, LabelPairedCircleFourSmFillIcon, LabelPairedCircleFourSmRegularIcon, LabelPairedCircleFourXlBoldIcon, LabelPairedCircleFourXlFillIcon, LabelPairedCircleFourXlRegularIcon, LabelPairedCircleInfoCaptionBoldIcon, LabelPairedCircleInfoCaptionFillIcon, LabelPairedCircleInfoCaptionRegularIcon, LabelPairedCircleInfoLgBoldIcon, LabelPairedCircleInfoLgFillIcon, LabelPairedCircleInfoLgRegularIcon, LabelPairedCircleInfoMdBoldIcon, LabelPairedCircleInfoMdFillIcon, LabelPairedCircleInfoMdRegularIcon, LabelPairedCircleInfoSmBoldIcon, LabelPairedCircleInfoSmFillIcon, LabelPairedCircleInfoSmRegularIcon, LabelPairedCircleInfoXlBoldIcon, LabelPairedCircleInfoXlFillIcon, LabelPairedCircleInfoXlRegularIcon, LabelPairedCircleLgBoldIcon, LabelPairedCircleLgFillIcon, LabelPairedCircleLgRegularIcon, LabelPairedCircleMdBoldIcon, LabelPairedCircleMdFillIcon, LabelPairedCircleMdRegularIcon, LabelPairedCircleMinusCaptionBoldIcon, LabelPairedCircleMinusCaptionFillIcon, LabelPairedCircleMinusCaptionRegularIcon, LabelPairedCircleMinusLgBoldIcon, LabelPairedCircleMinusLgFillIcon, LabelPairedCircleMinusLgRegularIcon, LabelPairedCircleMinusMdBoldIcon, LabelPairedCircleMinusMdFillIcon, LabelPairedCircleMinusMdRegularIcon, LabelPairedCircleMinusSmBoldIcon, LabelPairedCircleMinusSmFillIcon, LabelPairedCircleMinusSmRegularIcon, LabelPairedCircleMinusXlBoldIcon, LabelPairedCircleMinusXlFillIcon, LabelPairedCircleMinusXlRegularIcon, LabelPairedCircleNineCaptionBoldIcon, LabelPairedCircleNineCaptionFillIcon, LabelPairedCircleNineCaptionRegularIcon, LabelPairedCircleNineLgBoldIcon, LabelPairedCircleNineLgFillIcon, LabelPairedCircleNineLgRegularIcon, LabelPairedCircleNineMdBoldIcon, LabelPairedCircleNineMdFillIcon, LabelPairedCircleNineMdRegularIcon, LabelPairedCircleNineSmBoldIcon, LabelPairedCircleNineSmFillIcon, LabelPairedCircleNineSmRegularIcon, LabelPairedCircleNineXlBoldIcon, LabelPairedCircleNineXlFillIcon, LabelPairedCircleNineXlRegularIcon, LabelPairedCircleOneCaptionBoldIcon, LabelPairedCircleOneCaptionFillIcon, LabelPairedCircleOneCaptionRegularIcon, LabelPairedCircleOneLgBoldIcon, LabelPairedCircleOneLgFillIcon, LabelPairedCircleOneLgRegularIcon, LabelPairedCircleOneMdBoldIcon, LabelPairedCircleOneMdFillIcon, LabelPairedCircleOneMdRegularIcon, LabelPairedCircleOneSmBoldIcon, LabelPairedCircleOneSmFillIcon, LabelPairedCircleOneSmRegularIcon, LabelPairedCircleOneXlBoldIcon, LabelPairedCircleOneXlFillIcon, LabelPairedCircleOneXlRegularIcon, LabelPairedCirclePlusCaptionBoldIcon, LabelPairedCirclePlusCaptionFillIcon, LabelPairedCirclePlusCaptionRegularIcon, LabelPairedCirclePlusLgBoldIcon, LabelPairedCirclePlusLgFillIcon, LabelPairedCirclePlusLgRegularIcon, LabelPairedCirclePlusMdBoldIcon, LabelPairedCirclePlusMdFillIcon, LabelPairedCirclePlusMdRegularIcon, LabelPairedCirclePlusSmBoldIcon, LabelPairedCirclePlusSmFillIcon, LabelPairedCirclePlusSmRegularIcon, LabelPairedCirclePlusXlBoldIcon, LabelPairedCirclePlusXlFillIcon, LabelPairedCirclePlusXlRegularIcon, LabelPairedCircleQuestionCaptionBoldIcon, LabelPairedCircleQuestionCaptionFillIcon, LabelPairedCircleQuestionCaptionRegularIcon, LabelPairedCircleQuestionLgBoldIcon, LabelPairedCircleQuestionLgFillIcon, LabelPairedCircleQuestionLgRegularIcon, LabelPairedCircleQuestionMdBoldIcon, LabelPairedCircleQuestionMdFillIcon, LabelPairedCircleQuestionMdRegularIcon, LabelPairedCircleQuestionSmBoldIcon, LabelPairedCircleQuestionSmFillIcon, LabelPairedCircleQuestionSmRegularIcon, LabelPairedCircleQuestionXlBoldIcon, LabelPairedCircleQuestionXlFillIcon, LabelPairedCircleQuestionXlRegularIcon, LabelPairedCircleSevenCaptionBoldIcon, LabelPairedCircleSevenCaptionFillIcon, LabelPairedCircleSevenCaptionRegularIcon, LabelPairedCircleSevenLgBoldIcon, LabelPairedCircleSevenLgFillIcon, LabelPairedCircleSevenLgRegularIcon, LabelPairedCircleSevenMdBoldIcon, LabelPairedCircleSevenMdFillIcon, LabelPairedCircleSevenMdRegularIcon, LabelPairedCircleSevenSmBoldIcon, LabelPairedCircleSevenSmFillIcon, LabelPairedCircleSevenSmRegularIcon, LabelPairedCircleSevenXlBoldIcon, LabelPairedCircleSevenXlFillIcon, LabelPairedCircleSevenXlRegularIcon, LabelPairedCircleSixCaptionBoldIcon, LabelPairedCircleSixCaptionFillIcon, LabelPairedCircleSixCaptionRegularIcon, LabelPairedCircleSixLgBoldIcon, LabelPairedCircleSixLgFillIcon, LabelPairedCircleSixLgRegularIcon, LabelPairedCircleSixMdBoldIcon, LabelPairedCircleSixMdFillIcon, LabelPairedCircleSixMdRegularIcon, LabelPairedCircleSixSmBoldIcon, LabelPairedCircleSixSmFillIcon, LabelPairedCircleSixSmRegularIcon, LabelPairedCircleSixXlBoldIcon, LabelPairedCircleSixXlFillIcon, LabelPairedCircleSixXlRegularIcon, LabelPairedCircleSmBoldIcon, LabelPairedCircleSmFillIcon, LabelPairedCircleSmRegularIcon, LabelPairedCircleSortCaptionBoldIcon, LabelPairedCircleSortCaptionFillIcon, LabelPairedCircleSortCaptionRegularIcon, LabelPairedCircleSortDownCaptionBoldIcon, LabelPairedCircleSortDownCaptionFillIcon, LabelPairedCircleSortDownCaptionRegularIcon, LabelPairedCircleSortDownLgBoldIcon, LabelPairedCircleSortDownLgFillIcon, LabelPairedCircleSortDownLgRegularIcon, LabelPairedCircleSortDownMdBoldIcon, LabelPairedCircleSortDownMdFillIcon, LabelPairedCircleSortDownMdRegularIcon, LabelPairedCircleSortDownSmBoldIcon, LabelPairedCircleSortDownSmFillIcon, LabelPairedCircleSortDownSmRegularIcon, LabelPairedCircleSortDownXlBoldIcon, LabelPairedCircleSortDownXlFillIcon, LabelPairedCircleSortDownXlRegularIcon, LabelPairedCircleSortLgBoldIcon, LabelPairedCircleSortLgFillIcon, LabelPairedCircleSortLgRegularIcon, LabelPairedCircleSortMdBoldIcon, LabelPairedCircleSortMdFillIcon, LabelPairedCircleSortMdRegularIcon, LabelPairedCircleSortSmBoldIcon, LabelPairedCircleSortSmFillIcon, LabelPairedCircleSortSmRegularIcon, LabelPairedCircleSortUpCaptionBoldIcon, LabelPairedCircleSortUpCaptionFillIcon, LabelPairedCircleSortUpCaptionRegularIcon, LabelPairedCircleSortUpLgBoldIcon, LabelPairedCircleSortUpLgFillIcon, LabelPairedCircleSortUpLgRegularIcon, LabelPairedCircleSortUpMdBoldIcon, LabelPairedCircleSortUpMdFillIcon, LabelPairedCircleSortUpMdRegularIcon, LabelPairedCircleSortUpSmBoldIcon, LabelPairedCircleSortUpSmFillIcon, LabelPairedCircleSortUpSmRegularIcon, LabelPairedCircleSortUpXlBoldIcon, LabelPairedCircleSortUpXlFillIcon, LabelPairedCircleSortUpXlRegularIcon, LabelPairedCircleSortXlBoldIcon, LabelPairedCircleSortXlFillIcon, LabelPairedCircleSortXlRegularIcon, LabelPairedCircleStarCaptionBoldIcon, LabelPairedCircleStarCaptionFillIcon, LabelPairedCircleStarCaptionRegularIcon, LabelPairedCircleStarLgBoldIcon, LabelPairedCircleStarLgFillIcon, LabelPairedCircleStarLgRegularIcon, LabelPairedCircleStarMdBoldIcon, LabelPairedCircleStarMdFillIcon, LabelPairedCircleStarMdRegularIcon, LabelPairedCircleStarSmBoldIcon, LabelPairedCircleStarSmFillIcon, LabelPairedCircleStarSmRegularIcon, LabelPairedCircleStarXlBoldIcon, LabelPairedCircleStarXlFillIcon, LabelPairedCircleStarXlRegularIcon, LabelPairedCircleSterlingCaptionBoldIcon, LabelPairedCircleSterlingCaptionFillIcon, LabelPairedCircleSterlingCaptionRegularIcon, LabelPairedCircleSterlingLgBoldIcon, LabelPairedCircleSterlingLgFillIcon, LabelPairedCircleSterlingLgRegularIcon, LabelPairedCircleSterlingMdBoldIcon, LabelPairedCircleSterlingMdFillIcon, LabelPairedCircleSterlingMdRegularIcon, LabelPairedCircleSterlingSmBoldIcon, LabelPairedCircleSterlingSmFillIcon, LabelPairedCircleSterlingSmRegularIcon, LabelPairedCircleSterlingXlBoldIcon, LabelPairedCircleSterlingXlFillIcon, LabelPairedCircleSterlingXlRegularIcon, LabelPairedCircleThreeCaptionBoldIcon, LabelPairedCircleThreeCaptionFillIcon, LabelPairedCircleThreeCaptionRegularIcon, LabelPairedCircleThreeLgBoldIcon, LabelPairedCircleThreeLgFillIcon, LabelPairedCircleThreeLgRegularIcon, LabelPairedCircleThreeMdBoldIcon, LabelPairedCircleThreeMdFillIcon, LabelPairedCircleThreeMdRegularIcon, LabelPairedCircleThreeSmBoldIcon, LabelPairedCircleThreeSmFillIcon, LabelPairedCircleThreeSmRegularIcon, LabelPairedCircleThreeXlBoldIcon, LabelPairedCircleThreeXlFillIcon, LabelPairedCircleThreeXlRegularIcon, LabelPairedCircleTrashCaptionBoldIcon, LabelPairedCircleTrashCaptionFillIcon, LabelPairedCircleTrashCaptionRegularIcon, LabelPairedCircleTrashLgBoldIcon, LabelPairedCircleTrashLgFillIcon, LabelPairedCircleTrashLgRegularIcon, LabelPairedCircleTrashMdBoldIcon, LabelPairedCircleTrashMdFillIcon, LabelPairedCircleTrashMdRegularIcon, LabelPairedCircleTrashSmBoldIcon, LabelPairedCircleTrashSmFillIcon, LabelPairedCircleTrashSmRegularIcon, LabelPairedCircleTrashXlBoldIcon, LabelPairedCircleTrashXlFillIcon, LabelPairedCircleTrashXlRegularIcon, LabelPairedCircleTwoCaptionBoldIcon, LabelPairedCircleTwoCaptionFillIcon, LabelPairedCircleTwoCaptionRegularIcon, LabelPairedCircleTwoLgBoldIcon, LabelPairedCircleTwoLgFillIcon, LabelPairedCircleTwoLgRegularIcon, LabelPairedCircleTwoMdBoldIcon, LabelPairedCircleTwoMdFillIcon, LabelPairedCircleTwoMdRegularIcon, LabelPairedCircleTwoSmBoldIcon, LabelPairedCircleTwoSmFillIcon, LabelPairedCircleTwoSmRegularIcon, LabelPairedCircleTwoXlBoldIcon, LabelPairedCircleTwoXlFillIcon, LabelPairedCircleTwoXlRegularIcon, LabelPairedCircleUserCaptionBoldIcon, LabelPairedCircleUserCaptionFillIcon, LabelPairedCircleUserCaptionRegularIcon, LabelPairedCircleUserLgBoldIcon, LabelPairedCircleUserLgFillIcon, LabelPairedCircleUserLgRegularIcon, LabelPairedCircleUserMdBoldIcon, LabelPairedCircleUserMdFillIcon, LabelPairedCircleUserMdRegularIcon, LabelPairedCircleUserSlashCaptionBoldIcon, LabelPairedCircleUserSlashCaptionFillIcon, LabelPairedCircleUserSlashCaptionRegularIcon, LabelPairedCircleUserSlashLgBoldIcon, LabelPairedCircleUserSlashLgFillIcon, LabelPairedCircleUserSlashLgRegularIcon, LabelPairedCircleUserSlashMdBoldIcon, LabelPairedCircleUserSlashMdFillIcon, LabelPairedCircleUserSlashMdRegularIcon, LabelPairedCircleUserSlashSmBoldIcon, LabelPairedCircleUserSlashSmFillIcon, LabelPairedCircleUserSlashSmRegularIcon, LabelPairedCircleUserSlashXlBoldIcon, LabelPairedCircleUserSlashXlFillIcon, LabelPairedCircleUserSlashXlRegularIcon, LabelPairedCircleUserSmBoldIcon, LabelPairedCircleUserSmFillIcon, LabelPairedCircleUserSmRegularIcon, LabelPairedCircleUserXlBoldIcon, LabelPairedCircleUserXlFillIcon, LabelPairedCircleUserXlRegularIcon, LabelPairedCircleXlBoldIcon, LabelPairedCircleXlFillIcon, LabelPairedCircleXlRegularIcon, LabelPairedCircleXmarkCaptionBoldIcon, LabelPairedCircleXmarkCaptionFillIcon, LabelPairedCircleXmarkCaptionRegularIcon, LabelPairedCircleXmarkLgBoldIcon, LabelPairedCircleXmarkLgFillIcon, LabelPairedCircleXmarkLgRegularIcon, LabelPairedCircleXmarkMdBoldIcon, LabelPairedCircleXmarkMdFillIcon, LabelPairedCircleXmarkMdRegularIcon, LabelPairedCircleXmarkSmBoldIcon, LabelPairedCircleXmarkSmFillIcon, LabelPairedCircleXmarkSmRegularIcon, LabelPairedCircleXmarkXlBoldIcon, LabelPairedCircleXmarkXlFillIcon, LabelPairedCircleXmarkXlRegularIcon, LabelPairedCircleZeroCaptionBoldIcon, LabelPairedCircleZeroCaptionFillIcon, LabelPairedCircleZeroCaptionRegularIcon, LabelPairedCircleZeroLgBoldIcon, LabelPairedCircleZeroLgFillIcon, LabelPairedCircleZeroLgRegularIcon, LabelPairedCircleZeroMdBoldIcon, LabelPairedCircleZeroMdFillIcon, LabelPairedCircleZeroMdRegularIcon, LabelPairedCircleZeroSmBoldIcon, LabelPairedCircleZeroSmFillIcon, LabelPairedCircleZeroSmRegularIcon, LabelPairedCircleZeroXlBoldIcon, LabelPairedCircleZeroXlFillIcon, LabelPairedCircleZeroXlRegularIcon, LabelPairedClapperboardPlayCaptionBoldIcon, LabelPairedClapperboardPlayCaptionFillIcon, LabelPairedClapperboardPlayCaptionRegularIcon, LabelPairedClapperboardPlayLgBoldIcon, LabelPairedClapperboardPlayLgFillIcon, LabelPairedClapperboardPlayLgRegularIcon, LabelPairedClapperboardPlayMdBoldIcon, LabelPairedClapperboardPlayMdFillIcon, LabelPairedClapperboardPlayMdRegularIcon, LabelPairedClapperboardPlaySmBoldIcon, LabelPairedClapperboardPlaySmFillIcon, LabelPairedClapperboardPlaySmRegularIcon, LabelPairedClapperboardPlayXlBoldIcon, LabelPairedClapperboardPlayXlFillIcon, LabelPairedClapperboardPlayXlRegularIcon, LabelPairedClockThreeCaptionBoldIcon, LabelPairedClockThreeCaptionFillIcon, LabelPairedClockThreeCaptionRegularIcon, LabelPairedClockThreeLgBoldIcon, LabelPairedClockThreeLgFillIcon, LabelPairedClockThreeLgRegularIcon, LabelPairedClockThreeMdBoldIcon, LabelPairedClockThreeMdFillIcon, LabelPairedClockThreeMdRegularIcon, LabelPairedClockThreeSmBoldIcon, LabelPairedClockThreeSmFillIcon, LabelPairedClockThreeSmRegularIcon, LabelPairedClockThreeXlBoldIcon, LabelPairedClockThreeXlFillIcon, LabelPairedClockThreeXlRegularIcon, LabelPairedCloneCaptionBoldIcon, LabelPairedCloneCaptionFillIcon, LabelPairedCloneCaptionRegularIcon, LabelPairedCloneLgBoldIcon, LabelPairedCloneLgFillIcon, LabelPairedCloneLgRegularIcon, LabelPairedCloneMdBoldIcon, LabelPairedCloneMdFillIcon, LabelPairedCloneMdRegularIcon, LabelPairedCloneSmBoldIcon, LabelPairedCloneSmFillIcon, LabelPairedCloneSmRegularIcon, LabelPairedCloneXlBoldIcon, LabelPairedCloneXlFillIcon, LabelPairedCloneXlRegularIcon, LabelPairedCompressCaptionBoldIcon, LabelPairedCompressCaptionFillIcon, LabelPairedCompressCaptionRegularIcon, LabelPairedCompressLgBoldIcon, LabelPairedCompressLgFillIcon, LabelPairedCompressLgRegularIcon, LabelPairedCompressMdBoldIcon, LabelPairedCompressMdFillIcon, LabelPairedCompressMdRegularIcon, LabelPairedCompressSmBoldIcon, LabelPairedCompressSmFillIcon, LabelPairedCompressSmRegularIcon, LabelPairedCompressXlBoldIcon, LabelPairedCompressXlFillIcon, LabelPairedCompressXlRegularIcon, LabelPairedComputerCaptionBoldIcon, LabelPairedComputerCaptionFillIcon, LabelPairedComputerCaptionRegularIcon, LabelPairedComputerLgBoldIcon, LabelPairedComputerLgFillIcon, LabelPairedComputerLgRegularIcon, LabelPairedComputerMdBoldIcon, LabelPairedComputerMdFillIcon, LabelPairedComputerMdRegularIcon, LabelPairedComputerMouseScrollwheelCaptionBoldIcon, LabelPairedComputerMouseScrollwheelCaptionFillIcon, LabelPairedComputerMouseScrollwheelCaptionRegularIcon, LabelPairedComputerMouseScrollwheelLgBoldIcon, LabelPairedComputerMouseScrollwheelLgFillIcon, LabelPairedComputerMouseScrollwheelLgRegularIcon, LabelPairedComputerMouseScrollwheelMdBoldIcon, LabelPairedComputerMouseScrollwheelMdFillIcon, LabelPairedComputerMouseScrollwheelMdRegularIcon, LabelPairedComputerMouseScrollwheelSmBoldIcon, LabelPairedComputerMouseScrollwheelSmFillIcon, LabelPairedComputerMouseScrollwheelSmRegularIcon, LabelPairedComputerMouseScrollwheelXlBoldIcon, LabelPairedComputerMouseScrollwheelXlFillIcon, LabelPairedComputerMouseScrollwheelXlRegularIcon, LabelPairedComputerSmBoldIcon, LabelPairedComputerSmFillIcon, LabelPairedComputerSmRegularIcon, LabelPairedComputerXlBoldIcon, LabelPairedComputerXlFillIcon, LabelPairedComputerXlRegularIcon, LabelPairedCopyCaptionBoldIcon, LabelPairedCopyCaptionFillIcon, LabelPairedCopyCaptionRegularIcon, LabelPairedCopyLgBoldIcon, LabelPairedCopyLgFillIcon, LabelPairedCopyLgRegularIcon, LabelPairedCopyMdBoldIcon, LabelPairedCopyMdFillIcon, LabelPairedCopyMdRegularIcon, LabelPairedCopySmBoldIcon, LabelPairedCopySmFillIcon, LabelPairedCopySmRegularIcon, LabelPairedCopyXlBoldIcon, LabelPairedCopyXlFillIcon, LabelPairedCopyXlRegularIcon, LabelPairedCreditCardCaptionBoldIcon, LabelPairedCreditCardCaptionFillIcon, LabelPairedCreditCardCaptionRegularIcon, LabelPairedCreditCardLgBoldIcon, LabelPairedCreditCardLgFillIcon, LabelPairedCreditCardLgRegularIcon, LabelPairedCreditCardMdBoldIcon, LabelPairedCreditCardMdFillIcon, LabelPairedCreditCardMdRegularIcon, LabelPairedCreditCardSmBoldIcon, LabelPairedCreditCardSmFillIcon, LabelPairedCreditCardSmRegularIcon, LabelPairedCreditCardXlBoldIcon, LabelPairedCreditCardXlFillIcon, LabelPairedCreditCardXlRegularIcon, LabelPairedDealCancellationCaptionBoldIcon, LabelPairedDealCancellationCaptionFillIcon, LabelPairedDealCancellationCaptionRegularIcon, LabelPairedDealCancellationLgBoldIcon, LabelPairedDealCancellationLgFillIcon, LabelPairedDealCancellationLgRegularIcon, LabelPairedDealCancellationMdBoldIcon, LabelPairedDealCancellationMdFillIcon, LabelPairedDealCancellationMdRegularIcon, LabelPairedDealCancellationSmBoldIcon, LabelPairedDealCancellationSmFillIcon, LabelPairedDealCancellationSmRegularIcon, LabelPairedDealCancellationXlBoldIcon, LabelPairedDealCancellationXlFillIcon, LabelPairedDealCancellationXlRegularIcon, LabelPairedDealProtectionCaptionBoldIcon, LabelPairedDealProtectionCaptionFillIcon, LabelPairedDealProtectionCaptionRegularIcon, LabelPairedDealProtectionLgBoldIcon, LabelPairedDealProtectionLgFillIcon, LabelPairedDealProtectionLgRegularIcon, LabelPairedDealProtectionMdBoldIcon, LabelPairedDealProtectionMdFillIcon, LabelPairedDealProtectionMdRegularIcon, LabelPairedDealProtectionSmBoldIcon, LabelPairedDealProtectionSmFillIcon, LabelPairedDealProtectionSmRegularIcon, LabelPairedDealProtectionXlBoldIcon, LabelPairedDealProtectionXlFillIcon, LabelPairedDealProtectionXlRegularIcon, LabelPairedDerivCaptionIcon, LabelPairedDerivLgIcon, LabelPairedDerivMdIcon, LabelPairedDerivP2pCaptionBoldIcon, LabelPairedDerivP2pCaptionFillIcon, LabelPairedDerivP2pCaptionRegularIcon, LabelPairedDerivP2pLgBoldIcon, LabelPairedDerivP2pLgFillIcon, LabelPairedDerivP2pLgRegularIcon, LabelPairedDerivP2pMdBoldIcon, LabelPairedDerivP2pMdFillIcon, LabelPairedDerivP2pMdRegularIcon, LabelPairedDerivP2pSmBoldIcon, LabelPairedDerivP2pSmFillIcon, LabelPairedDerivP2pSmRegularIcon, LabelPairedDerivP2pXlBoldIcon, LabelPairedDerivP2pXlFillIcon, LabelPairedDerivP2pXlRegularIcon, LabelPairedDerivSmIcon, LabelPairedDerivXlIcon, LabelPairedDesktopCaptionBoldIcon, LabelPairedDesktopCaptionFillIcon, LabelPairedDesktopCaptionRegularIcon, LabelPairedDesktopLgBoldIcon, LabelPairedDesktopLgFillIcon, LabelPairedDesktopLgRegularIcon, LabelPairedDesktopMdBoldIcon, LabelPairedDesktopMdFillIcon, LabelPairedDesktopMdRegularIcon, LabelPairedDesktopSmBoldIcon, LabelPairedDesktopSmFillIcon, LabelPairedDesktopSmRegularIcon, LabelPairedDesktopXlBoldIcon, LabelPairedDesktopXlFillIcon, LabelPairedDesktopXlRegularIcon, LabelPairedDollarSignCaptionBoldIcon, LabelPairedDollarSignCaptionFillIcon, LabelPairedDollarSignCaptionRegularIcon, LabelPairedDollarSignLgBoldIcon, LabelPairedDollarSignLgFillIcon, LabelPairedDollarSignLgRegularIcon, LabelPairedDollarSignMdBoldIcon, LabelPairedDollarSignMdFillIcon, LabelPairedDollarSignMdRegularIcon, LabelPairedDollarSignSmBoldIcon, LabelPairedDollarSignSmFillIcon, LabelPairedDollarSignSmRegularIcon, LabelPairedDollarSignXlBoldIcon, LabelPairedDollarSignXlFillIcon, LabelPairedDollarSignXlRegularIcon, LabelPairedEightCaptionBoldIcon, LabelPairedEightCaptionFillIcon, LabelPairedEightCaptionRegularIcon, LabelPairedEightLgBoldIcon, LabelPairedEightLgFillIcon, LabelPairedEightLgRegularIcon, LabelPairedEightMdBoldIcon, LabelPairedEightMdFillIcon, LabelPairedEightMdRegularIcon, LabelPairedEightSmBoldIcon, LabelPairedEightSmFillIcon, LabelPairedEightSmRegularIcon, LabelPairedEightXlBoldIcon, LabelPairedEightXlFillIcon, LabelPairedEightXlRegularIcon, LabelPairedEllipsisCaptionBoldIcon, LabelPairedEllipsisCaptionFillIcon, LabelPairedEllipsisCaptionRegularIcon, LabelPairedEllipsisLgBoldIcon, LabelPairedEllipsisLgFillIcon, LabelPairedEllipsisLgRegularIcon, LabelPairedEllipsisMdBoldIcon, LabelPairedEllipsisMdFillIcon, LabelPairedEllipsisMdRegularIcon, LabelPairedEllipsisSmBoldIcon, LabelPairedEllipsisSmFillIcon, LabelPairedEllipsisSmRegularIcon, LabelPairedEllipsisVerticalCaptionBoldIcon, LabelPairedEllipsisVerticalCaptionFillIcon, LabelPairedEllipsisVerticalCaptionRegularIcon, LabelPairedEllipsisVerticalLgBoldIcon, LabelPairedEllipsisVerticalLgFillIcon, LabelPairedEllipsisVerticalLgRegularIcon, LabelPairedEllipsisVerticalMdBoldIcon, LabelPairedEllipsisVerticalMdFillIcon, LabelPairedEllipsisVerticalMdRegularIcon, LabelPairedEllipsisVerticalSmBoldIcon, LabelPairedEllipsisVerticalSmFillIcon, LabelPairedEllipsisVerticalSmRegularIcon, LabelPairedEllipsisVerticalXlBoldIcon, LabelPairedEllipsisVerticalXlFillIcon, LabelPairedEllipsisVerticalXlRegularIcon, LabelPairedEllipsisXlBoldIcon, LabelPairedEllipsisXlFillIcon, LabelPairedEllipsisXlRegularIcon, LabelPairedEnvelopeCaptionBoldIcon, LabelPairedEnvelopeCaptionFillIcon, LabelPairedEnvelopeCaptionRegularIcon, LabelPairedEnvelopeLgBoldIcon, LabelPairedEnvelopeLgFillIcon, LabelPairedEnvelopeLgRegularIcon, LabelPairedEnvelopeMdBoldIcon, LabelPairedEnvelopeMdFillIcon, LabelPairedEnvelopeMdRegularIcon, LabelPairedEnvelopeSmBoldIcon, LabelPairedEnvelopeSmFillIcon, LabelPairedEnvelopeSmRegularIcon, LabelPairedEnvelopeXlBoldIcon, LabelPairedEnvelopeXlFillIcon, LabelPairedEnvelopeXlRegularIcon, LabelPairedEuroSignCaptionBoldIcon, LabelPairedEuroSignCaptionFillIcon, LabelPairedEuroSignCaptionRegularIcon, LabelPairedEuroSignLgBoldIcon, LabelPairedEuroSignLgFillIcon, LabelPairedEuroSignLgRegularIcon, LabelPairedEuroSignMdBoldIcon, LabelPairedEuroSignMdFillIcon, LabelPairedEuroSignMdRegularIcon, LabelPairedEuroSignSmBoldIcon, LabelPairedEuroSignSmFillIcon, LabelPairedEuroSignSmRegularIcon, LabelPairedEuroSignXlBoldIcon, LabelPairedEuroSignXlFillIcon, LabelPairedEuroSignXlRegularIcon, LabelPairedExclamationCaptionBoldIcon, LabelPairedExclamationCaptionFillIcon, LabelPairedExclamationCaptionRegularIcon, LabelPairedExclamationLgBoldIcon, LabelPairedExclamationLgFillIcon, LabelPairedExclamationLgRegularIcon, LabelPairedExclamationMdBoldIcon, LabelPairedExclamationMdFillIcon, LabelPairedExclamationMdRegularIcon, LabelPairedExclamationSmBoldIcon, LabelPairedExclamationSmFillIcon, LabelPairedExclamationSmRegularIcon, LabelPairedExclamationXlBoldIcon, LabelPairedExclamationXlFillIcon, LabelPairedExclamationXlRegularIcon, LabelPairedExpandCaptionBoldIcon, LabelPairedExpandCaptionFillIcon, LabelPairedExpandCaptionRegularIcon, LabelPairedExpandLgBoldIcon, LabelPairedExpandLgFillIcon, LabelPairedExpandLgRegularIcon, LabelPairedExpandMdBoldIcon, LabelPairedExpandMdFillIcon, LabelPairedExpandMdRegularIcon, LabelPairedExpandSmBoldIcon, LabelPairedExpandSmFillIcon, LabelPairedExpandSmRegularIcon, LabelPairedExpandXlBoldIcon, LabelPairedExpandXlFillIcon, LabelPairedExpandXlRegularIcon, LabelPairedEyeCaptionBoldIcon, LabelPairedEyeCaptionFillIcon, LabelPairedEyeCaptionRegularIcon, LabelPairedEyeLgBoldIcon, LabelPairedEyeLgFillIcon, LabelPairedEyeLgRegularIcon, LabelPairedEyeMdBoldIcon, LabelPairedEyeMdFillIcon, LabelPairedEyeMdRegularIcon, LabelPairedEyeSlashCaptionBoldIcon, LabelPairedEyeSlashCaptionFillIcon, LabelPairedEyeSlashCaptionRegularIcon, LabelPairedEyeSlashLgBoldIcon, LabelPairedEyeSlashLgFillIcon, LabelPairedEyeSlashLgRegularIcon, LabelPairedEyeSlashMdBoldIcon, LabelPairedEyeSlashMdFillIcon, LabelPairedEyeSlashMdRegularIcon, LabelPairedEyeSlashSmBoldIcon, LabelPairedEyeSlashSmFillIcon, LabelPairedEyeSlashSmRegularIcon, LabelPairedEyeSlashXlBoldIcon, LabelPairedEyeSlashXlFillIcon, LabelPairedEyeSlashXlRegularIcon, LabelPairedEyeSmBoldIcon, LabelPairedEyeSmFillIcon, LabelPairedEyeSmRegularIcon, LabelPairedEyeXlBoldIcon, LabelPairedEyeXlFillIcon, LabelPairedEyeXlRegularIcon, LabelPairedFaceViewfinderCaptionBoldIcon, LabelPairedFaceViewfinderCaptionFillIcon, LabelPairedFaceViewfinderCaptionRegularIcon, LabelPairedFaceViewfinderLgBoldIcon, LabelPairedFaceViewfinderLgFillIcon, LabelPairedFaceViewfinderLgRegularIcon, LabelPairedFaceViewfinderMdBoldIcon, LabelPairedFaceViewfinderMdFillIcon, LabelPairedFaceViewfinderMdRegularIcon, LabelPairedFaceViewfinderSmBoldIcon, LabelPairedFaceViewfinderSmFillIcon, LabelPairedFaceViewfinderSmRegularIcon, LabelPairedFaceViewfinderXlBoldIcon, LabelPairedFaceViewfinderXlFillIcon, LabelPairedFaceViewfinderXlRegularIcon, LabelPairedFacebookCaptionIcon, LabelPairedFacebookLgIcon, LabelPairedFacebookMdIcon, LabelPairedFacebookMessengerCaptionIcon, LabelPairedFacebookMessengerLgIcon, LabelPairedFacebookMessengerMdIcon, LabelPairedFacebookMessengerSmIcon, LabelPairedFacebookMessengerXlIcon, LabelPairedFacebookSmIcon, LabelPairedFacebookXlIcon, LabelPairedFiatOfframpCaptionBoldIcon, LabelPairedFiatOfframpCaptionFillIcon, LabelPairedFiatOfframpCaptionRegularIcon, LabelPairedFiatOfframpLgBoldIcon, LabelPairedFiatOfframpLgFillIcon, LabelPairedFiatOfframpLgRegularIcon, LabelPairedFiatOfframpMdBoldIcon, LabelPairedFiatOfframpMdFillIcon, LabelPairedFiatOfframpMdRegularIcon, LabelPairedFiatOfframpSmBoldIcon, LabelPairedFiatOfframpSmFillIcon, LabelPairedFiatOfframpSmRegularIcon, LabelPairedFiatOfframpXlBoldIcon, LabelPairedFiatOfframpXlFillIcon, LabelPairedFiatOfframpXlRegularIcon, LabelPairedFiatOnrampCaptionBoldIcon, LabelPairedFiatOnrampCaptionFillIcon, LabelPairedFiatOnrampCaptionRegularIcon, LabelPairedFiatOnrampLgBoldIcon, LabelPairedFiatOnrampLgFillIcon, LabelPairedFiatOnrampLgRegularIcon, LabelPairedFiatOnrampMdBoldIcon, LabelPairedFiatOnrampMdFillIcon, LabelPairedFiatOnrampMdRegularIcon, LabelPairedFiatOnrampSmBoldIcon, LabelPairedFiatOnrampSmFillIcon, LabelPairedFiatOnrampSmRegularIcon, LabelPairedFiatOnrampXlBoldIcon, LabelPairedFiatOnrampXlFillIcon, LabelPairedFiatOnrampXlRegularIcon, LabelPairedFieldPasswordCaptionBoldIcon, LabelPairedFieldPasswordCaptionFillIcon, LabelPairedFieldPasswordCaptionRegularIcon, LabelPairedFieldPasswordLgBoldIcon, LabelPairedFieldPasswordLgFillIcon, LabelPairedFieldPasswordLgRegularIcon, LabelPairedFieldPasswordMdBoldIcon, LabelPairedFieldPasswordMdFillIcon, LabelPairedFieldPasswordMdRegularIcon, LabelPairedFieldPasswordSmBoldIcon, LabelPairedFieldPasswordSmFillIcon, LabelPairedFieldPasswordSmRegularIcon, LabelPairedFieldPasswordXlBoldIcon, LabelPairedFieldPasswordXlFillIcon, LabelPairedFieldPasswordXlRegularIcon, LabelPairedFileArrowDownCaptionBoldIcon, LabelPairedFileArrowDownCaptionFillIcon, LabelPairedFileArrowDownCaptionRegularIcon, LabelPairedFileArrowDownLgBoldIcon, LabelPairedFileArrowDownLgFillIcon, LabelPairedFileArrowDownLgRegularIcon, LabelPairedFileArrowDownMdBoldIcon, LabelPairedFileArrowDownMdFillIcon, LabelPairedFileArrowDownMdRegularIcon, LabelPairedFileArrowDownSmBoldIcon, LabelPairedFileArrowDownSmFillIcon, LabelPairedFileArrowDownSmRegularIcon, LabelPairedFileArrowDownXlBoldIcon, LabelPairedFileArrowDownXlFillIcon, LabelPairedFileArrowDownXlRegularIcon, LabelPairedFileCaptionBoldIcon, LabelPairedFileCaptionFillIcon, LabelPairedFileCaptionRegularIcon, LabelPairedFileCertificateCaptionBoldIcon, LabelPairedFileCertificateCaptionFillIcon, LabelPairedFileCertificateCaptionRegularIcon, LabelPairedFileCertificateLgBoldIcon, LabelPairedFileCertificateLgFillIcon, LabelPairedFileCertificateLgRegularIcon, LabelPairedFileCertificateMdBoldIcon, LabelPairedFileCertificateMdFillIcon, LabelPairedFileCertificateMdRegularIcon, LabelPairedFileCertificateSmBoldIcon, LabelPairedFileCertificateSmFillIcon, LabelPairedFileCertificateSmRegularIcon, LabelPairedFileCertificateXlBoldIcon, LabelPairedFileCertificateXlFillIcon, LabelPairedFileCertificateXlRegularIcon, LabelPairedFileChartColumnCaptionBoldIcon, LabelPairedFileChartColumnCaptionFillIcon, LabelPairedFileChartColumnCaptionRegularIcon, LabelPairedFileChartColumnLgBoldIcon, LabelPairedFileChartColumnLgFillIcon, LabelPairedFileChartColumnLgRegularIcon, LabelPairedFileChartColumnMdBoldIcon, LabelPairedFileChartColumnMdFillIcon, LabelPairedFileChartColumnMdRegularIcon, LabelPairedFileChartColumnSmBoldIcon, LabelPairedFileChartColumnSmFillIcon, LabelPairedFileChartColumnSmRegularIcon, LabelPairedFileChartColumnXlBoldIcon, LabelPairedFileChartColumnXlFillIcon, LabelPairedFileChartColumnXlRegularIcon, LabelPairedFileCheckCaptionBoldIcon, LabelPairedFileCheckCaptionFillIcon, LabelPairedFileCheckCaptionRegularIcon, LabelPairedFileCheckLgBoldIcon, LabelPairedFileCheckLgFillIcon, LabelPairedFileCheckLgRegularIcon, LabelPairedFileCheckMdBoldIcon, LabelPairedFileCheckMdFillIcon, LabelPairedFileCheckMdRegularIcon, LabelPairedFileCheckSmBoldIcon, LabelPairedFileCheckSmFillIcon, LabelPairedFileCheckSmRegularIcon, LabelPairedFileCheckXlBoldIcon, LabelPairedFileCheckXlFillIcon, LabelPairedFileCheckXlRegularIcon, LabelPairedFileCircleInfoCaptionBoldIcon, LabelPairedFileCircleInfoCaptionFillIcon, LabelPairedFileCircleInfoCaptionRegularIcon, LabelPairedFileCircleInfoLgBoldIcon, LabelPairedFileCircleInfoLgFillIcon, LabelPairedFileCircleInfoLgRegularIcon, LabelPairedFileCircleInfoMdBoldIcon, LabelPairedFileCircleInfoMdFillIcon, LabelPairedFileCircleInfoMdRegularIcon, LabelPairedFileCircleInfoSmBoldIcon, LabelPairedFileCircleInfoSmFillIcon, LabelPairedFileCircleInfoSmRegularIcon, LabelPairedFileCircleInfoXlBoldIcon, LabelPairedFileCircleInfoXlFillIcon, LabelPairedFileCircleInfoXlRegularIcon, LabelPairedFileCsvCaptionBoldIcon, LabelPairedFileCsvCaptionFillIcon, LabelPairedFileCsvCaptionRegularIcon, LabelPairedFileCsvLgBoldIcon, LabelPairedFileCsvLgFillIcon, LabelPairedFileCsvLgRegularIcon, LabelPairedFileCsvMdBoldIcon, LabelPairedFileCsvMdFillIcon, LabelPairedFileCsvMdRegularIcon, LabelPairedFileCsvSmBoldIcon, LabelPairedFileCsvSmFillIcon, LabelPairedFileCsvSmRegularIcon, LabelPairedFileCsvXlBoldIcon, LabelPairedFileCsvXlFillIcon, LabelPairedFileCsvXlRegularIcon, LabelPairedFileDocCaptionBoldIcon, LabelPairedFileDocCaptionFillIcon, LabelPairedFileDocCaptionRegularIcon, LabelPairedFileDocLgBoldIcon, LabelPairedFileDocLgFillIcon, LabelPairedFileDocLgRegularIcon, LabelPairedFileDocMdBoldIcon, LabelPairedFileDocMdFillIcon, LabelPairedFileDocMdRegularIcon, LabelPairedFileDocSmBoldIcon, LabelPairedFileDocSmFillIcon, LabelPairedFileDocSmRegularIcon, LabelPairedFileDocXlBoldIcon, LabelPairedFileDocXlFillIcon, LabelPairedFileDocXlRegularIcon, LabelPairedFileExcelCaptionBoldIcon, LabelPairedFileExcelCaptionFillIcon, LabelPairedFileExcelCaptionRegularIcon, LabelPairedFileExcelLgBoldIcon, LabelPairedFileExcelLgFillIcon, LabelPairedFileExcelLgRegularIcon, LabelPairedFileExcelMdBoldIcon, LabelPairedFileExcelMdFillIcon, LabelPairedFileExcelMdRegularIcon, LabelPairedFileExcelSmBoldIcon, LabelPairedFileExcelSmFillIcon, LabelPairedFileExcelSmRegularIcon, LabelPairedFileExcelXlBoldIcon, LabelPairedFileExcelXlFillIcon, LabelPairedFileExcelXlRegularIcon, LabelPairedFileInvoiceDollarCaptionBoldIcon, LabelPairedFileInvoiceDollarCaptionFillIcon, LabelPairedFileInvoiceDollarCaptionRegularIcon, LabelPairedFileInvoiceDollarLgBoldIcon, LabelPairedFileInvoiceDollarLgFillIcon, LabelPairedFileInvoiceDollarLgRegularIcon, LabelPairedFileInvoiceDollarMdBoldIcon, LabelPairedFileInvoiceDollarMdFillIcon, LabelPairedFileInvoiceDollarMdRegularIcon, LabelPairedFileInvoiceDollarSmBoldIcon, LabelPairedFileInvoiceDollarSmFillIcon, LabelPairedFileInvoiceDollarSmRegularIcon, LabelPairedFileInvoiceDollarXlBoldIcon, LabelPairedFileInvoiceDollarXlFillIcon, LabelPairedFileInvoiceDollarXlRegularIcon, LabelPairedFileLgBoldIcon, LabelPairedFileLgFillIcon, LabelPairedFileLgRegularIcon, LabelPairedFileLinesCaptionBoldIcon, LabelPairedFileLinesCaptionFillIcon, LabelPairedFileLinesCaptionRegularIcon, LabelPairedFileLinesLgBoldIcon, LabelPairedFileLinesLgFillIcon, LabelPairedFileLinesLgRegularIcon, LabelPairedFileLinesMdBoldIcon, LabelPairedFileLinesMdFillIcon, LabelPairedFileLinesMdRegularIcon, LabelPairedFileLinesSmBoldIcon, LabelPairedFileLinesSmFillIcon, LabelPairedFileLinesSmRegularIcon, LabelPairedFileLinesXlBoldIcon, LabelPairedFileLinesXlFillIcon, LabelPairedFileLinesXlRegularIcon, LabelPairedFileMdBoldIcon, LabelPairedFileMdFillIcon, LabelPairedFileMdRegularIcon, LabelPairedFilePdfCaptionBoldIcon, LabelPairedFilePdfCaptionFillIcon, LabelPairedFilePdfCaptionRegularIcon, LabelPairedFilePdfLgBoldIcon, LabelPairedFilePdfLgFillIcon, LabelPairedFilePdfLgRegularIcon, LabelPairedFilePdfMdBoldIcon, LabelPairedFilePdfMdFillIcon, LabelPairedFilePdfMdRegularIcon, LabelPairedFilePdfSmBoldIcon, LabelPairedFilePdfSmFillIcon, LabelPairedFilePdfSmRegularIcon, LabelPairedFilePdfXlBoldIcon, LabelPairedFilePdfXlFillIcon, LabelPairedFilePdfXlRegularIcon, LabelPairedFileShieldCaptionBoldIcon, LabelPairedFileShieldCaptionFillIcon, LabelPairedFileShieldCaptionRegularIcon, LabelPairedFileShieldLgBoldIcon, LabelPairedFileShieldLgFillIcon, LabelPairedFileShieldLgRegularIcon, LabelPairedFileShieldMdBoldIcon, LabelPairedFileShieldMdFillIcon, LabelPairedFileShieldMdRegularIcon, LabelPairedFileShieldSmBoldIcon, LabelPairedFileShieldSmFillIcon, LabelPairedFileShieldSmRegularIcon, LabelPairedFileShieldXlBoldIcon, LabelPairedFileShieldXlFillIcon, LabelPairedFileShieldXlRegularIcon, LabelPairedFileSmBoldIcon, LabelPairedFileSmFillIcon, LabelPairedFileSmRegularIcon, LabelPairedFileXlBoldIcon, LabelPairedFileXlFillIcon, LabelPairedFileXlRegularIcon, LabelPairedFileXmlCaptionBoldIcon, LabelPairedFileXmlCaptionFillIcon, LabelPairedFileXmlCaptionRegularIcon, LabelPairedFileXmlLgBoldIcon, LabelPairedFileXmlLgFillIcon, LabelPairedFileXmlLgRegularIcon, LabelPairedFileXmlMdBoldIcon, LabelPairedFileXmlMdFillIcon, LabelPairedFileXmlMdRegularIcon, LabelPairedFileXmlSmBoldIcon, LabelPairedFileXmlSmFillIcon, LabelPairedFileXmlSmRegularIcon, LabelPairedFileXmlXlBoldIcon, LabelPairedFileXmlXlFillIcon, LabelPairedFileXmlXlRegularIcon, LabelPairedFilterCaptionBoldIcon, LabelPairedFilterCaptionFillIcon, LabelPairedFilterCaptionRegularIcon, LabelPairedFilterLgBoldIcon, LabelPairedFilterLgFillIcon, LabelPairedFilterLgRegularIcon, LabelPairedFilterMdBoldIcon, LabelPairedFilterMdFillIcon, LabelPairedFilterMdRegularIcon, LabelPairedFilterSmBoldIcon, LabelPairedFilterSmFillIcon, LabelPairedFilterSmRegularIcon, LabelPairedFilterXlBoldIcon, LabelPairedFilterXlFillIcon, LabelPairedFilterXlRegularIcon, LabelPairedFingerprintCaptionBoldIcon, LabelPairedFingerprintCaptionFillIcon, LabelPairedFingerprintCaptionRegularIcon, LabelPairedFingerprintLgBoldIcon, LabelPairedFingerprintLgFillIcon, LabelPairedFingerprintLgRegularIcon, LabelPairedFingerprintMdBoldIcon, LabelPairedFingerprintMdFillIcon, LabelPairedFingerprintMdRegularIcon, LabelPairedFingerprintSmBoldIcon, LabelPairedFingerprintSmFillIcon, LabelPairedFingerprintSmRegularIcon, LabelPairedFingerprintXlBoldIcon, LabelPairedFingerprintXlFillIcon, LabelPairedFingerprintXlRegularIcon, LabelPairedFiveCaptionBoldIcon, LabelPairedFiveCaptionFillIcon, LabelPairedFiveCaptionRegularIcon, LabelPairedFiveLgBoldIcon, LabelPairedFiveLgFillIcon, LabelPairedFiveLgRegularIcon, LabelPairedFiveMdBoldIcon, LabelPairedFiveMdFillIcon, LabelPairedFiveMdRegularIcon, LabelPairedFiveSmBoldIcon, LabelPairedFiveSmFillIcon, LabelPairedFiveSmRegularIcon, LabelPairedFiveXlBoldIcon, LabelPairedFiveXlFillIcon, LabelPairedFiveXlRegularIcon, LabelPairedFlagCheckeredCaptionBoldIcon, LabelPairedFlagCheckeredCaptionFillIcon, LabelPairedFlagCheckeredCaptionRegularIcon, LabelPairedFlagCheckeredLgBoldIcon, LabelPairedFlagCheckeredLgFillIcon, LabelPairedFlagCheckeredLgRegularIcon, LabelPairedFlagCheckeredMdBoldIcon, LabelPairedFlagCheckeredMdFillIcon, LabelPairedFlagCheckeredMdRegularIcon, LabelPairedFlagCheckeredSmBoldIcon, LabelPairedFlagCheckeredSmFillIcon, LabelPairedFlagCheckeredSmRegularIcon, LabelPairedFlagCheckeredXlBoldIcon, LabelPairedFlagCheckeredXlFillIcon, LabelPairedFlagCheckeredXlRegularIcon, LabelPairedFloppyDiskCaptionBoldIcon, LabelPairedFloppyDiskCaptionFillIcon, LabelPairedFloppyDiskCaptionRegularIcon, LabelPairedFloppyDiskLgBoldIcon, LabelPairedFloppyDiskLgFillIcon, LabelPairedFloppyDiskLgRegularIcon, LabelPairedFloppyDiskMdBoldIcon, LabelPairedFloppyDiskMdFillIcon, LabelPairedFloppyDiskMdRegularIcon, LabelPairedFloppyDiskPenCaptionBoldIcon, LabelPairedFloppyDiskPenCaptionFillIcon, LabelPairedFloppyDiskPenCaptionRegularIcon, LabelPairedFloppyDiskPenLgBoldIcon, LabelPairedFloppyDiskPenLgFillIcon, LabelPairedFloppyDiskPenLgRegularIcon, LabelPairedFloppyDiskPenMdBoldIcon, LabelPairedFloppyDiskPenMdFillIcon, LabelPairedFloppyDiskPenMdRegularIcon, LabelPairedFloppyDiskPenSmBoldIcon, LabelPairedFloppyDiskPenSmFillIcon, LabelPairedFloppyDiskPenSmRegularIcon, LabelPairedFloppyDiskPenXlBoldIcon, LabelPairedFloppyDiskPenXlFillIcon, LabelPairedFloppyDiskPenXlRegularIcon, LabelPairedFloppyDiskSmBoldIcon, LabelPairedFloppyDiskSmFillIcon, LabelPairedFloppyDiskSmRegularIcon, LabelPairedFloppyDiskXlBoldIcon, LabelPairedFloppyDiskXlFillIcon, LabelPairedFloppyDiskXlRegularIcon, LabelPairedFolderOpenCaptionBoldIcon, LabelPairedFolderOpenCaptionFillIcon, LabelPairedFolderOpenCaptionRegularIcon, LabelPairedFolderOpenLgBoldIcon, LabelPairedFolderOpenLgFillIcon, LabelPairedFolderOpenLgRegularIcon, LabelPairedFolderOpenMdBoldIcon, LabelPairedFolderOpenMdFillIcon, LabelPairedFolderOpenMdRegularIcon, LabelPairedFolderOpenSmBoldIcon, LabelPairedFolderOpenSmFillIcon, LabelPairedFolderOpenSmRegularIcon, LabelPairedFolderOpenXlBoldIcon, LabelPairedFolderOpenXlFillIcon, LabelPairedFolderOpenXlRegularIcon, LabelPairedForwardCaptionBoldIcon, LabelPairedForwardCaptionFillIcon, LabelPairedForwardCaptionRegularIcon, LabelPairedForwardLgBoldIcon, LabelPairedForwardLgFillIcon, LabelPairedForwardLgRegularIcon, LabelPairedForwardMdBoldIcon, LabelPairedForwardMdFillIcon, LabelPairedForwardMdRegularIcon, LabelPairedForwardSmBoldIcon, LabelPairedForwardSmFillIcon, LabelPairedForwardSmRegularIcon, LabelPairedForwardStepCaptionBoldIcon, LabelPairedForwardStepCaptionFillIcon, LabelPairedForwardStepCaptionRegularIcon, LabelPairedForwardStepLgBoldIcon, LabelPairedForwardStepLgFillIcon, LabelPairedForwardStepLgRegularIcon, LabelPairedForwardStepMdBoldIcon, LabelPairedForwardStepMdFillIcon, LabelPairedForwardStepMdRegularIcon, LabelPairedForwardStepSmBoldIcon, LabelPairedForwardStepSmFillIcon, LabelPairedForwardStepSmRegularIcon, LabelPairedForwardStepXlBoldIcon, LabelPairedForwardStepXlFillIcon, LabelPairedForwardStepXlRegularIcon, LabelPairedForwardXlBoldIcon, LabelPairedForwardXlFillIcon, LabelPairedForwardXlRegularIcon, LabelPairedFourCaptionBoldIcon, LabelPairedFourCaptionFillIcon, LabelPairedFourCaptionRegularIcon, LabelPairedFourLgBoldIcon, LabelPairedFourLgFillIcon, LabelPairedFourLgRegularIcon, LabelPairedFourMdBoldIcon, LabelPairedFourMdFillIcon, LabelPairedFourMdRegularIcon, LabelPairedFourSmBoldIcon, LabelPairedFourSmFillIcon, LabelPairedFourSmRegularIcon, LabelPairedFourXlBoldIcon, LabelPairedFourXlFillIcon, LabelPairedFourXlRegularIcon, LabelPairedGaugeMaxCaptionBoldIcon, LabelPairedGaugeMaxCaptionFillIcon, LabelPairedGaugeMaxCaptionRegularIcon, LabelPairedGaugeMaxLgBoldIcon, LabelPairedGaugeMaxLgFillIcon, LabelPairedGaugeMaxLgRegularIcon, LabelPairedGaugeMaxMdBoldIcon, LabelPairedGaugeMaxMdFillIcon, LabelPairedGaugeMaxMdRegularIcon, LabelPairedGaugeMaxSmBoldIcon, LabelPairedGaugeMaxSmFillIcon, LabelPairedGaugeMaxSmRegularIcon, LabelPairedGaugeMaxXlBoldIcon, LabelPairedGaugeMaxXlFillIcon, LabelPairedGaugeMaxXlRegularIcon, LabelPairedGaugeMinCaptionBoldIcon, LabelPairedGaugeMinCaptionFillIcon, LabelPairedGaugeMinCaptionRegularIcon, LabelPairedGaugeMinLgBoldIcon, LabelPairedGaugeMinLgFillIcon, LabelPairedGaugeMinLgRegularIcon, LabelPairedGaugeMinMdBoldIcon, LabelPairedGaugeMinMdFillIcon, LabelPairedGaugeMinMdRegularIcon, LabelPairedGaugeMinSmBoldIcon, LabelPairedGaugeMinSmFillIcon, LabelPairedGaugeMinSmRegularIcon, LabelPairedGaugeMinXlBoldIcon, LabelPairedGaugeMinXlFillIcon, LabelPairedGaugeMinXlRegularIcon, LabelPairedGearCaptionBoldIcon, LabelPairedGearCaptionFillIcon, LabelPairedGearCaptionRegularIcon, LabelPairedGearLgBoldIcon, LabelPairedGearLgFillIcon, LabelPairedGearLgRegularIcon, LabelPairedGearMdBoldIcon, LabelPairedGearMdFillIcon, LabelPairedGearMdRegularIcon, LabelPairedGearSmBoldIcon, LabelPairedGearSmFillIcon, LabelPairedGearSmRegularIcon, LabelPairedGearXlBoldIcon, LabelPairedGearXlFillIcon, LabelPairedGearXlRegularIcon, LabelPairedGlobeCaptionBoldIcon, LabelPairedGlobeCaptionFillIcon, LabelPairedGlobeCaptionRegularIcon, LabelPairedGlobeLgBoldIcon, LabelPairedGlobeLgFillIcon, LabelPairedGlobeLgRegularIcon, LabelPairedGlobeMdBoldIcon, LabelPairedGlobeMdFillIcon, LabelPairedGlobeMdRegularIcon, LabelPairedGlobeSmBoldIcon, LabelPairedGlobeSmFillIcon, LabelPairedGlobeSmRegularIcon, LabelPairedGlobeXlBoldIcon, LabelPairedGlobeXlFillIcon, LabelPairedGlobeXlRegularIcon, LabelPairedGoogleCaptionIcon, LabelPairedGoogleLgIcon, LabelPairedGoogleMdIcon, LabelPairedGooglePlayCaptionIcon, LabelPairedGooglePlayLgIcon, LabelPairedGooglePlayMdIcon, LabelPairedGooglePlaySmIcon, LabelPairedGooglePlayXlIcon, LabelPairedGoogleSmIcon, LabelPairedGoogleXlIcon, LabelPairedGraduationCapCaptionBoldIcon, LabelPairedGraduationCapCaptionFillIcon, LabelPairedGraduationCapCaptionRegularIcon, LabelPairedGraduationCapLgBoldIcon, LabelPairedGraduationCapLgFillIcon, LabelPairedGraduationCapLgRegularIcon, LabelPairedGraduationCapMdBoldIcon, LabelPairedGraduationCapMdFillIcon, LabelPairedGraduationCapMdRegularIcon, LabelPairedGraduationCapSmBoldIcon, LabelPairedGraduationCapSmFillIcon, LabelPairedGraduationCapSmRegularIcon, LabelPairedGraduationCapXlBoldIcon, LabelPairedGraduationCapXlFillIcon, LabelPairedGraduationCapXlRegularIcon, LabelPairedGrid2CaptionBoldIcon, LabelPairedGrid2CaptionFillIcon, LabelPairedGrid2CaptionRegularIcon, LabelPairedGrid2LgBoldIcon, LabelPairedGrid2LgFillIcon, LabelPairedGrid2LgRegularIcon, LabelPairedGrid2MdBoldIcon, LabelPairedGrid2MdFillIcon, LabelPairedGrid2MdRegularIcon, LabelPairedGrid2SmBoldIcon, LabelPairedGrid2SmFillIcon, LabelPairedGrid2SmRegularIcon, LabelPairedGrid2XlBoldIcon, LabelPairedGrid2XlFillIcon, LabelPairedGrid2XlRegularIcon, LabelPairedGridCaptionBoldIcon, LabelPairedGridCaptionFillIcon, LabelPairedGridCaptionRegularIcon, LabelPairedGridLgBoldIcon, LabelPairedGridLgFillIcon, LabelPairedGridLgRegularIcon, LabelPairedGridMdBoldIcon, LabelPairedGridMdFillIcon, LabelPairedGridMdRegularIcon, LabelPairedGridSmBoldIcon, LabelPairedGridSmFillIcon, LabelPairedGridSmRegularIcon, LabelPairedGridXlBoldIcon, LabelPairedGridXlFillIcon, LabelPairedGridXlRegularIcon, LabelPairedGripDotsVerticalCaptionBoldIcon, LabelPairedGripDotsVerticalCaptionFillIcon, LabelPairedGripDotsVerticalCaptionRegularIcon, LabelPairedGripDotsVerticalLgBoldIcon, LabelPairedGripDotsVerticalLgFillIcon, LabelPairedGripDotsVerticalLgRegularIcon, LabelPairedGripDotsVerticalMdBoldIcon, LabelPairedGripDotsVerticalMdFillIcon, LabelPairedGripDotsVerticalMdRegularIcon, LabelPairedGripDotsVerticalSmBoldIcon, LabelPairedGripDotsVerticalSmFillIcon, LabelPairedGripDotsVerticalSmRegularIcon, LabelPairedGripDotsVerticalXlBoldIcon, LabelPairedGripDotsVerticalXlFillIcon, LabelPairedGripDotsVerticalXlRegularIcon, LabelPairedHandGestureSwipeLeftRightCaptionBoldIcon, LabelPairedHandGestureSwipeLeftRightCaptionFillIcon, LabelPairedHandGestureSwipeLeftRightCaptionRegularIcon, LabelPairedHandGestureSwipeLeftRightLgBoldIcon, LabelPairedHandGestureSwipeLeftRightLgFillIcon, LabelPairedHandGestureSwipeLeftRightLgRegularIcon, LabelPairedHandGestureSwipeLeftRightMdBoldIcon, LabelPairedHandGestureSwipeLeftRightMdFillIcon, LabelPairedHandGestureSwipeLeftRightMdRegularIcon, LabelPairedHandGestureSwipeLeftRightSmBoldIcon, LabelPairedHandGestureSwipeLeftRightSmFillIcon, LabelPairedHandGestureSwipeLeftRightSmRegularIcon, LabelPairedHandGestureSwipeLeftRightXlBoldIcon, LabelPairedHandGestureSwipeLeftRightXlFillIcon, LabelPairedHandGestureSwipeLeftRightXlRegularIcon, LabelPairedHandGestureTapLeftCaptionBoldIcon, LabelPairedHandGestureTapLeftCaptionFillIcon, LabelPairedHandGestureTapLeftCaptionRegularIcon, LabelPairedHandGestureTapLeftLgBoldIcon, LabelPairedHandGestureTapLeftLgFillIcon, LabelPairedHandGestureTapLeftLgRegularIcon, LabelPairedHandGestureTapLeftMdBoldIcon, LabelPairedHandGestureTapLeftMdFillIcon, LabelPairedHandGestureTapLeftMdRegularIcon, LabelPairedHandGestureTapLeftSmBoldIcon, LabelPairedHandGestureTapLeftSmFillIcon, LabelPairedHandGestureTapLeftSmRegularIcon, LabelPairedHandGestureTapLeftXlBoldIcon, LabelPairedHandGestureTapLeftXlFillIcon, LabelPairedHandGestureTapLeftXlRegularIcon, LabelPairedHandGestureTapRightCaptionBoldIcon, LabelPairedHandGestureTapRightCaptionFillIcon, LabelPairedHandGestureTapRightCaptionRegularIcon, LabelPairedHandGestureTapRightLgBoldIcon, LabelPairedHandGestureTapRightLgFillIcon, LabelPairedHandGestureTapRightLgRegularIcon, LabelPairedHandGestureTapRightMdBoldIcon, LabelPairedHandGestureTapRightMdFillIcon, LabelPairedHandGestureTapRightMdRegularIcon, LabelPairedHandGestureTapRightSmBoldIcon, LabelPairedHandGestureTapRightSmFillIcon, LabelPairedHandGestureTapRightSmRegularIcon, LabelPairedHandGestureTapRightXlBoldIcon, LabelPairedHandGestureTapRightXlFillIcon, LabelPairedHandGestureTapRightXlRegularIcon, LabelPairedHandsHoldingDiamondCaptionBoldIcon, LabelPairedHandsHoldingDiamondCaptionFillIcon, LabelPairedHandsHoldingDiamondCaptionRegularIcon, LabelPairedHandsHoldingDiamondLgBoldIcon, LabelPairedHandsHoldingDiamondLgFillIcon, LabelPairedHandsHoldingDiamondLgRegularIcon, LabelPairedHandsHoldingDiamondMdBoldIcon, LabelPairedHandsHoldingDiamondMdFillIcon, LabelPairedHandsHoldingDiamondMdRegularIcon, LabelPairedHandsHoldingDiamondSmBoldIcon, LabelPairedHandsHoldingDiamondSmFillIcon, LabelPairedHandsHoldingDiamondSmRegularIcon, LabelPairedHandsHoldingDiamondXlBoldIcon, LabelPairedHandsHoldingDiamondXlFillIcon, LabelPairedHandsHoldingDiamondXlRegularIcon, LabelPairedHarmonyOsCaptionIcon, LabelPairedHarmonyOsLgIcon, LabelPairedHarmonyOsMdIcon, LabelPairedHarmonyOsSmIcon, LabelPairedHarmonyOsXlIcon, LabelPairedHorizontalRuleCaptionBoldIcon, LabelPairedHorizontalRuleCaptionFillIcon, LabelPairedHorizontalRuleCaptionRegularIcon, LabelPairedHorizontalRuleDashedCaptionBoldIcon, LabelPairedHorizontalRuleDashedCaptionFillIcon, LabelPairedHorizontalRuleDashedCaptionRegularIcon, LabelPairedHorizontalRuleDashedLgBoldIcon, LabelPairedHorizontalRuleDashedLgFillIcon, LabelPairedHorizontalRuleDashedLgRegularIcon, LabelPairedHorizontalRuleDashedMdBoldIcon, LabelPairedHorizontalRuleDashedMdFillIcon, LabelPairedHorizontalRuleDashedMdRegularIcon, LabelPairedHorizontalRuleDashedSmBoldIcon, LabelPairedHorizontalRuleDashedSmFillIcon, LabelPairedHorizontalRuleDashedSmRegularIcon, LabelPairedHorizontalRuleDashedXlBoldIcon, LabelPairedHorizontalRuleDashedXlFillIcon, LabelPairedHorizontalRuleDashedXlRegularIcon, LabelPairedHorizontalRuleLgBoldIcon, LabelPairedHorizontalRuleLgFillIcon, LabelPairedHorizontalRuleLgRegularIcon, LabelPairedHorizontalRuleMdBoldIcon, LabelPairedHorizontalRuleMdFillIcon, LabelPairedHorizontalRuleMdRegularIcon, LabelPairedHorizontalRuleSmBoldIcon, LabelPairedHorizontalRuleSmFillIcon, LabelPairedHorizontalRuleSmRegularIcon, LabelPairedHorizontalRuleXlBoldIcon, LabelPairedHorizontalRuleXlFillIcon, LabelPairedHorizontalRuleXlRegularIcon, LabelPairedHouseBlankCaptionBoldIcon, LabelPairedHouseBlankCaptionFillIcon, LabelPairedHouseBlankCaptionRegularIcon, LabelPairedHouseBlankLgBoldIcon, LabelPairedHouseBlankLgFillIcon, LabelPairedHouseBlankLgRegularIcon, LabelPairedHouseBlankMdBoldIcon, LabelPairedHouseBlankMdFillIcon, LabelPairedHouseBlankMdRegularIcon, LabelPairedHouseBlankSmBoldIcon, LabelPairedHouseBlankSmFillIcon, LabelPairedHouseBlankSmRegularIcon, LabelPairedHouseBlankXlBoldIcon, LabelPairedHouseBlankXlFillIcon, LabelPairedHouseBlankXlRegularIcon, LabelPairedHuaweiAppGalleryCaptionIcon, LabelPairedHuaweiAppGalleryLgIcon, LabelPairedHuaweiAppGalleryMdIcon, LabelPairedHuaweiAppGallerySmIcon, LabelPairedHuaweiAppGalleryXlIcon, LabelPairedHuaweiCaptionIcon, LabelPairedHuaweiLgIcon, LabelPairedHuaweiMdIcon, LabelPairedHuaweiSmIcon, LabelPairedHuaweiXlIcon, LabelPairedImageCaptionBoldIcon, LabelPairedImageCaptionFillIcon, LabelPairedImageCaptionRegularIcon, LabelPairedImageLgBoldIcon, LabelPairedImageLgFillIcon, LabelPairedImageLgRegularIcon, LabelPairedImageMdBoldIcon, LabelPairedImageMdFillIcon, LabelPairedImageMdRegularIcon, LabelPairedImagePolaroidUserCaptionBoldIcon, LabelPairedImagePolaroidUserCaptionFillIcon, LabelPairedImagePolaroidUserCaptionRegularIcon, LabelPairedImagePolaroidUserLgBoldIcon, LabelPairedImagePolaroidUserLgFillIcon, LabelPairedImagePolaroidUserLgRegularIcon, LabelPairedImagePolaroidUserMdBoldIcon, LabelPairedImagePolaroidUserMdFillIcon, LabelPairedImagePolaroidUserMdRegularIcon, LabelPairedImagePolaroidUserSmBoldIcon, LabelPairedImagePolaroidUserSmFillIcon, LabelPairedImagePolaroidUserSmRegularIcon, LabelPairedImagePolaroidUserXlBoldIcon, LabelPairedImagePolaroidUserXlFillIcon, LabelPairedImagePolaroidUserXlRegularIcon, LabelPairedImageSmBoldIcon, LabelPairedImageSmFillIcon, LabelPairedImageSmRegularIcon, LabelPairedImageXlBoldIcon, LabelPairedImageXlFillIcon, LabelPairedImageXlRegularIcon, LabelPairedInfoCaptionBoldIcon, LabelPairedInfoCaptionFillIcon, LabelPairedInfoCaptionRegularIcon, LabelPairedInfoLgBoldIcon, LabelPairedInfoLgFillIcon, LabelPairedInfoLgRegularIcon, LabelPairedInfoMdBoldIcon, LabelPairedInfoMdFillIcon, LabelPairedInfoMdRegularIcon, LabelPairedInfoSmBoldIcon, LabelPairedInfoSmFillIcon, LabelPairedInfoSmRegularIcon, LabelPairedInfoXlBoldIcon, LabelPairedInfoXlFillIcon, LabelPairedInfoXlRegularIcon, LabelPairedInstagramCaptionIcon, LabelPairedInstagramLgIcon, LabelPairedInstagramMdIcon, LabelPairedInstagramSmIcon, LabelPairedInstagramXlIcon, LabelPairedIosCaptionIcon, LabelPairedIosLgIcon, LabelPairedIosMdIcon, LabelPairedIosSmIcon, LabelPairedIosXlIcon, LabelPairedIpadosCaptionIcon, LabelPairedIpadosLgIcon, LabelPairedIpadosMdIcon, LabelPairedIpadosSmIcon, LabelPairedIpadosXlIcon, LabelPairedKeyboardCaptionBoldIcon, LabelPairedKeyboardCaptionFillIcon, LabelPairedKeyboardCaptionRegularIcon, LabelPairedKeyboardLgBoldIcon, LabelPairedKeyboardLgFillIcon, LabelPairedKeyboardLgRegularIcon, LabelPairedKeyboardMdBoldIcon, LabelPairedKeyboardMdFillIcon, LabelPairedKeyboardMdRegularIcon, LabelPairedKeyboardSmBoldIcon, LabelPairedKeyboardSmFillIcon, LabelPairedKeyboardSmRegularIcon, LabelPairedKeyboardXlBoldIcon, LabelPairedKeyboardXlFillIcon, LabelPairedKeyboardXlRegularIcon, LabelPairedLanguageCaptionBoldIcon, LabelPairedLanguageCaptionFillIcon, LabelPairedLanguageCaptionRegularIcon, LabelPairedLanguageLgBoldIcon, LabelPairedLanguageLgFillIcon, LabelPairedLanguageLgRegularIcon, LabelPairedLanguageMdBoldIcon, LabelPairedLanguageMdFillIcon, LabelPairedLanguageMdRegularIcon, LabelPairedLanguageSmBoldIcon, LabelPairedLanguageSmFillIcon, LabelPairedLanguageSmRegularIcon, LabelPairedLanguageXlBoldIcon, LabelPairedLanguageXlFillIcon, LabelPairedLanguageXlRegularIcon, LabelPairedLaptopCaptionBoldIcon, LabelPairedLaptopCaptionFillIcon, LabelPairedLaptopCaptionRegularIcon, LabelPairedLaptopLgBoldIcon, LabelPairedLaptopLgFillIcon, LabelPairedLaptopLgRegularIcon, LabelPairedLaptopMdBoldIcon, LabelPairedLaptopMdFillIcon, LabelPairedLaptopMdRegularIcon, LabelPairedLaptopMobileCaptionBoldIcon, LabelPairedLaptopMobileCaptionFillIcon, LabelPairedLaptopMobileCaptionRegularIcon, LabelPairedLaptopMobileLgBoldIcon, LabelPairedLaptopMobileLgFillIcon, LabelPairedLaptopMobileLgRegularIcon, LabelPairedLaptopMobileMdBoldIcon, LabelPairedLaptopMobileMdFillIcon, LabelPairedLaptopMobileMdRegularIcon, LabelPairedLaptopMobileSmBoldIcon, LabelPairedLaptopMobileSmFillIcon, LabelPairedLaptopMobileSmRegularIcon, LabelPairedLaptopMobileXlBoldIcon, LabelPairedLaptopMobileXlFillIcon, LabelPairedLaptopMobileXlRegularIcon, LabelPairedLaptopSmBoldIcon, LabelPairedLaptopSmFillIcon, LabelPairedLaptopSmRegularIcon, LabelPairedLaptopXlBoldIcon, LabelPairedLaptopXlFillIcon, LabelPairedLaptopXlRegularIcon, LabelPairedLifeRingCaptionBoldIcon, LabelPairedLifeRingCaptionFillIcon, LabelPairedLifeRingCaptionRegularIcon, LabelPairedLifeRingLgBoldIcon, LabelPairedLifeRingLgFillIcon, LabelPairedLifeRingLgRegularIcon, LabelPairedLifeRingMdBoldIcon, LabelPairedLifeRingMdFillIcon, LabelPairedLifeRingMdRegularIcon, LabelPairedLifeRingSmBoldIcon, LabelPairedLifeRingSmFillIcon, LabelPairedLifeRingSmRegularIcon, LabelPairedLifeRingXlBoldIcon, LabelPairedLifeRingXlFillIcon, LabelPairedLifeRingXlRegularIcon, LabelPairedLightChartLineUpDownClockCaptionBoldIcon, LabelPairedLightChartLineUpDownClockCaptionFillIcon, LabelPairedLightChartLineUpDownClockCaptionRegularIcon, LabelPairedLightChartLineUpDownClockLgBoldIcon, LabelPairedLightChartLineUpDownClockLgFillIcon, LabelPairedLightChartLineUpDownClockLgRegularIcon, LabelPairedLightChartLineUpDownClockMdBoldIcon, LabelPairedLightChartLineUpDownClockMdFillIcon, LabelPairedLightChartLineUpDownClockMdRegularIcon, LabelPairedLightChartLineUpDownClockSmBoldIcon, LabelPairedLightChartLineUpDownClockSmFillIcon, LabelPairedLightChartLineUpDownClockSmRegularIcon, LabelPairedLightChartLineUpDownClockXlBoldIcon, LabelPairedLightChartLineUpDownClockXlFillIcon, LabelPairedLightChartLineUpDownClockXlRegularIcon, LabelPairedLightUserTieCircleDollarCaptionBoldIcon, LabelPairedLightUserTieCircleDollarCaptionFillIcon, LabelPairedLightUserTieCircleDollarCaptionRegularIcon, LabelPairedLightUserTieCircleDollarLgBoldIcon, LabelPairedLightUserTieCircleDollarLgFillIcon, LabelPairedLightUserTieCircleDollarLgRegularIcon, LabelPairedLightUserTieCircleDollarMdBoldIcon, LabelPairedLightUserTieCircleDollarMdFillIcon, LabelPairedLightUserTieCircleDollarMdRegularIcon, LabelPairedLightUserTieCircleDollarSmBoldIcon, LabelPairedLightUserTieCircleDollarSmFillIcon, LabelPairedLightUserTieCircleDollarSmRegularIcon, LabelPairedLightUserTieCircleDollarXlBoldIcon, LabelPairedLightUserTieCircleDollarXlFillIcon, LabelPairedLightUserTieCircleDollarXlRegularIcon, LabelPairedLightbulbCaptionBoldIcon, LabelPairedLightbulbCaptionFillIcon, LabelPairedLightbulbCaptionRegularIcon, LabelPairedLightbulbLgBoldIcon, LabelPairedLightbulbLgFillIcon, LabelPairedLightbulbLgRegularIcon, LabelPairedLightbulbMdBoldIcon, LabelPairedLightbulbMdFillIcon, LabelPairedLightbulbMdRegularIcon, LabelPairedLightbulbSmBoldIcon, LabelPairedLightbulbSmFillIcon, LabelPairedLightbulbSmRegularIcon, LabelPairedLightbulbXlBoldIcon, LabelPairedLightbulbXlFillIcon, LabelPairedLightbulbXlRegularIcon, LabelPairedLinkSimpleCaptionBoldIcon, LabelPairedLinkSimpleCaptionFillIcon, LabelPairedLinkSimpleCaptionRegularIcon, LabelPairedLinkSimpleLgBoldIcon, LabelPairedLinkSimpleLgFillIcon, LabelPairedLinkSimpleLgRegularIcon, LabelPairedLinkSimpleMdBoldIcon, LabelPairedLinkSimpleMdFillIcon, LabelPairedLinkSimpleMdRegularIcon, LabelPairedLinkSimpleSmBoldIcon, LabelPairedLinkSimpleSmFillIcon, LabelPairedLinkSimpleSmRegularIcon, LabelPairedLinkSimpleXlBoldIcon, LabelPairedLinkSimpleXlFillIcon, LabelPairedLinkSimpleXlRegularIcon, LabelPairedLinkedinCaptionIcon, LabelPairedLinkedinLgIcon, LabelPairedLinkedinMdIcon, LabelPairedLinkedinSmIcon, LabelPairedLinkedinXlIcon, LabelPairedLinuxCaptionIcon, LabelPairedLinuxLgIcon, LabelPairedLinuxMdIcon, LabelPairedLinuxSmIcon, LabelPairedLinuxXlIcon, LabelPairedLoaderCaptionBoldIcon, LabelPairedLoaderCaptionFillIcon, LabelPairedLoaderCaptionRegularIcon, LabelPairedLoaderLgBoldIcon, LabelPairedLoaderLgFillIcon, LabelPairedLoaderLgRegularIcon, LabelPairedLoaderMdBoldIcon, LabelPairedLoaderMdFillIcon, LabelPairedLoaderMdRegularIcon, LabelPairedLoaderSmBoldIcon, LabelPairedLoaderSmFillIcon, LabelPairedLoaderSmRegularIcon, LabelPairedLoaderXlBoldIcon, LabelPairedLoaderXlFillIcon, LabelPairedLoaderXlRegularIcon, LabelPairedLocationCrosshairsCaptionBoldIcon, LabelPairedLocationCrosshairsCaptionFillIcon, LabelPairedLocationCrosshairsCaptionRegularIcon, LabelPairedLocationCrosshairsLgBoldIcon, LabelPairedLocationCrosshairsLgFillIcon, LabelPairedLocationCrosshairsLgRegularIcon, LabelPairedLocationCrosshairsMdBoldIcon, LabelPairedLocationCrosshairsMdFillIcon, LabelPairedLocationCrosshairsMdRegularIcon, LabelPairedLocationCrosshairsSlashCaptionBoldIcon, LabelPairedLocationCrosshairsSlashCaptionFillIcon, LabelPairedLocationCrosshairsSlashCaptionRegularIcon, LabelPairedLocationCrosshairsSlashLgBoldIcon, LabelPairedLocationCrosshairsSlashLgFillIcon, LabelPairedLocationCrosshairsSlashLgRegularIcon, LabelPairedLocationCrosshairsSlashMdBoldIcon, LabelPairedLocationCrosshairsSlashMdFillIcon, LabelPairedLocationCrosshairsSlashMdRegularIcon, LabelPairedLocationCrosshairsSlashSmBoldIcon, LabelPairedLocationCrosshairsSlashSmFillIcon, LabelPairedLocationCrosshairsSlashSmRegularIcon, LabelPairedLocationCrosshairsSlashXlBoldIcon, LabelPairedLocationCrosshairsSlashXlFillIcon, LabelPairedLocationCrosshairsSlashXlRegularIcon, LabelPairedLocationCrosshairsSmBoldIcon, LabelPairedLocationCrosshairsSmFillIcon, LabelPairedLocationCrosshairsSmRegularIcon, LabelPairedLocationCrosshairsXlBoldIcon, LabelPairedLocationCrosshairsXlFillIcon, LabelPairedLocationCrosshairsXlRegularIcon, LabelPairedLocationDotCaptionBoldIcon, LabelPairedLocationDotCaptionFillIcon, LabelPairedLocationDotCaptionRegularIcon, LabelPairedLocationDotLgBoldIcon, LabelPairedLocationDotLgFillIcon, LabelPairedLocationDotLgRegularIcon, LabelPairedLocationDotMdBoldIcon, LabelPairedLocationDotMdFillIcon, LabelPairedLocationDotMdRegularIcon, LabelPairedLocationDotSmBoldIcon, LabelPairedLocationDotSmFillIcon, LabelPairedLocationDotSmRegularIcon, LabelPairedLocationDotXlBoldIcon, LabelPairedLocationDotXlFillIcon, LabelPairedLocationDotXlRegularIcon, LabelPairedLockCaptionBoldIcon, LabelPairedLockCaptionFillIcon, LabelPairedLockCaptionRegularIcon, LabelPairedLockLgBoldIcon, LabelPairedLockLgFillIcon, LabelPairedLockLgRegularIcon, LabelPairedLockMdBoldIcon, LabelPairedLockMdFillIcon, LabelPairedLockMdRegularIcon, LabelPairedLockPatternCaptionBoldIcon, LabelPairedLockPatternCaptionFillIcon, LabelPairedLockPatternCaptionRegularIcon, LabelPairedLockPatternLgBoldIcon, LabelPairedLockPatternLgFillIcon, LabelPairedLockPatternLgRegularIcon, LabelPairedLockPatternMdBoldIcon, LabelPairedLockPatternMdFillIcon, LabelPairedLockPatternMdRegularIcon, LabelPairedLockPatternSmBoldIcon, LabelPairedLockPatternSmFillIcon, LabelPairedLockPatternSmRegularIcon, LabelPairedLockPatternXlBoldIcon, LabelPairedLockPatternXlFillIcon, LabelPairedLockPatternXlRegularIcon, LabelPairedLockSmBoldIcon, LabelPairedLockSmFillIcon, LabelPairedLockSmRegularIcon, LabelPairedLockXlBoldIcon, LabelPairedLockXlFillIcon, LabelPairedLockXlRegularIcon, LabelPairedMacosCaptionIcon, LabelPairedMacosLgIcon, LabelPairedMacosMdIcon, LabelPairedMacosSmIcon, LabelPairedMacosXlIcon, LabelPairedMagnifyingGlassMinusCaptionBoldIcon, LabelPairedMagnifyingGlassMinusCaptionFillIcon, LabelPairedMagnifyingGlassMinusCaptionRegularIcon, LabelPairedMagnifyingGlassMinusLgBoldIcon, LabelPairedMagnifyingGlassMinusLgFillIcon, LabelPairedMagnifyingGlassMinusLgRegularIcon, LabelPairedMagnifyingGlassMinusMdBoldIcon, LabelPairedMagnifyingGlassMinusMdFillIcon, LabelPairedMagnifyingGlassMinusMdRegularIcon, LabelPairedMagnifyingGlassMinusSmBoldIcon, LabelPairedMagnifyingGlassMinusSmFillIcon, LabelPairedMagnifyingGlassMinusSmRegularIcon, LabelPairedMagnifyingGlassMinusXlBoldIcon, LabelPairedMagnifyingGlassMinusXlFillIcon, LabelPairedMagnifyingGlassMinusXlRegularIcon, LabelPairedMagnifyingGlassPlusCaptionBoldIcon, LabelPairedMagnifyingGlassPlusCaptionFillIcon, LabelPairedMagnifyingGlassPlusCaptionRegularIcon, LabelPairedMagnifyingGlassPlusLgBoldIcon, LabelPairedMagnifyingGlassPlusLgFillIcon, LabelPairedMagnifyingGlassPlusLgRegularIcon, LabelPairedMagnifyingGlassPlusMdBoldIcon, LabelPairedMagnifyingGlassPlusMdFillIcon, LabelPairedMagnifyingGlassPlusMdRegularIcon, LabelPairedMagnifyingGlassPlusSmBoldIcon, LabelPairedMagnifyingGlassPlusSmFillIcon, LabelPairedMagnifyingGlassPlusSmRegularIcon, LabelPairedMagnifyingGlassPlusXlBoldIcon, LabelPairedMagnifyingGlassPlusXlFillIcon, LabelPairedMagnifyingGlassPlusXlRegularIcon, LabelPairedMapCaptionBoldIcon, LabelPairedMapCaptionFillIcon, LabelPairedMapCaptionRegularIcon, LabelPairedMapLgBoldIcon, LabelPairedMapLgFillIcon, LabelPairedMapLgRegularIcon, LabelPairedMapMdBoldIcon, LabelPairedMapMdFillIcon, LabelPairedMapMdRegularIcon, LabelPairedMapSmBoldIcon, LabelPairedMapSmFillIcon, LabelPairedMapSmRegularIcon, LabelPairedMapXlBoldIcon, LabelPairedMapXlFillIcon, LabelPairedMapXlRegularIcon, LabelPairedMemoCircleCheckCaptionBoldIcon, LabelPairedMemoCircleCheckCaptionFillIcon, LabelPairedMemoCircleCheckCaptionRegularIcon, LabelPairedMemoCircleCheckLgBoldIcon, LabelPairedMemoCircleCheckLgFillIcon, LabelPairedMemoCircleCheckLgRegularIcon, LabelPairedMemoCircleCheckMdBoldIcon, LabelPairedMemoCircleCheckMdFillIcon, LabelPairedMemoCircleCheckMdRegularIcon, LabelPairedMemoCircleCheckSmBoldIcon, LabelPairedMemoCircleCheckSmFillIcon, LabelPairedMemoCircleCheckSmRegularIcon, LabelPairedMemoCircleCheckXlBoldIcon, LabelPairedMemoCircleCheckXlFillIcon, LabelPairedMemoCircleCheckXlRegularIcon, LabelPairedMemoPadCaptionBoldIcon, LabelPairedMemoPadCaptionFillIcon, LabelPairedMemoPadCaptionRegularIcon, LabelPairedMemoPadLgBoldIcon, LabelPairedMemoPadLgFillIcon, LabelPairedMemoPadLgRegularIcon, LabelPairedMemoPadMdBoldIcon, LabelPairedMemoPadMdFillIcon, LabelPairedMemoPadMdRegularIcon, LabelPairedMemoPadSmBoldIcon, LabelPairedMemoPadSmFillIcon, LabelPairedMemoPadSmRegularIcon, LabelPairedMemoPadXlBoldIcon, LabelPairedMemoPadXlFillIcon, LabelPairedMemoPadXlRegularIcon, LabelPairedMessageLinesCaptionBoldIcon, LabelPairedMessageLinesCaptionFillIcon, LabelPairedMessageLinesCaptionRegularIcon, LabelPairedMessageLinesLgBoldIcon, LabelPairedMessageLinesLgFillIcon, LabelPairedMessageLinesLgRegularIcon, LabelPairedMessageLinesMdBoldIcon, LabelPairedMessageLinesMdFillIcon, LabelPairedMessageLinesMdRegularIcon, LabelPairedMessageLinesSmBoldIcon, LabelPairedMessageLinesSmFillIcon, LabelPairedMessageLinesSmRegularIcon, LabelPairedMessageLinesXlBoldIcon, LabelPairedMessageLinesXlFillIcon, LabelPairedMessageLinesXlRegularIcon, LabelPairedMessagesQuestionCaptionBoldIcon, LabelPairedMessagesQuestionCaptionFillIcon, LabelPairedMessagesQuestionCaptionRegularIcon, LabelPairedMessagesQuestionLgBoldIcon, LabelPairedMessagesQuestionLgFillIcon, LabelPairedMessagesQuestionLgRegularIcon, LabelPairedMessagesQuestionMdBoldIcon, LabelPairedMessagesQuestionMdFillIcon, LabelPairedMessagesQuestionMdRegularIcon, LabelPairedMessagesQuestionSmBoldIcon, LabelPairedMessagesQuestionSmFillIcon, LabelPairedMessagesQuestionSmRegularIcon, LabelPairedMessagesQuestionXlBoldIcon, LabelPairedMessagesQuestionXlFillIcon, LabelPairedMessagesQuestionXlRegularIcon, LabelPairedMicrophoneCaptionBoldIcon, LabelPairedMicrophoneCaptionFillIcon, LabelPairedMicrophoneCaptionRegularIcon, LabelPairedMicrophoneLgBoldIcon, LabelPairedMicrophoneLgFillIcon, LabelPairedMicrophoneLgRegularIcon, LabelPairedMicrophoneMdBoldIcon, LabelPairedMicrophoneMdFillIcon, LabelPairedMicrophoneMdRegularIcon, LabelPairedMicrophoneSmBoldIcon, LabelPairedMicrophoneSmFillIcon, LabelPairedMicrophoneSmRegularIcon, LabelPairedMicrophoneXlBoldIcon, LabelPairedMicrophoneXlFillIcon, LabelPairedMicrophoneXlRegularIcon, LabelPairedMicrosoftCaptionIcon, LabelPairedMicrosoftLgIcon, LabelPairedMicrosoftMdIcon, LabelPairedMicrosoftSmIcon, LabelPairedMicrosoftStoreCaptionIcon, LabelPairedMicrosoftStoreLgIcon, LabelPairedMicrosoftStoreMdIcon, LabelPairedMicrosoftStoreSmIcon, LabelPairedMicrosoftStoreXlIcon, LabelPairedMicrosoftXlIcon, LabelPairedMinusCaptionBoldIcon, LabelPairedMinusCaptionFillIcon, LabelPairedMinusCaptionRegularIcon, LabelPairedMinusLgBoldIcon, LabelPairedMinusLgFillIcon, LabelPairedMinusLgRegularIcon, LabelPairedMinusMdBoldIcon, LabelPairedMinusMdFillIcon, LabelPairedMinusMdRegularIcon, LabelPairedMinusSmBoldIcon, LabelPairedMinusSmFillIcon, LabelPairedMinusSmRegularIcon, LabelPairedMinusXlBoldIcon, LabelPairedMinusXlFillIcon, LabelPairedMinusXlRegularIcon, LabelPairedMobileNotchCaptionBoldIcon, LabelPairedMobileNotchCaptionFillIcon, LabelPairedMobileNotchCaptionRegularIcon, LabelPairedMobileNotchLgBoldIcon, LabelPairedMobileNotchLgFillIcon, LabelPairedMobileNotchLgRegularIcon, LabelPairedMobileNotchMdBoldIcon, LabelPairedMobileNotchMdFillIcon, LabelPairedMobileNotchMdRegularIcon, LabelPairedMobileNotchRotateCaptionBoldIcon, LabelPairedMobileNotchRotateCaptionFillIcon, LabelPairedMobileNotchRotateCaptionRegularIcon, LabelPairedMobileNotchRotateLgBoldIcon, LabelPairedMobileNotchRotateLgFillIcon, LabelPairedMobileNotchRotateLgRegularIcon, LabelPairedMobileNotchRotateMdBoldIcon, LabelPairedMobileNotchRotateMdFillIcon, LabelPairedMobileNotchRotateMdRegularIcon, LabelPairedMobileNotchRotateSmBoldIcon, LabelPairedMobileNotchRotateSmFillIcon, LabelPairedMobileNotchRotateSmRegularIcon, LabelPairedMobileNotchRotateXlBoldIcon, LabelPairedMobileNotchRotateXlFillIcon, LabelPairedMobileNotchRotateXlRegularIcon, LabelPairedMobileNotchSmBoldIcon, LabelPairedMobileNotchSmFillIcon, LabelPairedMobileNotchSmRegularIcon, LabelPairedMobileNotchXlBoldIcon, LabelPairedMobileNotchXlFillIcon, LabelPairedMobileNotchXlRegularIcon, LabelPairedMobileScreenButtonCaptionBoldIcon, LabelPairedMobileScreenButtonCaptionFillIcon, LabelPairedMobileScreenButtonCaptionRegularIcon, LabelPairedMobileScreenButtonLgBoldIcon, LabelPairedMobileScreenButtonLgFillIcon, LabelPairedMobileScreenButtonLgRegularIcon, LabelPairedMobileScreenButtonMdBoldIcon, LabelPairedMobileScreenButtonMdFillIcon, LabelPairedMobileScreenButtonMdRegularIcon, LabelPairedMobileScreenButtonSmBoldIcon, LabelPairedMobileScreenButtonSmFillIcon, LabelPairedMobileScreenButtonSmRegularIcon, LabelPairedMobileScreenButtonXlBoldIcon, LabelPairedMobileScreenButtonXlFillIcon, LabelPairedMobileScreenButtonXlRegularIcon, LabelPairedMoneyBillCaptionBoldIcon, LabelPairedMoneyBillCaptionFillIcon, LabelPairedMoneyBillCaptionRegularIcon, LabelPairedMoneyBillLgBoldIcon, LabelPairedMoneyBillLgFillIcon, LabelPairedMoneyBillLgRegularIcon, LabelPairedMoneyBillMdBoldIcon, LabelPairedMoneyBillMdFillIcon, LabelPairedMoneyBillMdRegularIcon, LabelPairedMoneyBillSmBoldIcon, LabelPairedMoneyBillSmFillIcon, LabelPairedMoneyBillSmRegularIcon, LabelPairedMoneyBillXlBoldIcon, LabelPairedMoneyBillXlFillIcon, LabelPairedMoneyBillXlRegularIcon, LabelPairedMoonCaptionBoldIcon, LabelPairedMoonCaptionFillIcon, LabelPairedMoonCaptionRegularIcon, LabelPairedMoonLgBoldIcon, LabelPairedMoonLgFillIcon, LabelPairedMoonLgRegularIcon, LabelPairedMoonMdBoldIcon, LabelPairedMoonMdFillIcon, LabelPairedMoonMdRegularIcon, LabelPairedMoonSmBoldIcon, LabelPairedMoonSmFillIcon, LabelPairedMoonSmRegularIcon, LabelPairedMoonXlBoldIcon, LabelPairedMoonXlFillIcon, LabelPairedMoonXlRegularIcon, LabelPairedNineCaptionBoldIcon, LabelPairedNineCaptionFillIcon, LabelPairedNineCaptionRegularIcon, LabelPairedNineLgBoldIcon, LabelPairedNineLgFillIcon, LabelPairedNineLgRegularIcon, LabelPairedNineMdBoldIcon, LabelPairedNineMdFillIcon, LabelPairedNineMdRegularIcon, LabelPairedNineSmBoldIcon, LabelPairedNineSmFillIcon, LabelPairedNineSmRegularIcon, LabelPairedNineXlBoldIcon, LabelPairedNineXlFillIcon, LabelPairedNineXlRegularIcon, LabelPairedObjectsAlignLeftCaptionBoldIcon, LabelPairedObjectsAlignLeftCaptionFillIcon, LabelPairedObjectsAlignLeftCaptionRegularIcon, LabelPairedObjectsAlignLeftLgBoldIcon, LabelPairedObjectsAlignLeftLgFillIcon, LabelPairedObjectsAlignLeftLgRegularIcon, LabelPairedObjectsAlignLeftMdBoldIcon, LabelPairedObjectsAlignLeftMdFillIcon, LabelPairedObjectsAlignLeftMdRegularIcon, LabelPairedObjectsAlignLeftSmBoldIcon, LabelPairedObjectsAlignLeftSmFillIcon, LabelPairedObjectsAlignLeftSmRegularIcon, LabelPairedObjectsAlignLeftXlBoldIcon, LabelPairedObjectsAlignLeftXlFillIcon, LabelPairedObjectsAlignLeftXlRegularIcon, LabelPairedObjectsColumnCaptionBoldIcon, LabelPairedObjectsColumnCaptionFillIcon, LabelPairedObjectsColumnCaptionRegularIcon, LabelPairedObjectsColumnLgBoldIcon, LabelPairedObjectsColumnLgFillIcon, LabelPairedObjectsColumnLgRegularIcon, LabelPairedObjectsColumnMdBoldIcon, LabelPairedObjectsColumnMdFillIcon, LabelPairedObjectsColumnMdRegularIcon, LabelPairedObjectsColumnSmBoldIcon, LabelPairedObjectsColumnSmFillIcon, LabelPairedObjectsColumnSmRegularIcon, LabelPairedObjectsColumnXlBoldIcon, LabelPairedObjectsColumnXlFillIcon, LabelPairedObjectsColumnXlRegularIcon, LabelPairedOneCaptionBoldIcon, LabelPairedOneCaptionFillIcon, LabelPairedOneCaptionRegularIcon, LabelPairedOneLgBoldIcon, LabelPairedOneLgFillIcon, LabelPairedOneLgRegularIcon, LabelPairedOneMdBoldIcon, LabelPairedOneMdFillIcon, LabelPairedOneMdRegularIcon, LabelPairedOneSmBoldIcon, LabelPairedOneSmFillIcon, LabelPairedOneSmRegularIcon, LabelPairedOneXlBoldIcon, LabelPairedOneXlFillIcon, LabelPairedOneXlRegularIcon, LabelPairedPageCircleArrowRightCaptionBoldIcon, LabelPairedPageCircleArrowRightCaptionFillIcon, LabelPairedPageCircleArrowRightCaptionRegularIcon, LabelPairedPageCircleArrowRightLgBoldIcon, LabelPairedPageCircleArrowRightLgFillIcon, LabelPairedPageCircleArrowRightLgRegularIcon, LabelPairedPageCircleArrowRightMdBoldIcon, LabelPairedPageCircleArrowRightMdFillIcon, LabelPairedPageCircleArrowRightMdRegularIcon, LabelPairedPageCircleArrowRightSmBoldIcon, LabelPairedPageCircleArrowRightSmFillIcon, LabelPairedPageCircleArrowRightSmRegularIcon, LabelPairedPageCircleArrowRightXlBoldIcon, LabelPairedPageCircleArrowRightXlFillIcon, LabelPairedPageCircleArrowRightXlRegularIcon, LabelPairedPaperPlaneTopCaptionBoldIcon, LabelPairedPaperPlaneTopCaptionFillIcon, LabelPairedPaperPlaneTopCaptionRegularIcon, LabelPairedPaperPlaneTopLgBoldIcon, LabelPairedPaperPlaneTopLgFillIcon, LabelPairedPaperPlaneTopLgRegularIcon, LabelPairedPaperPlaneTopMdBoldIcon, LabelPairedPaperPlaneTopMdFillIcon, LabelPairedPaperPlaneTopMdRegularIcon, LabelPairedPaperPlaneTopSmBoldIcon, LabelPairedPaperPlaneTopSmFillIcon, LabelPairedPaperPlaneTopSmRegularIcon, LabelPairedPaperPlaneTopXlBoldIcon, LabelPairedPaperPlaneTopXlFillIcon, LabelPairedPaperPlaneTopXlRegularIcon, LabelPairedPaperclipCaptionBoldIcon, LabelPairedPaperclipCaptionFillIcon, LabelPairedPaperclipCaptionRegularIcon, LabelPairedPaperclipLgBoldIcon, LabelPairedPaperclipLgFillIcon, LabelPairedPaperclipLgRegularIcon, LabelPairedPaperclipMdBoldIcon, LabelPairedPaperclipMdFillIcon, LabelPairedPaperclipMdRegularIcon, LabelPairedPaperclipSmBoldIcon, LabelPairedPaperclipSmFillIcon, LabelPairedPaperclipSmRegularIcon, LabelPairedPaperclipXlBoldIcon, LabelPairedPaperclipXlFillIcon, LabelPairedPaperclipXlRegularIcon, LabelPairedPasskeyCaptionBoldIcon, LabelPairedPasskeyCaptionFillIcon, LabelPairedPasskeyCaptionRegularIcon, LabelPairedPasskeyLgBoldIcon, LabelPairedPasskeyLgFillIcon, LabelPairedPasskeyLgRegularIcon, LabelPairedPasskeyMdBoldIcon, LabelPairedPasskeyMdFillIcon, LabelPairedPasskeyMdRegularIcon, LabelPairedPasskeySmBoldIcon, LabelPairedPasskeySmFillIcon, LabelPairedPasskeySmRegularIcon, LabelPairedPasskeyXlBoldIcon, LabelPairedPasskeyXlFillIcon, LabelPairedPasskeyXlRegularIcon, LabelPairedPasteCaptionBoldIcon, LabelPairedPasteCaptionFillIcon, LabelPairedPasteCaptionRegularIcon, LabelPairedPasteLgBoldIcon, LabelPairedPasteLgFillIcon, LabelPairedPasteLgRegularIcon, LabelPairedPasteMdBoldIcon, LabelPairedPasteMdFillIcon, LabelPairedPasteMdRegularIcon, LabelPairedPasteSmBoldIcon, LabelPairedPasteSmFillIcon, LabelPairedPasteSmRegularIcon, LabelPairedPasteXlBoldIcon, LabelPairedPasteXlFillIcon, LabelPairedPasteXlRegularIcon, LabelPairedPauseCaptionBoldIcon, LabelPairedPauseCaptionFillIcon, LabelPairedPauseCaptionRegularIcon, LabelPairedPauseLgBoldIcon, LabelPairedPauseLgFillIcon, LabelPairedPauseLgRegularIcon, LabelPairedPauseMdBoldIcon, LabelPairedPauseMdFillIcon, LabelPairedPauseMdRegularIcon, LabelPairedPauseSmBoldIcon, LabelPairedPauseSmFillIcon, LabelPairedPauseSmRegularIcon, LabelPairedPauseXlBoldIcon, LabelPairedPauseXlFillIcon, LabelPairedPauseXlRegularIcon, LabelPairedPenCaptionBoldIcon, LabelPairedPenCaptionFillIcon, LabelPairedPenCaptionRegularIcon, LabelPairedPenCircleCaptionBoldIcon, LabelPairedPenCircleCaptionFillIcon, LabelPairedPenCircleCaptionRegularIcon, LabelPairedPenCircleLgBoldIcon, LabelPairedPenCircleLgFillIcon, LabelPairedPenCircleLgRegularIcon, LabelPairedPenCircleMdBoldIcon, LabelPairedPenCircleMdFillIcon, LabelPairedPenCircleMdRegularIcon, LabelPairedPenCircleSmBoldIcon, LabelPairedPenCircleSmFillIcon, LabelPairedPenCircleSmRegularIcon, LabelPairedPenCircleXlBoldIcon, LabelPairedPenCircleXlFillIcon, LabelPairedPenCircleXlRegularIcon, LabelPairedPenLgBoldIcon, LabelPairedPenLgFillIcon, LabelPairedPenLgRegularIcon, LabelPairedPenLineCaptionBoldIcon, LabelPairedPenLineCaptionFillIcon, LabelPairedPenLineCaptionRegularIcon, LabelPairedPenLineLgBoldIcon, LabelPairedPenLineLgFillIcon, LabelPairedPenLineLgRegularIcon, LabelPairedPenLineMdBoldIcon, LabelPairedPenLineMdFillIcon, LabelPairedPenLineMdRegularIcon, LabelPairedPenLineSmBoldIcon, LabelPairedPenLineSmFillIcon, LabelPairedPenLineSmRegularIcon, LabelPairedPenLineXlBoldIcon, LabelPairedPenLineXlFillIcon, LabelPairedPenLineXlRegularIcon, LabelPairedPenMdBoldIcon, LabelPairedPenMdFillIcon, LabelPairedPenMdRegularIcon, LabelPairedPenSmBoldIcon, LabelPairedPenSmFillIcon, LabelPairedPenSmRegularIcon, LabelPairedPenXlBoldIcon, LabelPairedPenXlFillIcon, LabelPairedPenXlRegularIcon, LabelPairedPercentCaptionBoldIcon, LabelPairedPercentCaptionFillIcon, LabelPairedPercentCaptionRegularIcon, LabelPairedPercentLgBoldIcon, LabelPairedPercentLgFillIcon, LabelPairedPercentLgRegularIcon, LabelPairedPercentMdBoldIcon, LabelPairedPercentMdFillIcon, LabelPairedPercentMdRegularIcon, LabelPairedPercentSmBoldIcon, LabelPairedPercentSmFillIcon, LabelPairedPercentSmRegularIcon, LabelPairedPercentXlBoldIcon, LabelPairedPercentXlFillIcon, LabelPairedPercentXlRegularIcon, LabelPairedPersonChalkboardCaptionBoldIcon, LabelPairedPersonChalkboardCaptionFillIcon, LabelPairedPersonChalkboardCaptionRegularIcon, LabelPairedPersonChalkboardLgBoldIcon, LabelPairedPersonChalkboardLgFillIcon, LabelPairedPersonChalkboardLgRegularIcon, LabelPairedPersonChalkboardMdBoldIcon, LabelPairedPersonChalkboardMdFillIcon, LabelPairedPersonChalkboardMdRegularIcon, LabelPairedPersonChalkboardSmBoldIcon, LabelPairedPersonChalkboardSmFillIcon, LabelPairedPersonChalkboardSmRegularIcon, LabelPairedPersonChalkboardXlBoldIcon, LabelPairedPersonChalkboardXlFillIcon, LabelPairedPersonChalkboardXlRegularIcon, LabelPairedPhoneCaptionBoldIcon, LabelPairedPhoneCaptionFillIcon, LabelPairedPhoneCaptionRegularIcon, LabelPairedPhoneLgBoldIcon, LabelPairedPhoneLgFillIcon, LabelPairedPhoneLgRegularIcon, LabelPairedPhoneMdBoldIcon, LabelPairedPhoneMdFillIcon, LabelPairedPhoneMdRegularIcon, LabelPairedPhoneSmBoldIcon, LabelPairedPhoneSmFillIcon, LabelPairedPhoneSmRegularIcon, LabelPairedPhoneXlBoldIcon, LabelPairedPhoneXlFillIcon, LabelPairedPhoneXlRegularIcon, LabelPairedPlaceholderCaptionBoldIcon, LabelPairedPlaceholderCaptionFillIcon, LabelPairedPlaceholderCaptionRegularIcon, LabelPairedPlaceholderLgBoldIcon, LabelPairedPlaceholderLgFillIcon, LabelPairedPlaceholderLgRegularIcon, LabelPairedPlaceholderMdBoldIcon, LabelPairedPlaceholderMdFillIcon, LabelPairedPlaceholderMdRegularIcon, LabelPairedPlaceholderSmBoldIcon, LabelPairedPlaceholderSmFillIcon, LabelPairedPlaceholderSmRegularIcon, LabelPairedPlaceholderXlBoldIcon, LabelPairedPlaceholderXlFillIcon, LabelPairedPlaceholderXlRegularIcon, LabelPairedPlayCaptionBoldIcon, LabelPairedPlayCaptionFillIcon, LabelPairedPlayCaptionRegularIcon, LabelPairedPlayLgBoldIcon, LabelPairedPlayLgFillIcon, LabelPairedPlayLgRegularIcon, LabelPairedPlayMdBoldIcon, LabelPairedPlayMdFillIcon, LabelPairedPlayMdRegularIcon, LabelPairedPlaySmBoldIcon, LabelPairedPlaySmFillIcon, LabelPairedPlaySmRegularIcon, LabelPairedPlayXlBoldIcon, LabelPairedPlayXlFillIcon, LabelPairedPlayXlRegularIcon, LabelPairedPlaybackSpeedCaptionBoldIcon, LabelPairedPlaybackSpeedCaptionFillIcon, LabelPairedPlaybackSpeedCaptionRegularIcon, LabelPairedPlaybackSpeedLgBoldIcon, LabelPairedPlaybackSpeedLgFillIcon, LabelPairedPlaybackSpeedLgRegularIcon, LabelPairedPlaybackSpeedMdBoldIcon, LabelPairedPlaybackSpeedMdFillIcon, LabelPairedPlaybackSpeedMdRegularIcon, LabelPairedPlaybackSpeedSmBoldIcon, LabelPairedPlaybackSpeedSmFillIcon, LabelPairedPlaybackSpeedSmRegularIcon, LabelPairedPlaybackSpeedXlBoldIcon, LabelPairedPlaybackSpeedXlFillIcon, LabelPairedPlaybackSpeedXlRegularIcon, LabelPairedPlusCaptionBoldIcon, LabelPairedPlusCaptionFillIcon, LabelPairedPlusCaptionRegularIcon, LabelPairedPlusLgBoldIcon, LabelPairedPlusLgFillIcon, LabelPairedPlusLgRegularIcon, LabelPairedPlusMdBoldIcon, LabelPairedPlusMdFillIcon, LabelPairedPlusMdRegularIcon, LabelPairedPlusSmBoldIcon, LabelPairedPlusSmFillIcon, LabelPairedPlusSmRegularIcon, LabelPairedPlusXlBoldIcon, LabelPairedPlusXlFillIcon, LabelPairedPlusXlRegularIcon, LabelPairedPresentationScreenCaptionBoldIcon, LabelPairedPresentationScreenCaptionFillIcon, LabelPairedPresentationScreenCaptionRegularIcon, LabelPairedPresentationScreenLgBoldIcon, LabelPairedPresentationScreenLgFillIcon, LabelPairedPresentationScreenLgRegularIcon, LabelPairedPresentationScreenMdBoldIcon, LabelPairedPresentationScreenMdFillIcon, LabelPairedPresentationScreenMdRegularIcon, LabelPairedPresentationScreenSmBoldIcon, LabelPairedPresentationScreenSmFillIcon, LabelPairedPresentationScreenSmRegularIcon, LabelPairedPresentationScreenXlBoldIcon, LabelPairedPresentationScreenXlFillIcon, LabelPairedPresentationScreenXlRegularIcon, LabelPairedPuzzleCaptionBoldIcon, LabelPairedPuzzleCaptionFillIcon, LabelPairedPuzzleCaptionRegularIcon, LabelPairedPuzzleLgBoldIcon, LabelPairedPuzzleLgFillIcon, LabelPairedPuzzleLgRegularIcon, LabelPairedPuzzleMdBoldIcon, LabelPairedPuzzleMdFillIcon, LabelPairedPuzzleMdRegularIcon, LabelPairedPuzzlePieceTwoCaptionBoldIcon, LabelPairedPuzzlePieceTwoCaptionFillIcon, LabelPairedPuzzlePieceTwoCaptionRegularIcon, LabelPairedPuzzlePieceTwoLgBoldIcon, LabelPairedPuzzlePieceTwoLgFillIcon, LabelPairedPuzzlePieceTwoLgRegularIcon, LabelPairedPuzzlePieceTwoMdBoldIcon, LabelPairedPuzzlePieceTwoMdFillIcon, LabelPairedPuzzlePieceTwoMdRegularIcon, LabelPairedPuzzlePieceTwoSmBoldIcon, LabelPairedPuzzlePieceTwoSmFillIcon, LabelPairedPuzzlePieceTwoSmRegularIcon, LabelPairedPuzzlePieceTwoXlBoldIcon, LabelPairedPuzzlePieceTwoXlFillIcon, LabelPairedPuzzlePieceTwoXlRegularIcon, LabelPairedPuzzleSmBoldIcon, LabelPairedPuzzleSmFillIcon, LabelPairedPuzzleSmRegularIcon, LabelPairedPuzzleXlBoldIcon, LabelPairedPuzzleXlFillIcon, LabelPairedPuzzleXlRegularIcon, LabelPairedQrcodeCaptionBoldIcon, LabelPairedQrcodeCaptionFillIcon, LabelPairedQrcodeCaptionRegularIcon, LabelPairedQrcodeLgBoldIcon, LabelPairedQrcodeLgFillIcon, LabelPairedQrcodeLgRegularIcon, LabelPairedQrcodeMdBoldIcon, LabelPairedQrcodeMdFillIcon, LabelPairedQrcodeMdRegularIcon, LabelPairedQrcodeSmBoldIcon, LabelPairedQrcodeSmFillIcon, LabelPairedQrcodeSmRegularIcon, LabelPairedQrcodeXlBoldIcon, LabelPairedQrcodeXlFillIcon, LabelPairedQrcodeXlRegularIcon, LabelPairedQuestionCaptionBoldIcon, LabelPairedQuestionCaptionFillIcon, LabelPairedQuestionCaptionRegularIcon, LabelPairedQuestionLgBoldIcon, LabelPairedQuestionLgFillIcon, LabelPairedQuestionLgRegularIcon, LabelPairedQuestionMdBoldIcon, LabelPairedQuestionMdFillIcon, LabelPairedQuestionMdRegularIcon, LabelPairedQuestionSmBoldIcon, LabelPairedQuestionSmFillIcon, LabelPairedQuestionSmRegularIcon, LabelPairedQuestionXlBoldIcon, LabelPairedQuestionXlFillIcon, LabelPairedQuestionXlRegularIcon, LabelPairedRectangleAdCaptionBoldIcon, LabelPairedRectangleAdCaptionFillIcon, LabelPairedRectangleAdCaptionRegularIcon, LabelPairedRectangleAdLgBoldIcon, LabelPairedRectangleAdLgFillIcon, LabelPairedRectangleAdLgRegularIcon, LabelPairedRectangleAdMdBoldIcon, LabelPairedRectangleAdMdFillIcon, LabelPairedRectangleAdMdRegularIcon, LabelPairedRectangleAdSmBoldIcon, LabelPairedRectangleAdSmFillIcon, LabelPairedRectangleAdSmRegularIcon, LabelPairedRectangleAdXlBoldIcon, LabelPairedRectangleAdXlFillIcon, LabelPairedRectangleAdXlRegularIcon, LabelPairedRectangleBarcodeCaptionBoldIcon, LabelPairedRectangleBarcodeCaptionFillIcon, LabelPairedRectangleBarcodeCaptionRegularIcon, LabelPairedRectangleBarcodeLgBoldIcon, LabelPairedRectangleBarcodeLgFillIcon, LabelPairedRectangleBarcodeLgRegularIcon, LabelPairedRectangleBarcodeMdBoldIcon, LabelPairedRectangleBarcodeMdFillIcon, LabelPairedRectangleBarcodeMdRegularIcon, LabelPairedRectangleBarcodeSmBoldIcon, LabelPairedRectangleBarcodeSmFillIcon, LabelPairedRectangleBarcodeSmRegularIcon, LabelPairedRectangleBarcodeXlBoldIcon, LabelPairedRectangleBarcodeXlFillIcon, LabelPairedRectangleBarcodeXlRegularIcon, LabelPairedRedditCaptionIcon, LabelPairedRedditLgIcon, LabelPairedRedditMdIcon, LabelPairedRedditSmIcon, LabelPairedRedditXlIcon, LabelPairedRightFromBracketCaptionBoldIcon, LabelPairedRightFromBracketCaptionFillIcon, LabelPairedRightFromBracketCaptionRegularIcon, LabelPairedRightFromBracketLgBoldIcon, LabelPairedRightFromBracketLgFillIcon, LabelPairedRightFromBracketLgRegularIcon, LabelPairedRightFromBracketMdBoldIcon, LabelPairedRightFromBracketMdFillIcon, LabelPairedRightFromBracketMdRegularIcon, LabelPairedRightFromBracketSmBoldIcon, LabelPairedRightFromBracketSmFillIcon, LabelPairedRightFromBracketSmRegularIcon, LabelPairedRightFromBracketXlBoldIcon, LabelPairedRightFromBracketXlFillIcon, LabelPairedRightFromBracketXlRegularIcon, LabelPairedRightToBracketCaptionBoldIcon, LabelPairedRightToBracketCaptionFillIcon, LabelPairedRightToBracketCaptionRegularIcon, LabelPairedRightToBracketLgBoldIcon, LabelPairedRightToBracketLgFillIcon, LabelPairedRightToBracketLgRegularIcon, LabelPairedRightToBracketMdBoldIcon, LabelPairedRightToBracketMdFillIcon, LabelPairedRightToBracketMdRegularIcon, LabelPairedRightToBracketSmBoldIcon, LabelPairedRightToBracketSmFillIcon, LabelPairedRightToBracketSmRegularIcon, LabelPairedRightToBracketXlBoldIcon, LabelPairedRightToBracketXlFillIcon, LabelPairedRightToBracketXlRegularIcon, LabelPairedRotateDeviceCaptionBoldIcon, LabelPairedRotateDeviceCaptionFillIcon, LabelPairedRotateDeviceCaptionRegularIcon, LabelPairedRotateDeviceLgBoldIcon, LabelPairedRotateDeviceLgFillIcon, LabelPairedRotateDeviceLgRegularIcon, LabelPairedRotateDeviceMdBoldIcon, LabelPairedRotateDeviceMdFillIcon, LabelPairedRotateDeviceMdRegularIcon, LabelPairedRotateDeviceSmBoldIcon, LabelPairedRotateDeviceSmFillIcon, LabelPairedRotateDeviceSmRegularIcon, LabelPairedRotateDeviceXlBoldIcon, LabelPairedRotateDeviceXlFillIcon, LabelPairedRotateDeviceXlRegularIcon, LabelPairedScissorsCaptionBoldIcon, LabelPairedScissorsCaptionFillIcon, LabelPairedScissorsCaptionRegularIcon, LabelPairedScissorsLgBoldIcon, LabelPairedScissorsLgFillIcon, LabelPairedScissorsLgRegularIcon, LabelPairedScissorsMdBoldIcon, LabelPairedScissorsMdFillIcon, LabelPairedScissorsMdRegularIcon, LabelPairedScissorsSmBoldIcon, LabelPairedScissorsSmFillIcon, LabelPairedScissorsSmRegularIcon, LabelPairedScissorsXlBoldIcon, LabelPairedScissorsXlFillIcon, LabelPairedScissorsXlRegularIcon, LabelPairedSearchCaptionBoldIcon, LabelPairedSearchCaptionFillIcon, LabelPairedSearchCaptionRegularIcon, LabelPairedSearchLgBoldIcon, LabelPairedSearchLgFillIcon, LabelPairedSearchLgRegularIcon, LabelPairedSearchMdBoldIcon, LabelPairedSearchMdFillIcon, LabelPairedSearchMdRegularIcon, LabelPairedSearchSmBoldIcon, LabelPairedSearchSmFillIcon, LabelPairedSearchSmRegularIcon, LabelPairedSearchXlBoldIcon, LabelPairedSearchXlFillIcon, LabelPairedSearchXlRegularIcon, LabelPairedSevenCaptionBoldIcon, LabelPairedSevenCaptionFillIcon, LabelPairedSevenCaptionRegularIcon, LabelPairedSevenLgBoldIcon, LabelPairedSevenLgFillIcon, LabelPairedSevenLgRegularIcon, LabelPairedSevenMdBoldIcon, LabelPairedSevenMdFillIcon, LabelPairedSevenMdRegularIcon, LabelPairedSevenSmBoldIcon, LabelPairedSevenSmFillIcon, LabelPairedSevenSmRegularIcon, LabelPairedSevenXlBoldIcon, LabelPairedSevenXlFillIcon, LabelPairedSevenXlRegularIcon, LabelPairedShareFromSquareCaptionBoldIcon, LabelPairedShareFromSquareCaptionFillIcon, LabelPairedShareFromSquareCaptionRegularIcon, LabelPairedShareFromSquareLgBoldIcon, LabelPairedShareFromSquareLgFillIcon, LabelPairedShareFromSquareLgRegularIcon, LabelPairedShareFromSquareMdBoldIcon, LabelPairedShareFromSquareMdFillIcon, LabelPairedShareFromSquareMdRegularIcon, LabelPairedShareFromSquareSmBoldIcon, LabelPairedShareFromSquareSmFillIcon, LabelPairedShareFromSquareSmRegularIcon, LabelPairedShareFromSquareXlBoldIcon, LabelPairedShareFromSquareXlFillIcon, LabelPairedShareFromSquareXlRegularIcon, LabelPairedShareNodesCaptionBoldIcon, LabelPairedShareNodesCaptionFillIcon, LabelPairedShareNodesCaptionRegularIcon, LabelPairedShareNodesLgBoldIcon, LabelPairedShareNodesLgFillIcon, LabelPairedShareNodesLgRegularIcon, LabelPairedShareNodesMdBoldIcon, LabelPairedShareNodesMdFillIcon, LabelPairedShareNodesMdRegularIcon, LabelPairedShareNodesSmBoldIcon, LabelPairedShareNodesSmFillIcon, LabelPairedShareNodesSmRegularIcon, LabelPairedShareNodesXlBoldIcon, LabelPairedShareNodesXlFillIcon, LabelPairedShareNodesXlRegularIcon, LabelPairedShieldCheckCaptionBoldIcon, LabelPairedShieldCheckCaptionFillIcon, LabelPairedShieldCheckCaptionRegularIcon, LabelPairedShieldCheckLgBoldIcon, LabelPairedShieldCheckLgFillIcon, LabelPairedShieldCheckLgRegularIcon, LabelPairedShieldCheckMdBoldIcon, LabelPairedShieldCheckMdFillIcon, LabelPairedShieldCheckMdRegularIcon, LabelPairedShieldCheckSmBoldIcon, LabelPairedShieldCheckSmFillIcon, LabelPairedShieldCheckSmRegularIcon, LabelPairedShieldCheckXlBoldIcon, LabelPairedShieldCheckXlFillIcon, LabelPairedShieldCheckXlRegularIcon, LabelPairedSignalCaptionBoldIcon, LabelPairedSignalCaptionFillIcon, LabelPairedSignalCaptionRegularIcon, LabelPairedSignalLgBoldIcon, LabelPairedSignalLgFillIcon, LabelPairedSignalLgRegularIcon, LabelPairedSignalMdBoldIcon, LabelPairedSignalMdFillIcon, LabelPairedSignalMdRegularIcon, LabelPairedSignalSmBoldIcon, LabelPairedSignalSmFillIcon, LabelPairedSignalSmRegularIcon, LabelPairedSignalXlBoldIcon, LabelPairedSignalXlFillIcon, LabelPairedSignalXlRegularIcon, LabelPairedSixCaptionBoldIcon, LabelPairedSixCaptionFillIcon, LabelPairedSixCaptionRegularIcon, LabelPairedSixLgBoldIcon, LabelPairedSixLgFillIcon, LabelPairedSixLgRegularIcon, LabelPairedSixMdBoldIcon, LabelPairedSixMdFillIcon, LabelPairedSixMdRegularIcon, LabelPairedSixSmBoldIcon, LabelPairedSixSmFillIcon, LabelPairedSixSmRegularIcon, LabelPairedSixXlBoldIcon, LabelPairedSixXlFillIcon, LabelPairedSixXlRegularIcon, LabelPairedSlidersCaptionBoldIcon, LabelPairedSlidersCaptionFillIcon, LabelPairedSlidersCaptionRegularIcon, LabelPairedSlidersLgBoldIcon, LabelPairedSlidersLgFillIcon, LabelPairedSlidersLgRegularIcon, LabelPairedSlidersMdBoldIcon, LabelPairedSlidersMdFillIcon, LabelPairedSlidersMdRegularIcon, LabelPairedSlidersSmBoldIcon, LabelPairedSlidersSmFillIcon, LabelPairedSlidersSmRegularIcon, LabelPairedSlidersXlBoldIcon, LabelPairedSlidersXlFillIcon, LabelPairedSlidersXlRegularIcon, LabelPairedSortCaptionBoldIcon, LabelPairedSortCaptionFillIcon, LabelPairedSortCaptionRegularIcon, LabelPairedSortDownCaptionBoldIcon, LabelPairedSortDownCaptionFillIcon, LabelPairedSortDownCaptionRegularIcon, LabelPairedSortDownLgBoldIcon, LabelPairedSortDownLgFillIcon, LabelPairedSortDownLgRegularIcon, LabelPairedSortDownMdBoldIcon, LabelPairedSortDownMdFillIcon, LabelPairedSortDownMdRegularIcon, LabelPairedSortDownSmBoldIcon, LabelPairedSortDownSmFillIcon, LabelPairedSortDownSmRegularIcon, LabelPairedSortDownXlBoldIcon, LabelPairedSortDownXlFillIcon, LabelPairedSortDownXlRegularIcon, LabelPairedSortLgBoldIcon, LabelPairedSortLgFillIcon, LabelPairedSortLgRegularIcon, LabelPairedSortMdBoldIcon, LabelPairedSortMdFillIcon, LabelPairedSortMdRegularIcon, LabelPairedSortSmBoldIcon, LabelPairedSortSmFillIcon, LabelPairedSortSmRegularIcon, LabelPairedSortUpCaptionBoldIcon, LabelPairedSortUpCaptionFillIcon, LabelPairedSortUpCaptionRegularIcon, LabelPairedSortUpLgBoldIcon, LabelPairedSortUpLgFillIcon, LabelPairedSortUpLgRegularIcon, LabelPairedSortUpMdBoldIcon, LabelPairedSortUpMdFillIcon, LabelPairedSortUpMdRegularIcon, LabelPairedSortUpSmBoldIcon, LabelPairedSortUpSmFillIcon, LabelPairedSortUpSmRegularIcon, LabelPairedSortUpXlBoldIcon, LabelPairedSortUpXlFillIcon, LabelPairedSortUpXlRegularIcon, LabelPairedSortXlBoldIcon, LabelPairedSortXlFillIcon, LabelPairedSortXlRegularIcon, LabelPairedSquareCaptionBoldIcon, LabelPairedSquareCaptionFillIcon, LabelPairedSquareCaptionRegularIcon, LabelPairedSquareCheckCaptionBoldIcon, LabelPairedSquareCheckCaptionFillIcon, LabelPairedSquareCheckCaptionRegularIcon, LabelPairedSquareCheckLgBoldIcon, LabelPairedSquareCheckLgFillIcon, LabelPairedSquareCheckLgRegularIcon, LabelPairedSquareCheckMdBoldIcon, LabelPairedSquareCheckMdFillIcon, LabelPairedSquareCheckMdRegularIcon, LabelPairedSquareCheckSmBoldIcon, LabelPairedSquareCheckSmFillIcon, LabelPairedSquareCheckSmRegularIcon, LabelPairedSquareCheckXlBoldIcon, LabelPairedSquareCheckXlFillIcon, LabelPairedSquareCheckXlRegularIcon, LabelPairedSquareLgBoldIcon, LabelPairedSquareLgFillIcon, LabelPairedSquareLgRegularIcon, LabelPairedSquareListCaptionBoldIcon, LabelPairedSquareListCaptionFillIcon, LabelPairedSquareListCaptionRegularIcon, LabelPairedSquareListLgBoldIcon, LabelPairedSquareListLgFillIcon, LabelPairedSquareListLgRegularIcon, LabelPairedSquareListMdBoldIcon, LabelPairedSquareListMdFillIcon, LabelPairedSquareListMdRegularIcon, LabelPairedSquareListSmBoldIcon, LabelPairedSquareListSmFillIcon, LabelPairedSquareListSmRegularIcon, LabelPairedSquareListXlBoldIcon, LabelPairedSquareListXlFillIcon, LabelPairedSquareListXlRegularIcon, LabelPairedSquareMdBoldIcon, LabelPairedSquareMdFillIcon, LabelPairedSquareMdRegularIcon, LabelPairedSquareMinusCaptionBoldIcon, LabelPairedSquareMinusCaptionFillIcon, LabelPairedSquareMinusCaptionRegularIcon, LabelPairedSquareMinusLgBoldIcon, LabelPairedSquareMinusLgFillIcon, LabelPairedSquareMinusLgRegularIcon, LabelPairedSquareMinusMdBoldIcon, LabelPairedSquareMinusMdFillIcon, LabelPairedSquareMinusMdRegularIcon, LabelPairedSquareMinusSmBoldIcon, LabelPairedSquareMinusSmFillIcon, LabelPairedSquareMinusSmRegularIcon, LabelPairedSquareMinusXlBoldIcon, LabelPairedSquareMinusXlFillIcon, LabelPairedSquareMinusXlRegularIcon, LabelPairedSquareSmBoldIcon, LabelPairedSquareSmFillIcon, LabelPairedSquareSmRegularIcon, LabelPairedSquareXlBoldIcon, LabelPairedSquareXlFillIcon, LabelPairedSquareXlRegularIcon, LabelPairedStarCaptionBoldIcon, LabelPairedStarCaptionFillIcon, LabelPairedStarCaptionRegularIcon, LabelPairedStarLgBoldIcon, LabelPairedStarLgFillIcon, LabelPairedStarLgRegularIcon, LabelPairedStarMdBoldIcon, LabelPairedStarMdFillIcon, LabelPairedStarMdRegularIcon, LabelPairedStarSmBoldIcon, LabelPairedStarSmFillIcon, LabelPairedStarSmRegularIcon, LabelPairedStarXlBoldIcon, LabelPairedStarXlFillIcon, LabelPairedStarXlRegularIcon, LabelPairedSterlingSignCaptionBoldIcon, LabelPairedSterlingSignCaptionFillIcon, LabelPairedSterlingSignCaptionRegularIcon, LabelPairedSterlingSignLgBoldIcon, LabelPairedSterlingSignLgFillIcon, LabelPairedSterlingSignLgRegularIcon, LabelPairedSterlingSignMdBoldIcon, LabelPairedSterlingSignMdFillIcon, LabelPairedSterlingSignMdRegularIcon, LabelPairedSterlingSignSmBoldIcon, LabelPairedSterlingSignSmFillIcon, LabelPairedSterlingSignSmRegularIcon, LabelPairedSterlingSignXlBoldIcon, LabelPairedSterlingSignXlFillIcon, LabelPairedSterlingSignXlRegularIcon, LabelPairedStopLossCaptionBoldIcon, LabelPairedStopLossCaptionFillIcon, LabelPairedStopLossCaptionRegularIcon, LabelPairedStopLossLgBoldIcon, LabelPairedStopLossLgFillIcon, LabelPairedStopLossLgRegularIcon, LabelPairedStopLossMdBoldIcon, LabelPairedStopLossMdFillIcon, LabelPairedStopLossMdRegularIcon, LabelPairedStopLossSmBoldIcon, LabelPairedStopLossSmFillIcon, LabelPairedStopLossSmRegularIcon, LabelPairedStopLossXlBoldIcon, LabelPairedStopLossXlFillIcon, LabelPairedStopLossXlRegularIcon, LabelPairedStopwatchCaptionBoldIcon, LabelPairedStopwatchCaptionFillIcon, LabelPairedStopwatchCaptionRegularIcon, LabelPairedStopwatchLgBoldIcon, LabelPairedStopwatchLgFillIcon, LabelPairedStopwatchLgRegularIcon, LabelPairedStopwatchMdBoldIcon, LabelPairedStopwatchMdFillIcon, LabelPairedStopwatchMdRegularIcon, LabelPairedStopwatchSmBoldIcon, LabelPairedStopwatchSmFillIcon, LabelPairedStopwatchSmRegularIcon, LabelPairedStopwatchXlBoldIcon, LabelPairedStopwatchXlFillIcon, LabelPairedStopwatchXlRegularIcon, LabelPairedSunBrightCaptionBoldIcon, LabelPairedSunBrightCaptionFillIcon, LabelPairedSunBrightCaptionRegularIcon, LabelPairedSunBrightLgBoldIcon, LabelPairedSunBrightLgFillIcon, LabelPairedSunBrightLgRegularIcon, LabelPairedSunBrightMdBoldIcon, LabelPairedSunBrightMdFillIcon, LabelPairedSunBrightMdRegularIcon, LabelPairedSunBrightSmBoldIcon, LabelPairedSunBrightSmFillIcon, LabelPairedSunBrightSmRegularIcon, LabelPairedSunBrightXlBoldIcon, LabelPairedSunBrightXlFillIcon, LabelPairedSunBrightXlRegularIcon, LabelPairedTableLayoutCaptionBoldIcon, LabelPairedTableLayoutCaptionFillIcon, LabelPairedTableLayoutCaptionRegularIcon, LabelPairedTableLayoutLgBoldIcon, LabelPairedTableLayoutLgFillIcon, LabelPairedTableLayoutLgRegularIcon, LabelPairedTableLayoutMdBoldIcon, LabelPairedTableLayoutMdFillIcon, LabelPairedTableLayoutMdRegularIcon, LabelPairedTableLayoutSmBoldIcon, LabelPairedTableLayoutSmFillIcon, LabelPairedTableLayoutSmRegularIcon, LabelPairedTableLayoutXlBoldIcon, LabelPairedTableLayoutXlFillIcon, LabelPairedTableLayoutXlRegularIcon, LabelPairedTabletCaptionBoldIcon, LabelPairedTabletCaptionFillIcon, LabelPairedTabletCaptionRegularIcon, LabelPairedTabletLgBoldIcon, LabelPairedTabletLgFillIcon, LabelPairedTabletLgRegularIcon, LabelPairedTabletMdBoldIcon, LabelPairedTabletMdFillIcon, LabelPairedTabletMdRegularIcon, LabelPairedTabletScreenCaptionBoldIcon, LabelPairedTabletScreenCaptionFillIcon, LabelPairedTabletScreenCaptionRegularIcon, LabelPairedTabletScreenLgBoldIcon, LabelPairedTabletScreenLgFillIcon, LabelPairedTabletScreenLgRegularIcon, LabelPairedTabletScreenMdBoldIcon, LabelPairedTabletScreenMdFillIcon, LabelPairedTabletScreenMdRegularIcon, LabelPairedTabletScreenSmBoldIcon, LabelPairedTabletScreenSmFillIcon, LabelPairedTabletScreenSmRegularIcon, LabelPairedTabletScreenXlBoldIcon, LabelPairedTabletScreenXlFillIcon, LabelPairedTabletScreenXlRegularIcon, LabelPairedTabletSmBoldIcon, LabelPairedTabletSmFillIcon, LabelPairedTabletSmRegularIcon, LabelPairedTabletXlBoldIcon, LabelPairedTabletXlFillIcon, LabelPairedTabletXlRegularIcon, LabelPairedTakeProfitCaptionBoldIcon, LabelPairedTakeProfitCaptionFillIcon, LabelPairedTakeProfitCaptionRegularIcon, LabelPairedTakeProfitLgBoldIcon, LabelPairedTakeProfitLgFillIcon, LabelPairedTakeProfitLgRegularIcon, LabelPairedTakeProfitMdBoldIcon, LabelPairedTakeProfitMdFillIcon, LabelPairedTakeProfitMdRegularIcon, LabelPairedTakeProfitSmBoldIcon, LabelPairedTakeProfitSmFillIcon, LabelPairedTakeProfitSmRegularIcon, LabelPairedTakeProfitXlBoldIcon, LabelPairedTakeProfitXlFillIcon, LabelPairedTakeProfitXlRegularIcon, LabelPairedTelegramCaptionIcon, LabelPairedTelegramLgIcon, LabelPairedTelegramMdIcon, LabelPairedTelegramSmIcon, LabelPairedTelegramXlIcon, LabelPairedThreeCaptionBoldIcon, LabelPairedThreeCaptionFillIcon, LabelPairedThreeCaptionRegularIcon, LabelPairedThreeLgBoldIcon, LabelPairedThreeLgFillIcon, LabelPairedThreeLgRegularIcon, LabelPairedThreeMdBoldIcon, LabelPairedThreeMdFillIcon, LabelPairedThreeMdRegularIcon, LabelPairedThreeSmBoldIcon, LabelPairedThreeSmFillIcon, LabelPairedThreeSmRegularIcon, LabelPairedThreeXlBoldIcon, LabelPairedThreeXlFillIcon, LabelPairedThreeXlRegularIcon, LabelPairedThumbsDownCaptionBoldIcon, LabelPairedThumbsDownCaptionFillIcon, LabelPairedThumbsDownCaptionRegularIcon, LabelPairedThumbsDownLgBoldIcon, LabelPairedThumbsDownLgFillIcon, LabelPairedThumbsDownLgRegularIcon, LabelPairedThumbsDownMdBoldIcon, LabelPairedThumbsDownMdFillIcon, LabelPairedThumbsDownMdRegularIcon, LabelPairedThumbsDownSmBoldIcon, LabelPairedThumbsDownSmFillIcon, LabelPairedThumbsDownSmRegularIcon, LabelPairedThumbsDownXlBoldIcon, LabelPairedThumbsDownXlFillIcon, LabelPairedThumbsDownXlRegularIcon, LabelPairedThumbsUpCaptionBoldIcon, LabelPairedThumbsUpCaptionFillIcon, LabelPairedThumbsUpCaptionRegularIcon, LabelPairedThumbsUpLgBoldIcon, LabelPairedThumbsUpLgFillIcon, LabelPairedThumbsUpLgRegularIcon, LabelPairedThumbsUpMdBoldIcon, LabelPairedThumbsUpMdFillIcon, LabelPairedThumbsUpMdRegularIcon, LabelPairedThumbsUpSmBoldIcon, LabelPairedThumbsUpSmFillIcon, LabelPairedThumbsUpSmRegularIcon, LabelPairedThumbsUpXlBoldIcon, LabelPairedThumbsUpXlFillIcon, LabelPairedThumbsUpXlRegularIcon, LabelPairedTiktokCaptionIcon, LabelPairedTiktokLgIcon, LabelPairedTiktokMdIcon, LabelPairedTiktokSmIcon, LabelPairedTiktokXlIcon, LabelPairedTrashCaptionBoldIcon, LabelPairedTrashCaptionFillIcon, LabelPairedTrashCaptionRegularIcon, LabelPairedTrashLgBoldIcon, LabelPairedTrashLgFillIcon, LabelPairedTrashLgRegularIcon, LabelPairedTrashMdBoldIcon, LabelPairedTrashMdFillIcon, LabelPairedTrashMdRegularIcon, LabelPairedTrashSmBoldIcon, LabelPairedTrashSmFillIcon, LabelPairedTrashSmRegularIcon, LabelPairedTrashXlBoldIcon, LabelPairedTrashXlFillIcon, LabelPairedTrashXlRegularIcon, LabelPairedTriangleExclamationCaptionBoldIcon, LabelPairedTriangleExclamationCaptionFillIcon, LabelPairedTriangleExclamationCaptionRegularIcon, LabelPairedTriangleExclamationLgBoldIcon, LabelPairedTriangleExclamationLgFillIcon, LabelPairedTriangleExclamationLgRegularIcon, LabelPairedTriangleExclamationMdBoldIcon, LabelPairedTriangleExclamationMdFillIcon, LabelPairedTriangleExclamationMdRegularIcon, LabelPairedTriangleExclamationSmBoldIcon, LabelPairedTriangleExclamationSmFillIcon, LabelPairedTriangleExclamationSmRegularIcon, LabelPairedTriangleExclamationXlBoldIcon, LabelPairedTriangleExclamationXlFillIcon, LabelPairedTriangleExclamationXlRegularIcon, LabelPairedTrustpilotCaptionIcon, LabelPairedTrustpilotLgIcon, LabelPairedTrustpilotMdIcon, LabelPairedTrustpilotSmIcon, LabelPairedTrustpilotXlIcon, LabelPairedTwoCaptionBoldIcon, LabelPairedTwoCaptionFillIcon, LabelPairedTwoCaptionRegularIcon, LabelPairedTwoLgBoldIcon, LabelPairedTwoLgFillIcon, LabelPairedTwoLgRegularIcon, LabelPairedTwoMdBoldIcon, LabelPairedTwoMdFillIcon, LabelPairedTwoMdRegularIcon, LabelPairedTwoSmBoldIcon, LabelPairedTwoSmFillIcon, LabelPairedTwoSmRegularIcon, LabelPairedTwoXlBoldIcon, LabelPairedTwoXlFillIcon, LabelPairedTwoXlRegularIcon, LabelPairedUbuntuCaptionIcon, LabelPairedUbuntuLgIcon, LabelPairedUbuntuMdIcon, LabelPairedUbuntuSmIcon, LabelPairedUbuntuXlIcon, LabelPairedUnlockCaptionBoldIcon, LabelPairedUnlockCaptionFillIcon, LabelPairedUnlockCaptionRegularIcon, LabelPairedUnlockLgBoldIcon, LabelPairedUnlockLgFillIcon, LabelPairedUnlockLgRegularIcon, LabelPairedUnlockMdBoldIcon, LabelPairedUnlockMdFillIcon, LabelPairedUnlockMdRegularIcon, LabelPairedUnlockSmBoldIcon, LabelPairedUnlockSmFillIcon, LabelPairedUnlockSmRegularIcon, LabelPairedUnlockXlBoldIcon, LabelPairedUnlockXlFillIcon, LabelPairedUnlockXlRegularIcon, LabelPairedUserCaptionBoldIcon, LabelPairedUserCaptionFillIcon, LabelPairedUserCaptionRegularIcon, LabelPairedUserCheckCaptionBoldIcon, LabelPairedUserCheckCaptionFillIcon, LabelPairedUserCheckCaptionRegularIcon, LabelPairedUserCheckLgBoldIcon, LabelPairedUserCheckLgFillIcon, LabelPairedUserCheckLgRegularIcon, LabelPairedUserCheckMdBoldIcon, LabelPairedUserCheckMdFillIcon, LabelPairedUserCheckMdRegularIcon, LabelPairedUserCheckSmBoldIcon, LabelPairedUserCheckSmFillIcon, LabelPairedUserCheckSmRegularIcon, LabelPairedUserCheckXlBoldIcon, LabelPairedUserCheckXlFillIcon, LabelPairedUserCheckXlRegularIcon, LabelPairedUserLgBoldIcon, LabelPairedUserLgFillIcon, LabelPairedUserLgRegularIcon, LabelPairedUserMdBoldIcon, LabelPairedUserMdFillIcon, LabelPairedUserMdRegularIcon, LabelPairedUserMinusCaptionBoldIcon, LabelPairedUserMinusCaptionFillIcon, LabelPairedUserMinusCaptionRegularIcon, LabelPairedUserMinusLgBoldIcon, LabelPairedUserMinusLgFillIcon, LabelPairedUserMinusLgRegularIcon, LabelPairedUserMinusMdBoldIcon, LabelPairedUserMinusMdFillIcon, LabelPairedUserMinusMdRegularIcon, LabelPairedUserMinusSmBoldIcon, LabelPairedUserMinusSmFillIcon, LabelPairedUserMinusSmRegularIcon, LabelPairedUserMinusXlBoldIcon, LabelPairedUserMinusXlFillIcon, LabelPairedUserMinusXlRegularIcon, LabelPairedUserPlusCaptionBoldIcon, LabelPairedUserPlusCaptionFillIcon, LabelPairedUserPlusCaptionRegularIcon, LabelPairedUserPlusLgBoldIcon, LabelPairedUserPlusLgFillIcon, LabelPairedUserPlusLgRegularIcon, LabelPairedUserPlusMdBoldIcon, LabelPairedUserPlusMdFillIcon, LabelPairedUserPlusMdRegularIcon, LabelPairedUserPlusSmBoldIcon, LabelPairedUserPlusSmFillIcon, LabelPairedUserPlusSmRegularIcon, LabelPairedUserPlusXlBoldIcon, LabelPairedUserPlusXlFillIcon, LabelPairedUserPlusXlRegularIcon, LabelPairedUserSlashCaptionBoldIcon, LabelPairedUserSlashCaptionFillIcon, LabelPairedUserSlashCaptionRegularIcon, LabelPairedUserSlashLgBoldIcon, LabelPairedUserSlashLgFillIcon, LabelPairedUserSlashLgRegularIcon, LabelPairedUserSlashMdBoldIcon, LabelPairedUserSlashMdFillIcon, LabelPairedUserSlashMdRegularIcon, LabelPairedUserSlashSmBoldIcon, LabelPairedUserSlashSmFillIcon, LabelPairedUserSlashSmRegularIcon, LabelPairedUserSlashXlBoldIcon, LabelPairedUserSlashXlFillIcon, LabelPairedUserSlashXlRegularIcon, LabelPairedUserSmBoldIcon, LabelPairedUserSmFillIcon, LabelPairedUserSmRegularIcon, LabelPairedUserXlBoldIcon, LabelPairedUserXlFillIcon, LabelPairedUserXlRegularIcon, LabelPairedUsersCaptionBoldIcon, LabelPairedUsersCaptionFillIcon, LabelPairedUsersCaptionRegularIcon, LabelPairedUsersLgBoldIcon, LabelPairedUsersLgFillIcon, LabelPairedUsersLgRegularIcon, LabelPairedUsersMdBoldIcon, LabelPairedUsersMdFillIcon, LabelPairedUsersMdRegularIcon, LabelPairedUsersSmBoldIcon, LabelPairedUsersSmFillIcon, LabelPairedUsersSmRegularIcon, LabelPairedUsersXlBoldIcon, LabelPairedUsersXlFillIcon, LabelPairedUsersXlRegularIcon, LabelPairedVideoCaptionBoldIcon, LabelPairedVideoCaptionFillIcon, LabelPairedVideoCaptionRegularIcon, LabelPairedVideoLgBoldIcon, LabelPairedVideoLgFillIcon, LabelPairedVideoLgRegularIcon, LabelPairedVideoMdBoldIcon, LabelPairedVideoMdFillIcon, LabelPairedVideoMdRegularIcon, LabelPairedVideoSmBoldIcon, LabelPairedVideoSmFillIcon, LabelPairedVideoSmRegularIcon, LabelPairedVideoXlBoldIcon, LabelPairedVideoXlFillIcon, LabelPairedVideoXlRegularIcon, LabelPairedVolumeHighCaptionBoldIcon, LabelPairedVolumeHighCaptionFillIcon, LabelPairedVolumeHighCaptionRegularIcon, LabelPairedVolumeHighLgBoldIcon, LabelPairedVolumeHighLgFillIcon, LabelPairedVolumeHighLgRegularIcon, LabelPairedVolumeHighMdBoldIcon, LabelPairedVolumeHighMdFillIcon, LabelPairedVolumeHighMdRegularIcon, LabelPairedVolumeHighSmBoldIcon, LabelPairedVolumeHighSmFillIcon, LabelPairedVolumeHighSmRegularIcon, LabelPairedVolumeHighXlBoldIcon, LabelPairedVolumeHighXlFillIcon, LabelPairedVolumeHighXlRegularIcon, LabelPairedVolumeXmarkCaptionBoldIcon, LabelPairedVolumeXmarkCaptionFillIcon, LabelPairedVolumeXmarkCaptionRegularIcon, LabelPairedVolumeXmarkLgBoldIcon, LabelPairedVolumeXmarkLgFillIcon, LabelPairedVolumeXmarkLgRegularIcon, LabelPairedVolumeXmarkMdBoldIcon, LabelPairedVolumeXmarkMdFillIcon, LabelPairedVolumeXmarkMdRegularIcon, LabelPairedVolumeXmarkSmBoldIcon, LabelPairedVolumeXmarkSmFillIcon, LabelPairedVolumeXmarkSmRegularIcon, LabelPairedVolumeXmarkXlBoldIcon, LabelPairedVolumeXmarkXlFillIcon, LabelPairedVolumeXmarkXlRegularIcon, LabelPairedWalletCaptionBoldIcon, LabelPairedWalletCaptionFillIcon, LabelPairedWalletCaptionRegularIcon, LabelPairedWalletCircleMinusCaptionBoldIcon, LabelPairedWalletCircleMinusCaptionFillIcon, LabelPairedWalletCircleMinusCaptionRegularIcon, LabelPairedWalletCircleMinusLgBoldIcon, LabelPairedWalletCircleMinusLgFillIcon, LabelPairedWalletCircleMinusLgRegularIcon, LabelPairedWalletCircleMinusMdBoldIcon, LabelPairedWalletCircleMinusMdFillIcon, LabelPairedWalletCircleMinusMdRegularIcon, LabelPairedWalletCircleMinusSmBoldIcon, LabelPairedWalletCircleMinusSmFillIcon, LabelPairedWalletCircleMinusSmRegularIcon, LabelPairedWalletCircleMinusXlBoldIcon, LabelPairedWalletCircleMinusXlFillIcon, LabelPairedWalletCircleMinusXlRegularIcon, LabelPairedWalletCirclePlusCaptionBoldIcon, LabelPairedWalletCirclePlusCaptionFillIcon, LabelPairedWalletCirclePlusCaptionRegularIcon, LabelPairedWalletCirclePlusLgBoldIcon, LabelPairedWalletCirclePlusLgFillIcon, LabelPairedWalletCirclePlusLgRegularIcon, LabelPairedWalletCirclePlusMdBoldIcon, LabelPairedWalletCirclePlusMdFillIcon, LabelPairedWalletCirclePlusMdRegularIcon, LabelPairedWalletCirclePlusSmBoldIcon, LabelPairedWalletCirclePlusSmFillIcon, LabelPairedWalletCirclePlusSmRegularIcon, LabelPairedWalletCirclePlusXlBoldIcon, LabelPairedWalletCirclePlusXlFillIcon, LabelPairedWalletCirclePlusXlRegularIcon, LabelPairedWalletLgBoldIcon, LabelPairedWalletLgFillIcon, LabelPairedWalletLgRegularIcon, LabelPairedWalletMdBoldIcon, LabelPairedWalletMdFillIcon, LabelPairedWalletMdRegularIcon, LabelPairedWalletSignalCaptionBoldIcon, LabelPairedWalletSignalCaptionFillIcon, LabelPairedWalletSignalCaptionRegularIcon, LabelPairedWalletSignalLgBoldIcon, LabelPairedWalletSignalLgFillIcon, LabelPairedWalletSignalLgRegularIcon, LabelPairedWalletSignalMdBoldIcon, LabelPairedWalletSignalMdFillIcon, LabelPairedWalletSignalMdRegularIcon, LabelPairedWalletSignalSmBoldIcon, LabelPairedWalletSignalSmFillIcon, LabelPairedWalletSignalSmRegularIcon, LabelPairedWalletSignalXlBoldIcon, LabelPairedWalletSignalXlFillIcon, LabelPairedWalletSignalXlRegularIcon, LabelPairedWalletSmBoldIcon, LabelPairedWalletSmFillIcon, LabelPairedWalletSmRegularIcon, LabelPairedWalletXlBoldIcon, LabelPairedWalletXlFillIcon, LabelPairedWalletXlRegularIcon, LabelPairedWhatsappCaptionIcon, LabelPairedWhatsappLgIcon, LabelPairedWhatsappMdIcon, LabelPairedWhatsappSmIcon, LabelPairedWhatsappXlIcon, LabelPairedWifiCaptionBoldIcon, LabelPairedWifiCaptionFillIcon, LabelPairedWifiCaptionRegularIcon, LabelPairedWifiLgBoldIcon, LabelPairedWifiLgFillIcon, LabelPairedWifiLgRegularIcon, LabelPairedWifiMdBoldIcon, LabelPairedWifiMdFillIcon, LabelPairedWifiMdRegularIcon, LabelPairedWifiSmBoldIcon, LabelPairedWifiSmFillIcon, LabelPairedWifiSmRegularIcon, LabelPairedWifiXlBoldIcon, LabelPairedWifiXlFillIcon, LabelPairedWifiXlRegularIcon, LabelPairedWindowMaximizeCaptionBoldIcon, LabelPairedWindowMaximizeCaptionFillIcon, LabelPairedWindowMaximizeCaptionRegularIcon, LabelPairedWindowMaximizeLgBoldIcon, LabelPairedWindowMaximizeLgFillIcon, LabelPairedWindowMaximizeLgRegularIcon, LabelPairedWindowMaximizeMdBoldIcon, LabelPairedWindowMaximizeMdFillIcon, LabelPairedWindowMaximizeMdRegularIcon, LabelPairedWindowMaximizeSmBoldIcon, LabelPairedWindowMaximizeSmFillIcon, LabelPairedWindowMaximizeSmRegularIcon, LabelPairedWindowMaximizeXlBoldIcon, LabelPairedWindowMaximizeXlFillIcon, LabelPairedWindowMaximizeXlRegularIcon, LabelPairedWindowMinimizeCaptionBoldIcon, LabelPairedWindowMinimizeCaptionFillIcon, LabelPairedWindowMinimizeCaptionRegularIcon, LabelPairedWindowMinimizeLgBoldIcon, LabelPairedWindowMinimizeLgFillIcon, LabelPairedWindowMinimizeLgRegularIcon, LabelPairedWindowMinimizeMdBoldIcon, LabelPairedWindowMinimizeMdFillIcon, LabelPairedWindowMinimizeMdRegularIcon, LabelPairedWindowMinimizeSmBoldIcon, LabelPairedWindowMinimizeSmFillIcon, LabelPairedWindowMinimizeSmRegularIcon, LabelPairedWindowMinimizeXlBoldIcon, LabelPairedWindowMinimizeXlFillIcon, LabelPairedWindowMinimizeXlRegularIcon, LabelPairedWindowsCaptionIcon, LabelPairedWindowsLgIcon, LabelPairedWindowsMdIcon, LabelPairedWindowsSmIcon, LabelPairedWindowsXlIcon, LabelPairedXTwitterCaptionIcon, LabelPairedXTwitterLgIcon, LabelPairedXTwitterMdIcon, LabelPairedXTwitterSmIcon, LabelPairedXTwitterXlIcon, LabelPairedXmarkCaptionBoldIcon, LabelPairedXmarkCaptionFillIcon, LabelPairedXmarkCaptionRegularIcon, LabelPairedXmarkLgBoldIcon, LabelPairedXmarkLgFillIcon, LabelPairedXmarkLgRegularIcon, LabelPairedXmarkMdBoldIcon, LabelPairedXmarkMdFillIcon, LabelPairedXmarkMdRegularIcon, LabelPairedXmarkSmBoldIcon, LabelPairedXmarkSmFillIcon, LabelPairedXmarkSmRegularIcon, LabelPairedXmarkXlBoldIcon, LabelPairedXmarkXlFillIcon, LabelPairedXmarkXlRegularIcon, LabelPairedYoutubeCaptionIcon, LabelPairedYoutubeLgIcon, LabelPairedYoutubeMdIcon, LabelPairedYoutubeSmIcon, LabelPairedYoutubeXlIcon, LabelPairedZeroCaptionBoldIcon, LabelPairedZeroCaptionFillIcon, LabelPairedZeroCaptionRegularIcon, LabelPairedZeroLgBoldIcon, LabelPairedZeroLgFillIcon, LabelPairedZeroLgRegularIcon, LabelPairedZeroMdBoldIcon, LabelPairedZeroMdFillIcon, LabelPairedZeroMdRegularIcon, LabelPairedZeroSmBoldIcon, LabelPairedZeroSmFillIcon, LabelPairedZeroSmRegularIcon, LabelPairedZeroXlBoldIcon, LabelPairedZeroXlFillIcon, LabelPairedZeroXlRegularIcon)
     ╭─[408:67]
 406 │                                         label: /*#__PURE__*/ _jsxs(_Fragment, {
 407 │                                             children: [
 408 │                                                 /*#__PURE__*/ _jsx(LabelPairedCalculatorCaptionRegularIcon, {
     ·                                                                    ───────────────────────────────────────
 409 │                                                     height: "24px",
 410 │                                                     width: "24px",
     ╰────
[2mImport traces (entry → error):
  ./src/main.tsx
  ./src/app/AuthWrapper.tsx
  ./src/app/App.tsx
  ./src/app/app-root.tsx
  ./src/app/app-content.jsx
  ./src/pages/main/index.ts
  ./src/pages/main/main.tsx [1m[31m×[39m[22m[2m[22m

error   build failed in [1m10.6[22m s
error   Rspack build failed.
    at file:///C:/Users/user/Desktop/derivsite/DDBOt-master/node_modules/@rsbuild/core/dist/131.js:4068:141
    at C:\Users\user\Desktop\derivsite\DDBOt-master\node_modules\@rspack\core\dist\index.js:8095:46
    at C:\Users\user\Desktop\derivsite\DDBOt-master\node_modules\@rspack\core\dist\index.js:6981:113
    at done (C:\Users\user\Desktop\derivsite\DDBOt-master\node_modules\@rspack\lite-tapable\dist\index.cjs:373:13)
    at AsyncParallelHook.callAsyncStageRange (C:\Users\user\Desktop\derivsite\DDBOt-master\node_modules\@rspack\lite-tapable\dist\index.cjs:379:46)
    at AsyncParallelHook.callAsync (C:\Users\user\Desktop\derivsite\DDBOt-master\node_modules\@rspack\lite-tapable\dist\index.cjs:101:21)
    at Cache.shutdown (C:\Users\user\Desktop\derivsite\DDBOt-master\node_modules\@rspack\core\dist\index.js:7034:33)
    at C:\Users\user\Desktop\derivsite\DDBOt-master\node_modules\@rspack\core\dist\index.js:8094:28
    at done (C:\Users\user\Desktop\derivsite\DDBOt-master\node_modules\@rspack\lite-tapable\dist\index.cjs:426:13)
    at next (C:\Users\user\Desktop\derivsite\DDBOt-master\node_modules\@rspack\lite-tapable\dist\index.cjs:469:55)
